Archive member included to satisfy reference by file (symbol)

c:/intelfpga/18.1/nios2eds/bin/gnu/h-x86_64-mingw32/bin/../lib/gcc/nios2-elf/5.3.0/../../../../../H-x86_64-mingw32/nios2-elf/lib/mno-hw-mul\libsmallc.a(lib_a-memset.o)
                              obj/default/main.o (memset)
../C10GX_SoM_Max10_bsp/\libhal_bsp.a(alt_load.o)
                              ../C10GX_SoM_Max10_bsp//obj/HAL/src/crt0.o (alt_load)
../C10GX_SoM_Max10_bsp/\libhal_bsp.a(alt_main.o)
                              ../C10GX_SoM_Max10_bsp//obj/HAL/src/crt0.o (alt_main)
../C10GX_SoM_Max10_bsp/\libhal_bsp.a(alt_putstr.o)
                              obj/default/main.o (alt_putstr)
../C10GX_SoM_Max10_bsp/\libhal_bsp.a(alt_usleep.o)
                              obj/default/main.o (usleep)
../C10GX_SoM_Max10_bsp/\libhal_bsp.a(alt_sys_init.o)
                              ../C10GX_SoM_Max10_bsp/\libhal_bsp.a(alt_main.o) (alt_irq_init)
../C10GX_SoM_Max10_bsp/\libhal_bsp.a(altera_avalon_i2c.o)
                              obj/default/main.o (alt_avalon_i2c_open)
../C10GX_SoM_Max10_bsp/\libhal_bsp.a(altera_avalon_jtag_uart_write.o)
                              ../C10GX_SoM_Max10_bsp/\libhal_bsp.a(alt_putstr.o) (altera_avalon_jtag_uart_write)
../C10GX_SoM_Max10_bsp/\libhal_bsp.a(alt_busy_sleep.o)
                              ../C10GX_SoM_Max10_bsp/\libhal_bsp.a(alt_usleep.o) (alt_busy_sleep)
../C10GX_SoM_Max10_bsp/\libhal_bsp.a(alt_dcache_flush_all.o)
                              ../C10GX_SoM_Max10_bsp/\libhal_bsp.a(alt_load.o) (alt_dcache_flush_all)
../C10GX_SoM_Max10_bsp/\libhal_bsp.a(alt_dev_llist_insert.o)
                              ../C10GX_SoM_Max10_bsp/\libhal_bsp.a(altera_avalon_i2c.o) (alt_dev_llist_insert)
../C10GX_SoM_Max10_bsp/\libhal_bsp.a(alt_errno.o)
                              ../C10GX_SoM_Max10_bsp/\libhal_bsp.a(alt_dev_llist_insert.o) (alt_errno)
../C10GX_SoM_Max10_bsp/\libhal_bsp.a(alt_find_dev.o)
                              ../C10GX_SoM_Max10_bsp/\libhal_bsp.a(altera_avalon_i2c.o) (alt_find_dev)
../C10GX_SoM_Max10_bsp/\libhal_bsp.a(alt_icache_flush_all.o)
                              ../C10GX_SoM_Max10_bsp/\libhal_bsp.a(alt_load.o) (alt_icache_flush_all)
../C10GX_SoM_Max10_bsp/\libhal_bsp.a(alt_iic.o)
                              ../C10GX_SoM_Max10_bsp/\libhal_bsp.a(altera_avalon_i2c.o) (alt_ic_isr_register)
../C10GX_SoM_Max10_bsp/\libhal_bsp.a(alt_iic_isr_register.o)
                              ../C10GX_SoM_Max10_bsp/\libhal_bsp.a(alt_iic.o) (alt_iic_isr_register)
../C10GX_SoM_Max10_bsp/\libhal_bsp.a(alt_irq_entry.o)
                              ../C10GX_SoM_Max10_bsp/\libhal_bsp.a(alt_iic_isr_register.o) (alt_irq_entry)
../C10GX_SoM_Max10_bsp/\libhal_bsp.a(alt_irq_handler.o)
                              ../C10GX_SoM_Max10_bsp/\libhal_bsp.a(alt_iic_isr_register.o) (alt_irq_handler)
../C10GX_SoM_Max10_bsp/\libhal_bsp.a(alt_irq_vars.o)
                              ../C10GX_SoM_Max10_bsp/\libhal_bsp.a(alt_iic.o) (alt_irq_active)
../C10GX_SoM_Max10_bsp/\libhal_bsp.a(altera_nios2_gen2_irq.o)
                              ../C10GX_SoM_Max10_bsp/\libhal_bsp.a(alt_sys_init.o) (altera_nios2_gen2_irq_init)
../C10GX_SoM_Max10_bsp/\libhal_bsp.a(alt_exception_entry.o)
                              ../C10GX_SoM_Max10_bsp/\libhal_bsp.a(alt_irq_entry.o) (alt_exception)
../C10GX_SoM_Max10_bsp/\libhal_bsp.a(alt_instruction_exception_entry.o)
                              ../C10GX_SoM_Max10_bsp/\libhal_bsp.a(alt_exception_entry.o) (alt_instruction_exception_entry)
c:/intelfpga/18.1/nios2eds/bin/gnu/h-x86_64-mingw32/bin/../lib/gcc/nios2-elf/5.3.0/../../../../../H-x86_64-mingw32/nios2-elf/lib/mno-hw-mul\libsmallc.a(lib_a-int_errno.o)
                              ../C10GX_SoM_Max10_bsp/\libhal_bsp.a(alt_dev_llist_insert.o) (errno)
c:/intelfpga/18.1/nios2eds/bin/gnu/h-x86_64-mingw32/bin/../lib/gcc/nios2-elf/5.3.0/../../../../../H-x86_64-mingw32/nios2-elf/lib/mno-hw-mul\libsmallc.a(lib_a-memcmp.o)
                              ../C10GX_SoM_Max10_bsp/\libhal_bsp.a(alt_find_dev.o) (memcmp)
c:/intelfpga/18.1/nios2eds/bin/gnu/h-x86_64-mingw32/bin/../lib/gcc/nios2-elf/5.3.0/../../../../../H-x86_64-mingw32/nios2-elf/lib/mno-hw-mul\libsmallc.a(lib_a-strlen.o)
                              ../C10GX_SoM_Max10_bsp/\libhal_bsp.a(alt_putstr.o) (strlen)
c:/intelfpga/18.1/nios2eds/bin/gnu/h-x86_64-mingw32/bin/../lib/gcc/nios2-elf/5.3.0/mno-hw-mul\libgcc.a(lib2-divmod.o)
                              ../C10GX_SoM_Max10_bsp/\libhal_bsp.a(altera_avalon_i2c.o) (__udivsi3)
c:/intelfpga/18.1/nios2eds/bin/gnu/h-x86_64-mingw32/bin/../lib/gcc/nios2-elf/5.3.0/mno-hw-mul\libgcc.a(lib2-mul.o)
                              ../C10GX_SoM_Max10_bsp/\libhal_bsp.a(altera_avalon_i2c.o) (__mulsi3)

Allocating common symbols
Common symbol       size              file

alt_irq             0x100             ../C10GX_SoM_Max10_bsp/\libhal_bsp.a(alt_irq_handler.o)
errno               0x4               c:/intelfpga/18.1/nios2eds/bin/gnu/h-x86_64-mingw32/bin/../lib/gcc/nios2-elf/5.3.0/../../../../../H-x86_64-mingw32/nios2-elf/lib/mno-hw-mul\libsmallc.a(lib_a-int_errno.o)

Memory Configuration

Name             Origin             Length             Attributes
reset            0x0000000000008000 0x0000000000000020
ram              0x0000000000008020 0x0000000000007fe0
*default*        0x0000000000000000 0xffffffffffffffff

Linker script and memory map

LOAD ../C10GX_SoM_Max10_bsp//obj/HAL/src/crt0.o
LOAD obj/default/main.o
LOAD c:/intelfpga/18.1/nios2eds/bin/gnu/h-x86_64-mingw32/bin/../lib/gcc/nios2-elf/5.3.0/../../../../../H-x86_64-mingw32/nios2-elf/lib/mno-hw-mul\libstdc++.a
LOAD c:/intelfpga/18.1/nios2eds/bin/gnu/h-x86_64-mingw32/bin/../lib/gcc/nios2-elf/5.3.0/../../../../../H-x86_64-mingw32/nios2-elf/lib/mno-hw-mul\libm.a
LOAD c:/intelfpga/18.1/nios2eds/bin/gnu/h-x86_64-mingw32/bin/../lib/gcc/nios2-elf/5.3.0/mno-hw-mul\libgcc.a
START GROUP
LOAD c:/intelfpga/18.1/nios2eds/bin/gnu/h-x86_64-mingw32/bin/../lib/gcc/nios2-elf/5.3.0/../../../../../H-x86_64-mingw32/nios2-elf/lib/mno-hw-mul\libsmallc.a
LOAD c:/intelfpga/18.1/nios2eds/bin/gnu/h-x86_64-mingw32/bin/../lib/gcc/nios2-elf/5.3.0/mno-hw-mul\libgcc.a
LOAD ../C10GX_SoM_Max10_bsp/\libhal_bsp.a
LOAD c:/intelfpga/18.1/nios2eds/bin/gnu/h-x86_64-mingw32/bin/../lib/gcc/nios2-elf/5.3.0/../../../../../H-x86_64-mingw32/nios2-elf/lib/mno-hw-mul\libm.a
END GROUP
LOAD c:/intelfpga/18.1/nios2eds/bin/gnu/h-x86_64-mingw32/bin/../lib/gcc/nios2-elf/5.3.0/mno-hw-mul\libgcc.a
                0x0000000000008000                __alt_mem_ram = 0x8000

.entry          0x0000000000008000       0x20
 *(.entry)
 .entry         0x0000000000008000       0x20 ../C10GX_SoM_Max10_bsp//obj/HAL/src/crt0.o
                0x0000000000008000                __reset
                0x000000000000800c                _exit

.exceptions     0x0000000000008020      0x160
                0x0000000000008020                PROVIDE (__ram_exceptions_start, ABSOLUTE (.))
                0x0000000000008020                . = ALIGN (0x20)
 *(.irq)
 *(.exceptions.entry.label)
 .exceptions.entry.label
                0x0000000000008020        0x0 ../C10GX_SoM_Max10_bsp/\libhal_bsp.a(alt_irq_entry.o)
                0x0000000000008020                alt_irq_entry
 .exceptions.entry.label
                0x0000000000008020        0x0 ../C10GX_SoM_Max10_bsp/\libhal_bsp.a(alt_exception_entry.o)
                0x0000000000008020                alt_exception
 *(.exceptions.entry.user)
 *(.exceptions.entry.ecc_fatal)
 *(.exceptions.entry)
 .exceptions.entry
                0x0000000000008020       0x54 ../C10GX_SoM_Max10_bsp/\libhal_bsp.a(alt_exception_entry.o)
 *(.exceptions.irqtest.user)
 *(.exceptions.irqtest)
 .exceptions.irqtest
                0x0000000000008074       0x10 ../C10GX_SoM_Max10_bsp/\libhal_bsp.a(alt_irq_entry.o)
 *(.exceptions.irqhandler.user)
 *(.exceptions.irqhandler)
 .exceptions.irqhandler
                0x0000000000008084        0x4 ../C10GX_SoM_Max10_bsp/\libhal_bsp.a(alt_irq_entry.o)
 *(.exceptions.irqreturn.user)
 *(.exceptions.irqreturn)
 .exceptions.irqreturn
                0x0000000000008088        0x4 ../C10GX_SoM_Max10_bsp/\libhal_bsp.a(alt_irq_entry.o)
 *(.exceptions.notirq.label)
 .exceptions.notirq.label
                0x000000000000808c        0x0 ../C10GX_SoM_Max10_bsp/\libhal_bsp.a(alt_irq_entry.o)
 *(.exceptions.notirq.user)
 *(.exceptions.notirq)
 .exceptions.notirq
                0x000000000000808c        0x8 ../C10GX_SoM_Max10_bsp/\libhal_bsp.a(alt_exception_entry.o)
 *(.exceptions.soft.user)
 *(.exceptions.soft)
 *(.exceptions.unknown.user)
 *(.exceptions.unknown)
 .exceptions.unknown
                0x0000000000008094       0x14 ../C10GX_SoM_Max10_bsp/\libhal_bsp.a(alt_exception_entry.o)
 *(.exceptions.exit.label)
 .exceptions.exit.label
                0x00000000000080a8        0x0 ../C10GX_SoM_Max10_bsp/\libhal_bsp.a(alt_irq_entry.o)
 .exceptions.exit.label
                0x00000000000080a8        0x0 ../C10GX_SoM_Max10_bsp/\libhal_bsp.a(alt_exception_entry.o)
 *(.exceptions.exit.user)
 *(.exceptions.exit)
 .exceptions.exit
                0x00000000000080a8       0x54 ../C10GX_SoM_Max10_bsp/\libhal_bsp.a(alt_exception_entry.o)
 *(.exceptions)
 .exceptions    0x00000000000080fc       0x60 ../C10GX_SoM_Max10_bsp/\libhal_bsp.a(alt_irq_handler.o)
                0x00000000000080fc                alt_irq_handler
 .exceptions    0x000000000000815c       0x24 ../C10GX_SoM_Max10_bsp/\libhal_bsp.a(alt_instruction_exception_entry.o)
                0x000000000000815c                alt_instruction_exception_entry
                0x0000000000008180                PROVIDE (__ram_exceptions_end, ABSOLUTE (.))
                0x0000000000008020                PROVIDE (__flash_exceptions_start, LOADADDR (.exceptions))

.text           0x0000000000008180     0x1be0
                [!provide]                        PROVIDE (stext, ABSOLUTE (.))
 *(.interp)
 *(.hash)
 *(.dynsym)
 *(.dynstr)
 *(.gnu.version)
 *(.gnu.version_d)
 *(.gnu.version_r)
 *(.rel.init)
 *(.rela.init)
 *(.rel.text .rel.text.* .rel.gnu.linkonce.t.*)
 *(.rela.text .rela.text.* .rela.gnu.linkonce.t.*)
 *(.rel.fini)
 *(.rela.fini)
 *(.rel.rodata .rel.rodata.* .rel.gnu.linkonce.r.*)
 *(.rela.rodata .rela.rodata.* .rela.gnu.linkonce.r.*)
 *(.rel.data .rel.data.* .rel.gnu.linkonce.d.*)
 *(.rela.data .rela.data.* .rela.gnu.linkonce.d.*)
 *(.rel.tdata .rel.tdata.* .rel.gnu.linkonce.td.*)
 *(.rela.tdata .rela.tdata.* .rela.gnu.linkonce.td.*)
 *(.rel.tbss .rel.tbss.* .rel.gnu.linkonce.tb.*)
 *(.rela.tbss .rela.tbss.* .rela.gnu.linkonce.tb.*)
 *(.rel.ctors)
 *(.rela.ctors)
 *(.rel.dtors)
 *(.rela.dtors)
 *(.rel.got)
 *(.rela.got)
 *(.rel.sdata .rel.sdata.* .rel.gnu.linkonce.s.*)
 *(.rela.sdata .rela.sdata.* .rela.gnu.linkonce.s.*)
 *(.rel.sbss .rel.sbss.* .rel.gnu.linkonce.sb.*)
 *(.rela.sbss .rela.sbss.* .rela.gnu.linkonce.sb.*)
 *(.rel.sdata2 .rel.sdata2.* .rel.gnu.linkonce.s2.*)
 *(.rela.sdata2 .rela.sdata2.* .rela.gnu.linkonce.s2.*)
 *(.rel.sbss2 .rel.sbss2.* .rel.gnu.linkonce.sb2.*)
 *(.rela.sbss2 .rela.sbss2.* .rela.gnu.linkonce.sb2.*)
 *(.rel.bss .rel.bss.* .rel.gnu.linkonce.b.*)
 *(.rela.bss .rela.bss.* .rela.gnu.linkonce.b.*)
 *(.rel.plt)
 *(.rela.plt)
 *(.rel.dyn)
 *(.init)
 *(.plt)
 *(.text .stub .text.* .gnu.linkonce.t.*)
 .text          0x0000000000008180       0x3c ../C10GX_SoM_Max10_bsp//obj/HAL/src/crt0.o
                0x0000000000008180                _start
 .text          0x00000000000081bc      0x38c obj/default/main.o
                0x00000000000081bc                set_register
                0x0000000000008270                get_register
                0x000000000000833c                i2c_init
                0x0000000000008420                main
 .text          0x0000000000008548        0x0 c:/intelfpga/18.1/nios2eds/bin/gnu/h-x86_64-mingw32/bin/../lib/gcc/nios2-elf/5.3.0/../../../../../H-x86_64-mingw32/nios2-elf/lib/mno-hw-mul\libsmallc.a(lib_a-memset.o)
 .text.memset   0x0000000000008548       0x20 c:/intelfpga/18.1/nios2eds/bin/gnu/h-x86_64-mingw32/bin/../lib/gcc/nios2-elf/5.3.0/../../../../../H-x86_64-mingw32/nios2-elf/lib/mno-hw-mul\libsmallc.a(lib_a-memset.o)
                0x0000000000008548                memset
 .text          0x0000000000008568       0xe0 ../C10GX_SoM_Max10_bsp/\libhal_bsp.a(alt_load.o)
                0x0000000000008568                alt_load
 .text          0x0000000000008648       0x2c ../C10GX_SoM_Max10_bsp/\libhal_bsp.a(alt_main.o)
                0x0000000000008648                alt_main
 .text          0x0000000000008674       0x38 ../C10GX_SoM_Max10_bsp/\libhal_bsp.a(alt_putstr.o)
                0x0000000000008674                alt_putstr
 .text          0x00000000000086ac        0x4 ../C10GX_SoM_Max10_bsp/\libhal_bsp.a(alt_usleep.o)
                0x00000000000086ac                usleep
 .text          0x00000000000086b0       0x2c ../C10GX_SoM_Max10_bsp/\libhal_bsp.a(alt_sys_init.o)
                0x00000000000086b0                alt_irq_init
                0x00000000000086d0                alt_sys_init
 .text          0x00000000000086dc     0x1158 ../C10GX_SoM_Max10_bsp/\libhal_bsp.a(altera_avalon_i2c.o)
                0x00000000000086dc                alt_avalon_i2c_register_optional_irq_handler
                0x00000000000086f8                alt_avalon_i2c_register_callback
                0x0000000000008708                alt_avalon_i2c_open
                0x0000000000008710                alt_avalon_i2c_enable
                0x0000000000008758                alt_avalon_i2c_disable
                0x0000000000008774                alt_avalon_i2c_master_config_get
                0x00000000000087b8                alt_avalon_i2c_master_config_set
                0x0000000000008810                alt_avalon_i2c_master_config_speed_get
                0x000000000000885c                alt_avalon_i2c_master_config_speed_set
                0x00000000000088e8                alt_avalon_i2c_is_busy
                0x00000000000088f8                alt_avalon_i2c_rx_read_available
                0x0000000000008930                alt_avalon_i2c_rx_read
                0x00000000000089b0                alt_avalon_i2c_master_target_get
                0x00000000000089bc                alt_avalon_i2c_master_target_set
                0x00000000000089c4                alt_avalon_i2c_check_nack
                0x00000000000089e0                alt_avalon_i2c_check_arblost
                0x00000000000089fc                alt_avalon_i2c_cmd_write
                0x0000000000008ac4                alt_avalon_i2c_send_address
                0x0000000000008b3c                alt_avalon_i2c_master_transmit
                0x0000000000008c80                alt_avalon_i2c_master_receive
                0x0000000000008e34                alt_avalon_i2c_int_status_get
                0x0000000000008e4c                alt_avalon_i2c_int_raw_status_get
                0x0000000000008e5c                alt_avalon_i2c_int_clear
                0x0000000000008e68                alt_avalon_i2c_enabled_ints_get
                0x0000000000008e7c                alt_avalon_i2c_int_disable
                0x0000000000008f28                alt_avalon_i2c_int_enable
                0x0000000000009028                alt_avalon_i2c_interrupt_transaction_status
                0x0000000000009114                alt_avalon_i2c_rx_fifo_threshold_get
                0x000000000000912c                alt_avalon_i2c_rx_fifo_threshold_set
                0x0000000000009154                alt_avalon_i2c_master_receive_using_interrupts
                0x00000000000092e0                alt_avalon_i2c_master_rx
                0x00000000000093c8                alt_avalon_i2c_tfr_cmd_fifo_threshold_get
                0x00000000000093e0                alt_avalon_i2c_tfr_cmd_fifo_threshold_set
                0x000000000000940c                alt_avalon_i2c_init
                0x00000000000094bc                alt_avalon_i2c_master_transmit_using_interrupts
                0x0000000000009638                alt_avalon_i2c_master_tx
                0x00000000000096fc                alt_avalon_i2c_master_tx_rx
 .text          0x0000000000009834       0x34 ../C10GX_SoM_Max10_bsp/\libhal_bsp.a(altera_avalon_jtag_uart_write.o)
                0x0000000000009834                altera_avalon_jtag_uart_write
 .text          0x0000000000009868       0x78 ../C10GX_SoM_Max10_bsp/\libhal_bsp.a(alt_busy_sleep.o)
                0x0000000000009868                alt_busy_sleep
 .text          0x00000000000098e0        0x4 ../C10GX_SoM_Max10_bsp/\libhal_bsp.a(alt_dcache_flush_all.o)
                0x00000000000098e0                alt_dcache_flush_all
 .text          0x00000000000098e4       0x6c ../C10GX_SoM_Max10_bsp/\libhal_bsp.a(alt_dev_llist_insert.o)
                0x00000000000098e4                alt_dev_llist_insert
 .text          0x0000000000009950        0x0 ../C10GX_SoM_Max10_bsp/\libhal_bsp.a(alt_errno.o)
 .text          0x0000000000009950       0x74 ../C10GX_SoM_Max10_bsp/\libhal_bsp.a(alt_find_dev.o)
                0x0000000000009950                alt_find_dev
 .text          0x00000000000099c4        0x4 ../C10GX_SoM_Max10_bsp/\libhal_bsp.a(alt_icache_flush_all.o)
                0x00000000000099c4                alt_icache_flush_all
 .text          0x00000000000099c8       0x8c ../C10GX_SoM_Max10_bsp/\libhal_bsp.a(alt_iic.o)
                0x00000000000099c8                alt_ic_isr_register
                0x00000000000099cc                alt_ic_irq_enable
                0x0000000000009a04                alt_ic_irq_disable
                0x0000000000009a3c                alt_ic_irq_enabled
 .text          0x0000000000009a54       0x68 ../C10GX_SoM_Max10_bsp/\libhal_bsp.a(alt_iic_isr_register.o)
                0x0000000000009a54                alt_iic_isr_register
 .text          0x0000000000009abc        0x0 ../C10GX_SoM_Max10_bsp/\libhal_bsp.a(alt_irq_entry.o)
 .text          0x0000000000009abc        0x0 ../C10GX_SoM_Max10_bsp/\libhal_bsp.a(alt_irq_handler.o)
 .text          0x0000000000009abc        0x0 ../C10GX_SoM_Max10_bsp/\libhal_bsp.a(alt_irq_vars.o)
 .text          0x0000000000009abc        0x8 ../C10GX_SoM_Max10_bsp/\libhal_bsp.a(altera_nios2_gen2_irq.o)
                0x0000000000009abc                altera_nios2_gen2_irq_init
 .text          0x0000000000009ac4        0x0 ../C10GX_SoM_Max10_bsp/\libhal_bsp.a(alt_exception_entry.o)
 .text          0x0000000000009ac4       0x74 ../C10GX_SoM_Max10_bsp/\libhal_bsp.a(alt_instruction_exception_entry.o)
                0x0000000000009ac4                alt_exception_cause_generated_bad_addr
 .text          0x0000000000009b38        0x0 c:/intelfpga/18.1/nios2eds/bin/gnu/h-x86_64-mingw32/bin/../lib/gcc/nios2-elf/5.3.0/../../../../../H-x86_64-mingw32/nios2-elf/lib/mno-hw-mul\libsmallc.a(lib_a-int_errno.o)
 .text          0x0000000000009b38        0x0 c:/intelfpga/18.1/nios2eds/bin/gnu/h-x86_64-mingw32/bin/../lib/gcc/nios2-elf/5.3.0/../../../../../H-x86_64-mingw32/nios2-elf/lib/mno-hw-mul\libsmallc.a(lib_a-memcmp.o)
 .text.memcmp   0x0000000000009b38       0x30 c:/intelfpga/18.1/nios2eds/bin/gnu/h-x86_64-mingw32/bin/../lib/gcc/nios2-elf/5.3.0/../../../../../H-x86_64-mingw32/nios2-elf/lib/mno-hw-mul\libsmallc.a(lib_a-memcmp.o)
                0x0000000000009b38                memcmp
 .text          0x0000000000009b68        0x0 c:/intelfpga/18.1/nios2eds/bin/gnu/h-x86_64-mingw32/bin/../lib/gcc/nios2-elf/5.3.0/../../../../../H-x86_64-mingw32/nios2-elf/lib/mno-hw-mul\libsmallc.a(lib_a-strlen.o)
 .text.strlen   0x0000000000009b68       0x1c c:/intelfpga/18.1/nios2eds/bin/gnu/h-x86_64-mingw32/bin/../lib/gcc/nios2-elf/5.3.0/../../../../../H-x86_64-mingw32/nios2-elf/lib/mno-hw-mul\libsmallc.a(lib_a-strlen.o)
                0x0000000000009b68                strlen
 .text          0x0000000000009b84      0x1b4 c:/intelfpga/18.1/nios2eds/bin/gnu/h-x86_64-mingw32/bin/../lib/gcc/nios2-elf/5.3.0/mno-hw-mul\libgcc.a(lib2-divmod.o)
                0x0000000000009b84                __divsi3
                0x0000000000009c08                __modsi3
                0x0000000000009c7c                __udivsi3
                0x0000000000009ce0                __umodsi3
 .text          0x0000000000009d38       0x28 c:/intelfpga/18.1/nios2eds/bin/gnu/h-x86_64-mingw32/bin/../lib/gcc/nios2-elf/5.3.0/mno-hw-mul\libgcc.a(lib2-mul.o)
                0x0000000000009d38                __mulsi3
 *(.gnu.warning.*)
 *(.fini)
                [!provide]                        PROVIDE (__etext, ABSOLUTE (.))
                [!provide]                        PROVIDE (_etext, ABSOLUTE (.))
                [!provide]                        PROVIDE (etext, ABSOLUTE (.))
 *(.eh_frame_hdr)
                0x0000000000009d60                . = ALIGN (0x4)
                [!provide]                        PROVIDE (__preinit_array_start, ABSOLUTE (.))
 *(.preinit_array)
                [!provide]                        PROVIDE (__preinit_array_end, ABSOLUTE (.))
                [!provide]                        PROVIDE (__init_array_start, ABSOLUTE (.))
 *(.init_array)
                [!provide]                        PROVIDE (__init_array_end, ABSOLUTE (.))
                [!provide]                        PROVIDE (__fini_array_start, ABSOLUTE (.))
 *(.fini_array)
                [!provide]                        PROVIDE (__fini_array_end, ABSOLUTE (.))
 *(.eh_frame)
 *(.gcc_except_table .gcc_except_table.*)
 *(.dynamic)
                [!provide]                        PROVIDE (__CTOR_LIST__, ABSOLUTE (.))
 *(.ctors)
 *(SORT(.ctors.*))
                [!provide]                        PROVIDE (__CTOR_END__, ABSOLUTE (.))
                [!provide]                        PROVIDE (__DTOR_LIST__, ABSOLUTE (.))
 *(.dtors)
 *(SORT(.dtors.*))
                [!provide]                        PROVIDE (__DTOR_END__, ABSOLUTE (.))
 *(.jcr)
                0x0000000000009d60                . = ALIGN (0x4)

.rodata         0x0000000000009d60     0x10c0
                0x0000000000009d60                PROVIDE (__ram_rodata_start, ABSOLUTE (.))
                0x0000000000009d60                . = ALIGN (0x4)
 *(.rodata .rodata.* .gnu.linkonce.r.*)
 .rodata        0x0000000000009d60     0x10b2 obj/default/main.o
                0x0000000000009d60                si5345_revd_registers
 *fill*         0x000000000000ae12        0x2 
 .rodata.str1.4
                0x000000000000ae14        0xc ../C10GX_SoM_Max10_bsp/\libhal_bsp.a(alt_sys_init.o)
                                          0x9 (size before relaxing)
 *(.rodata1)
                0x000000000000ae20                . = ALIGN (0x4)
                0x000000000000ae20                PROVIDE (__ram_rodata_end, ABSOLUTE (.))
                0x0000000000009d60                PROVIDE (__flash_rodata_start, LOADADDR (.rodata))

.rwdata         0x000000000000ae20       0x4c load address 0x000000000000ae6c
                0x000000000000ae20                PROVIDE (__ram_rwdata_start, ABSOLUTE (.))
                0x000000000000ae20                . = ALIGN (0x4)
 *(.got.plt)
 *(.got)
 *(.data1)
 *(.data .data.* .gnu.linkonce.d.*)
 .data          0x000000000000ae20        0x0 ../C10GX_SoM_Max10_bsp//obj/HAL/src/crt0.o
 .data          0x000000000000ae20        0x0 obj/default/main.o
 .data          0x000000000000ae20        0x0 c:/intelfpga/18.1/nios2eds/bin/gnu/h-x86_64-mingw32/bin/../lib/gcc/nios2-elf/5.3.0/../../../../../H-x86_64-mingw32/nios2-elf/lib/mno-hw-mul\libsmallc.a(lib_a-memset.o)
 .data          0x000000000000ae20        0x0 ../C10GX_SoM_Max10_bsp/\libhal_bsp.a(alt_load.o)
 .data          0x000000000000ae20        0x0 ../C10GX_SoM_Max10_bsp/\libhal_bsp.a(alt_main.o)
 .data          0x000000000000ae20        0x0 ../C10GX_SoM_Max10_bsp/\libhal_bsp.a(alt_putstr.o)
 .data          0x000000000000ae20        0x0 ../C10GX_SoM_Max10_bsp/\libhal_bsp.a(alt_usleep.o)
 .data          0x000000000000ae20       0x38 ../C10GX_SoM_Max10_bsp/\libhal_bsp.a(alt_sys_init.o)
 .data          0x000000000000ae58        0x0 ../C10GX_SoM_Max10_bsp/\libhal_bsp.a(altera_avalon_i2c.o)
 .data          0x000000000000ae58        0x0 ../C10GX_SoM_Max10_bsp/\libhal_bsp.a(altera_avalon_jtag_uart_write.o)
 .data          0x000000000000ae58        0x0 ../C10GX_SoM_Max10_bsp/\libhal_bsp.a(alt_busy_sleep.o)
 .data          0x000000000000ae58        0x0 ../C10GX_SoM_Max10_bsp/\libhal_bsp.a(alt_dcache_flush_all.o)
 .data          0x000000000000ae58        0x0 ../C10GX_SoM_Max10_bsp/\libhal_bsp.a(alt_dev_llist_insert.o)
 .data          0x000000000000ae58        0x0 ../C10GX_SoM_Max10_bsp/\libhal_bsp.a(alt_errno.o)
 .data          0x000000000000ae58        0x0 ../C10GX_SoM_Max10_bsp/\libhal_bsp.a(alt_find_dev.o)
 .data          0x000000000000ae58        0x0 ../C10GX_SoM_Max10_bsp/\libhal_bsp.a(alt_icache_flush_all.o)
 .data          0x000000000000ae58        0x0 ../C10GX_SoM_Max10_bsp/\libhal_bsp.a(alt_iic.o)
 .data          0x000000000000ae58        0x0 ../C10GX_SoM_Max10_bsp/\libhal_bsp.a(alt_iic_isr_register.o)
 .data          0x000000000000ae58        0x0 ../C10GX_SoM_Max10_bsp/\libhal_bsp.a(alt_irq_entry.o)
 .data          0x000000000000ae58        0x0 ../C10GX_SoM_Max10_bsp/\libhal_bsp.a(alt_irq_handler.o)
 .data          0x000000000000ae58        0x0 ../C10GX_SoM_Max10_bsp/\libhal_bsp.a(alt_irq_vars.o)
 .data          0x000000000000ae58        0x0 ../C10GX_SoM_Max10_bsp/\libhal_bsp.a(altera_nios2_gen2_irq.o)
 .data          0x000000000000ae58        0x0 ../C10GX_SoM_Max10_bsp/\libhal_bsp.a(alt_exception_entry.o)
 .data          0x000000000000ae58        0x0 ../C10GX_SoM_Max10_bsp/\libhal_bsp.a(alt_instruction_exception_entry.o)
 .data          0x000000000000ae58        0x0 c:/intelfpga/18.1/nios2eds/bin/gnu/h-x86_64-mingw32/bin/../lib/gcc/nios2-elf/5.3.0/../../../../../H-x86_64-mingw32/nios2-elf/lib/mno-hw-mul\libsmallc.a(lib_a-int_errno.o)
 .data          0x000000000000ae58        0x0 c:/intelfpga/18.1/nios2eds/bin/gnu/h-x86_64-mingw32/bin/../lib/gcc/nios2-elf/5.3.0/../../../../../H-x86_64-mingw32/nios2-elf/lib/mno-hw-mul\libsmallc.a(lib_a-memcmp.o)
 .data          0x000000000000ae58        0x0 c:/intelfpga/18.1/nios2eds/bin/gnu/h-x86_64-mingw32/bin/../lib/gcc/nios2-elf/5.3.0/../../../../../H-x86_64-mingw32/nios2-elf/lib/mno-hw-mul\libsmallc.a(lib_a-strlen.o)
 .data          0x000000000000ae58        0x0 c:/intelfpga/18.1/nios2eds/bin/gnu/h-x86_64-mingw32/bin/../lib/gcc/nios2-elf/5.3.0/mno-hw-mul\libgcc.a(lib2-divmod.o)
 .data          0x000000000000ae58        0x0 c:/intelfpga/18.1/nios2eds/bin/gnu/h-x86_64-mingw32/bin/../lib/gcc/nios2-elf/5.3.0/mno-hw-mul\libgcc.a(lib2-mul.o)
                0x0000000000012e58                _gp = ABSOLUTE ((. + 0x8000))
                [!provide]                        PROVIDE (gp, _gp)
 *(.rwdata .rwdata.*)
 *(.sdata .sdata.* .gnu.linkonce.s.*)
 .sdata         0x000000000000ae58        0x4 ../C10GX_SoM_Max10_bsp/\libhal_bsp.a(alt_sys_init.o)
                0x000000000000ae58                jtag
 .sdata         0x000000000000ae5c        0x8 ../C10GX_SoM_Max10_bsp/\libhal_bsp.a(altera_avalon_i2c.o)
                0x000000000000ae5c                alt_avalon_i2c_list
 .sdata         0x000000000000ae64        0x4 ../C10GX_SoM_Max10_bsp/\libhal_bsp.a(alt_errno.o)
                0x000000000000ae64                alt_errno
 .sdata         0x000000000000ae68        0x4 ../C10GX_SoM_Max10_bsp/\libhal_bsp.a(alt_irq_vars.o)
                0x000000000000ae68                alt_priority_mask
 *(.sdata2 .sdata2.* .gnu.linkonce.s2.*)
                0x000000000000ae6c                . = ALIGN (0x4)
                0x000000000000ae6c                _edata = ABSOLUTE (.)
                [!provide]                        PROVIDE (edata, ABSOLUTE (.))
                0x000000000000ae6c                PROVIDE (__ram_rwdata_end, ABSOLUTE (.))
                0x000000000000ae6c                PROVIDE (__flash_rwdata_start, LOADADDR (.rwdata))

.bss            0x000000000000aeb8      0x11c
                0x000000000000aeb8                __bss_start = ABSOLUTE (.)
                [!provide]                        PROVIDE (__sbss_start, ABSOLUTE (.))
                [!provide]                        PROVIDE (___sbss_start, ABSOLUTE (.))
 *(.dynsbss)
 *(.sbss .sbss.* .gnu.linkonce.sb.*)
 .sbss          0x000000000000aeb8        0x4 obj/default/main.o
                0x000000000000aeb8                i2c_dev
 .sbss          0x000000000000aebc        0xc ../C10GX_SoM_Max10_bsp/\libhal_bsp.a(alt_main.o)
                0x000000000000aebc                alt_envp
                0x000000000000aec0                alt_argv
                0x000000000000aec4                alt_argc
 .sbss          0x000000000000aec8        0x4 ../C10GX_SoM_Max10_bsp/\libhal_bsp.a(alt_irq_vars.o)
                0x000000000000aec8                alt_irq_active
 .sbss          0x000000000000aecc        0x4 ../C10GX_SoM_Max10_bsp/\libhal_bsp.a(alt_instruction_exception_entry.o)
                0x000000000000aecc                alt_instruction_exception_handler
 .sbss          0x000000000000aed0        0x4 c:/intelfpga/18.1/nios2eds/bin/gnu/h-x86_64-mingw32/bin/../lib/gcc/nios2-elf/5.3.0/../../../../../H-x86_64-mingw32/nios2-elf/lib/mno-hw-mul\libsmallc.a(lib_a-int_errno.o)
                0x000000000000aed0                errno
 *(.sbss2 .sbss2.* .gnu.linkonce.sb2.*)
 *(.scommon)
                [!provide]                        PROVIDE (__sbss_end, ABSOLUTE (.))
                [!provide]                        PROVIDE (___sbss_end, ABSOLUTE (.))
 *(.dynbss)
 *(.bss .bss.* .gnu.linkonce.b.*)
 .bss           0x000000000000aed4        0x0 ../C10GX_SoM_Max10_bsp//obj/HAL/src/crt0.o
 .bss           0x000000000000aed4        0x0 obj/default/main.o
 .bss           0x000000000000aed4        0x0 c:/intelfpga/18.1/nios2eds/bin/gnu/h-x86_64-mingw32/bin/../lib/gcc/nios2-elf/5.3.0/../../../../../H-x86_64-mingw32/nios2-elf/lib/mno-hw-mul\libsmallc.a(lib_a-memset.o)
 .bss           0x000000000000aed4        0x0 ../C10GX_SoM_Max10_bsp/\libhal_bsp.a(alt_load.o)
 .bss           0x000000000000aed4        0x0 ../C10GX_SoM_Max10_bsp/\libhal_bsp.a(alt_main.o)
 .bss           0x000000000000aed4        0x0 ../C10GX_SoM_Max10_bsp/\libhal_bsp.a(alt_putstr.o)
 .bss           0x000000000000aed4        0x0 ../C10GX_SoM_Max10_bsp/\libhal_bsp.a(alt_usleep.o)
 .bss           0x000000000000aed4        0x0 ../C10GX_SoM_Max10_bsp/\libhal_bsp.a(alt_sys_init.o)
 .bss           0x000000000000aed4        0x0 ../C10GX_SoM_Max10_bsp/\libhal_bsp.a(altera_avalon_i2c.o)
 .bss           0x000000000000aed4        0x0 ../C10GX_SoM_Max10_bsp/\libhal_bsp.a(altera_avalon_jtag_uart_write.o)
 .bss           0x000000000000aed4        0x0 ../C10GX_SoM_Max10_bsp/\libhal_bsp.a(alt_busy_sleep.o)
 .bss           0x000000000000aed4        0x0 ../C10GX_SoM_Max10_bsp/\libhal_bsp.a(alt_dcache_flush_all.o)
 .bss           0x000000000000aed4        0x0 ../C10GX_SoM_Max10_bsp/\libhal_bsp.a(alt_dev_llist_insert.o)
 .bss           0x000000000000aed4        0x0 ../C10GX_SoM_Max10_bsp/\libhal_bsp.a(alt_errno.o)
 .bss           0x000000000000aed4        0x0 ../C10GX_SoM_Max10_bsp/\libhal_bsp.a(alt_find_dev.o)
 .bss           0x000000000000aed4        0x0 ../C10GX_SoM_Max10_bsp/\libhal_bsp.a(alt_icache_flush_all.o)
 .bss           0x000000000000aed4        0x0 ../C10GX_SoM_Max10_bsp/\libhal_bsp.a(alt_iic.o)
 .bss           0x000000000000aed4        0x0 ../C10GX_SoM_Max10_bsp/\libhal_bsp.a(alt_iic_isr_register.o)
 .bss           0x000000000000aed4        0x0 ../C10GX_SoM_Max10_bsp/\libhal_bsp.a(alt_irq_entry.o)
 .bss           0x000000000000aed4        0x0 ../C10GX_SoM_Max10_bsp/\libhal_bsp.a(alt_irq_handler.o)
 .bss           0x000000000000aed4        0x0 ../C10GX_SoM_Max10_bsp/\libhal_bsp.a(alt_irq_vars.o)
 .bss           0x000000000000aed4        0x0 ../C10GX_SoM_Max10_bsp/\libhal_bsp.a(altera_nios2_gen2_irq.o)
 .bss           0x000000000000aed4        0x0 ../C10GX_SoM_Max10_bsp/\libhal_bsp.a(alt_exception_entry.o)
 .bss           0x000000000000aed4        0x0 ../C10GX_SoM_Max10_bsp/\libhal_bsp.a(alt_instruction_exception_entry.o)
 .bss           0x000000000000aed4        0x0 c:/intelfpga/18.1/nios2eds/bin/gnu/h-x86_64-mingw32/bin/../lib/gcc/nios2-elf/5.3.0/../../../../../H-x86_64-mingw32/nios2-elf/lib/mno-hw-mul\libsmallc.a(lib_a-int_errno.o)
 .bss           0x000000000000aed4        0x0 c:/intelfpga/18.1/nios2eds/bin/gnu/h-x86_64-mingw32/bin/../lib/gcc/nios2-elf/5.3.0/../../../../../H-x86_64-mingw32/nios2-elf/lib/mno-hw-mul\libsmallc.a(lib_a-memcmp.o)
 .bss           0x000000000000aed4        0x0 c:/intelfpga/18.1/nios2eds/bin/gnu/h-x86_64-mingw32/bin/../lib/gcc/nios2-elf/5.3.0/../../../../../H-x86_64-mingw32/nios2-elf/lib/mno-hw-mul\libsmallc.a(lib_a-strlen.o)
 .bss           0x000000000000aed4        0x0 c:/intelfpga/18.1/nios2eds/bin/gnu/h-x86_64-mingw32/bin/../lib/gcc/nios2-elf/5.3.0/mno-hw-mul\libgcc.a(lib2-divmod.o)
 .bss           0x000000000000aed4        0x0 c:/intelfpga/18.1/nios2eds/bin/gnu/h-x86_64-mingw32/bin/../lib/gcc/nios2-elf/5.3.0/mno-hw-mul\libgcc.a(lib2-mul.o)
 *(COMMON)
 COMMON         0x000000000000aed4      0x100 ../C10GX_SoM_Max10_bsp/\libhal_bsp.a(alt_irq_handler.o)
                0x000000000000aed4                alt_irq
                0x000000000000afd4                . = ALIGN (0x4)
                0x000000000000afd4                __bss_end = ABSOLUTE (.)

.ram            0x000000000000afd4        0x0
                [!provide]                        PROVIDE (_alt_partition_ram_start, ABSOLUTE (.))
 *(.ram .ram. ram.*)
                0x000000000000afd4                . = ALIGN (0x4)
                [!provide]                        PROVIDE (_alt_partition_ram_end, ABSOLUTE (.))
                0x000000000000afd4                _end = ABSOLUTE (.)
                0x000000000000afd4                end = ABSOLUTE (.)
                0x000000000000afd4                __alt_stack_base = ABSOLUTE (.)
                [!provide]                        PROVIDE (_alt_partition_ram_load_addr, LOADADDR (.ram))

.stab
 *(.stab)

.stabstr
 *(.stabstr)

.stab.excl
 *(.stab.excl)

.stab.exclstr
 *(.stab.exclstr)

.stab.index
 *(.stab.index)

.stab.indexstr
 *(.stab.indexstr)

.comment        0x0000000000000000       0x23
 *(.comment)
 .comment       0x0000000000000000       0x23 obj/default/main.o
                                         0x24 (size before relaxing)
 .comment       0x0000000000000023       0x24 c:/intelfpga/18.1/nios2eds/bin/gnu/h-x86_64-mingw32/bin/../lib/gcc/nios2-elf/5.3.0/../../../../../H-x86_64-mingw32/nios2-elf/lib/mno-hw-mul\libsmallc.a(lib_a-memset.o)
 .comment       0x0000000000000023       0x24 ../C10GX_SoM_Max10_bsp/\libhal_bsp.a(alt_load.o)
 .comment       0x0000000000000023       0x24 ../C10GX_SoM_Max10_bsp/\libhal_bsp.a(alt_main.o)
 .comment       0x0000000000000023       0x24 ../C10GX_SoM_Max10_bsp/\libhal_bsp.a(alt_putstr.o)
 .comment       0x0000000000000023       0x24 ../C10GX_SoM_Max10_bsp/\libhal_bsp.a(alt_usleep.o)
 .comment       0x0000000000000023       0x24 ../C10GX_SoM_Max10_bsp/\libhal_bsp.a(alt_sys_init.o)
 .comment       0x0000000000000023       0x24 ../C10GX_SoM_Max10_bsp/\libhal_bsp.a(altera_avalon_i2c.o)
 .comment       0x0000000000000023       0x24 ../C10GX_SoM_Max10_bsp/\libhal_bsp.a(altera_avalon_jtag_uart_write.o)
 .comment       0x0000000000000023       0x24 ../C10GX_SoM_Max10_bsp/\libhal_bsp.a(alt_busy_sleep.o)
 .comment       0x0000000000000023       0x24 ../C10GX_SoM_Max10_bsp/\libhal_bsp.a(alt_dcache_flush_all.o)
 .comment       0x0000000000000023       0x24 ../C10GX_SoM_Max10_bsp/\libhal_bsp.a(alt_dev_llist_insert.o)
 .comment       0x0000000000000023       0x24 ../C10GX_SoM_Max10_bsp/\libhal_bsp.a(alt_errno.o)
 .comment       0x0000000000000023       0x24 ../C10GX_SoM_Max10_bsp/\libhal_bsp.a(alt_find_dev.o)
 .comment       0x0000000000000023       0x24 ../C10GX_SoM_Max10_bsp/\libhal_bsp.a(alt_icache_flush_all.o)
 .comment       0x0000000000000023       0x24 ../C10GX_SoM_Max10_bsp/\libhal_bsp.a(alt_iic.o)
 .comment       0x0000000000000023       0x24 ../C10GX_SoM_Max10_bsp/\libhal_bsp.a(alt_iic_isr_register.o)
 .comment       0x0000000000000023       0x24 ../C10GX_SoM_Max10_bsp/\libhal_bsp.a(alt_irq_handler.o)
 .comment       0x0000000000000023       0x24 ../C10GX_SoM_Max10_bsp/\libhal_bsp.a(alt_irq_vars.o)
 .comment       0x0000000000000023       0x24 ../C10GX_SoM_Max10_bsp/\libhal_bsp.a(altera_nios2_gen2_irq.o)
 .comment       0x0000000000000023       0x24 ../C10GX_SoM_Max10_bsp/\libhal_bsp.a(alt_instruction_exception_entry.o)
 .comment       0x0000000000000023       0x24 c:/intelfpga/18.1/nios2eds/bin/gnu/h-x86_64-mingw32/bin/../lib/gcc/nios2-elf/5.3.0/../../../../../H-x86_64-mingw32/nios2-elf/lib/mno-hw-mul\libsmallc.a(lib_a-int_errno.o)
 .comment       0x0000000000000023       0x24 c:/intelfpga/18.1/nios2eds/bin/gnu/h-x86_64-mingw32/bin/../lib/gcc/nios2-elf/5.3.0/../../../../../H-x86_64-mingw32/nios2-elf/lib/mno-hw-mul\libsmallc.a(lib_a-memcmp.o)
 .comment       0x0000000000000023       0x24 c:/intelfpga/18.1/nios2eds/bin/gnu/h-x86_64-mingw32/bin/../lib/gcc/nios2-elf/5.3.0/../../../../../H-x86_64-mingw32/nios2-elf/lib/mno-hw-mul\libsmallc.a(lib_a-strlen.o)
 .comment       0x0000000000000023       0x24 c:/intelfpga/18.1/nios2eds/bin/gnu/h-x86_64-mingw32/bin/../lib/gcc/nios2-elf/5.3.0/mno-hw-mul\libgcc.a(lib2-divmod.o)
 .comment       0x0000000000000023       0x24 c:/intelfpga/18.1/nios2eds/bin/gnu/h-x86_64-mingw32/bin/../lib/gcc/nios2-elf/5.3.0/mno-hw-mul\libgcc.a(lib2-mul.o)

.debug
 *(.debug)

.line
 *(.line)

.debug_srcinfo
 *(.debug_srcinfo)

.debug_sfnames
 *(.debug_sfnames)

.debug_aranges  0x0000000000000000      0x3c0
 *(.debug_aranges)
 .debug_aranges
                0x0000000000000000       0x28 ../C10GX_SoM_Max10_bsp//obj/HAL/src/crt0.o
 .debug_aranges
                0x0000000000000028       0x20 obj/default/main.o
 .debug_aranges
                0x0000000000000048       0x20 c:/intelfpga/18.1/nios2eds/bin/gnu/h-x86_64-mingw32/bin/../lib/gcc/nios2-elf/5.3.0/../../../../../H-x86_64-mingw32/nios2-elf/lib/mno-hw-mul\libsmallc.a(lib_a-memset.o)
 .debug_aranges
                0x0000000000000068       0x20 ../C10GX_SoM_Max10_bsp/\libhal_bsp.a(alt_load.o)
 .debug_aranges
                0x0000000000000088       0x20 ../C10GX_SoM_Max10_bsp/\libhal_bsp.a(alt_main.o)
 .debug_aranges
                0x00000000000000a8       0x20 ../C10GX_SoM_Max10_bsp/\libhal_bsp.a(alt_putstr.o)
 .debug_aranges
                0x00000000000000c8       0x20 ../C10GX_SoM_Max10_bsp/\libhal_bsp.a(alt_usleep.o)
 .debug_aranges
                0x00000000000000e8       0x20 ../C10GX_SoM_Max10_bsp/\libhal_bsp.a(alt_sys_init.o)
 .debug_aranges
                0x0000000000000108       0x20 ../C10GX_SoM_Max10_bsp/\libhal_bsp.a(altera_avalon_i2c.o)
 .debug_aranges
                0x0000000000000128       0x20 ../C10GX_SoM_Max10_bsp/\libhal_bsp.a(altera_avalon_jtag_uart_write.o)
 .debug_aranges
                0x0000000000000148       0x20 ../C10GX_SoM_Max10_bsp/\libhal_bsp.a(alt_busy_sleep.o)
 .debug_aranges
                0x0000000000000168       0x20 ../C10GX_SoM_Max10_bsp/\libhal_bsp.a(alt_dcache_flush_all.o)
 .debug_aranges
                0x0000000000000188       0x20 ../C10GX_SoM_Max10_bsp/\libhal_bsp.a(alt_dev_llist_insert.o)
 .debug_aranges
                0x00000000000001a8       0x18 ../C10GX_SoM_Max10_bsp/\libhal_bsp.a(alt_errno.o)
 .debug_aranges
                0x00000000000001c0       0x20 ../C10GX_SoM_Max10_bsp/\libhal_bsp.a(alt_find_dev.o)
 .debug_aranges
                0x00000000000001e0       0x20 ../C10GX_SoM_Max10_bsp/\libhal_bsp.a(alt_icache_flush_all.o)
 .debug_aranges
                0x0000000000000200       0x20 ../C10GX_SoM_Max10_bsp/\libhal_bsp.a(alt_iic.o)
 .debug_aranges
                0x0000000000000220       0x20 ../C10GX_SoM_Max10_bsp/\libhal_bsp.a(alt_iic_isr_register.o)
 .debug_aranges
                0x0000000000000240       0x30 ../C10GX_SoM_Max10_bsp/\libhal_bsp.a(alt_irq_entry.o)
 .debug_aranges
                0x0000000000000270       0x20 ../C10GX_SoM_Max10_bsp/\libhal_bsp.a(alt_irq_handler.o)
 .debug_aranges
                0x0000000000000290       0x18 ../C10GX_SoM_Max10_bsp/\libhal_bsp.a(alt_irq_vars.o)
 .debug_aranges
                0x00000000000002a8       0x20 ../C10GX_SoM_Max10_bsp/\libhal_bsp.a(altera_nios2_gen2_irq.o)
 .debug_aranges
                0x00000000000002c8       0x38 ../C10GX_SoM_Max10_bsp/\libhal_bsp.a(alt_exception_entry.o)
 .debug_aranges
                0x0000000000000300       0x28 ../C10GX_SoM_Max10_bsp/\libhal_bsp.a(alt_instruction_exception_entry.o)
 .debug_aranges
                0x0000000000000328       0x18 c:/intelfpga/18.1/nios2eds/bin/gnu/h-x86_64-mingw32/bin/../lib/gcc/nios2-elf/5.3.0/../../../../../H-x86_64-mingw32/nios2-elf/lib/mno-hw-mul\libsmallc.a(lib_a-int_errno.o)
 .debug_aranges
                0x0000000000000340       0x20 c:/intelfpga/18.1/nios2eds/bin/gnu/h-x86_64-mingw32/bin/../lib/gcc/nios2-elf/5.3.0/../../../../../H-x86_64-mingw32/nios2-elf/lib/mno-hw-mul\libsmallc.a(lib_a-memcmp.o)
 .debug_aranges
                0x0000000000000360       0x20 c:/intelfpga/18.1/nios2eds/bin/gnu/h-x86_64-mingw32/bin/../lib/gcc/nios2-elf/5.3.0/../../../../../H-x86_64-mingw32/nios2-elf/lib/mno-hw-mul\libsmallc.a(lib_a-strlen.o)
 .debug_aranges
                0x0000000000000380       0x20 c:/intelfpga/18.1/nios2eds/bin/gnu/h-x86_64-mingw32/bin/../lib/gcc/nios2-elf/5.3.0/mno-hw-mul\libgcc.a(lib2-divmod.o)
 .debug_aranges
                0x00000000000003a0       0x20 c:/intelfpga/18.1/nios2eds/bin/gnu/h-x86_64-mingw32/bin/../lib/gcc/nios2-elf/5.3.0/mno-hw-mul\libgcc.a(lib2-mul.o)

.debug_pubnames
 *(.debug_pubnames)

.debug_info     0x0000000000000000     0x46b9
 *(.debug_info .gnu.linkonce.wi.*)
 .debug_info    0x0000000000000000       0x79 ../C10GX_SoM_Max10_bsp//obj/HAL/src/crt0.o
 .debug_info    0x0000000000000079      0x710 obj/default/main.o
 .debug_info    0x0000000000000789       0xdc c:/intelfpga/18.1/nios2eds/bin/gnu/h-x86_64-mingw32/bin/../lib/gcc/nios2-elf/5.3.0/../../../../../H-x86_64-mingw32/nios2-elf/lib/mno-hw-mul\libsmallc.a(lib_a-memset.o)
 .debug_info    0x0000000000000865      0x1c9 ../C10GX_SoM_Max10_bsp/\libhal_bsp.a(alt_load.o)
 .debug_info    0x0000000000000a2e      0x169 ../C10GX_SoM_Max10_bsp/\libhal_bsp.a(alt_main.o)
 .debug_info    0x0000000000000b97      0x13a ../C10GX_SoM_Max10_bsp/\libhal_bsp.a(alt_putstr.o)
 .debug_info    0x0000000000000cd1       0xd1 ../C10GX_SoM_Max10_bsp/\libhal_bsp.a(alt_usleep.o)
 .debug_info    0x0000000000000da2      0x2c4 ../C10GX_SoM_Max10_bsp/\libhal_bsp.a(alt_sys_init.o)
 .debug_info    0x0000000000001066     0x1c18 ../C10GX_SoM_Max10_bsp/\libhal_bsp.a(altera_avalon_i2c.o)
 .debug_info    0x0000000000002c7e      0x197 ../C10GX_SoM_Max10_bsp/\libhal_bsp.a(altera_avalon_jtag_uart_write.o)
 .debug_info    0x0000000000002e15       0xd8 ../C10GX_SoM_Max10_bsp/\libhal_bsp.a(alt_busy_sleep.o)
 .debug_info    0x0000000000002eed       0x92 ../C10GX_SoM_Max10_bsp/\libhal_bsp.a(alt_dcache_flush_all.o)
 .debug_info    0x0000000000002f7f      0x1b3 ../C10GX_SoM_Max10_bsp/\libhal_bsp.a(alt_dev_llist_insert.o)
 .debug_info    0x0000000000003132       0xa6 ../C10GX_SoM_Max10_bsp/\libhal_bsp.a(alt_errno.o)
 .debug_info    0x00000000000031d8      0x32d ../C10GX_SoM_Max10_bsp/\libhal_bsp.a(alt_find_dev.o)
 .debug_info    0x0000000000003505       0x92 ../C10GX_SoM_Max10_bsp/\libhal_bsp.a(alt_icache_flush_all.o)
 .debug_info    0x0000000000003597      0x38a ../C10GX_SoM_Max10_bsp/\libhal_bsp.a(alt_iic.o)
 .debug_info    0x0000000000003921      0x232 ../C10GX_SoM_Max10_bsp/\libhal_bsp.a(alt_iic_isr_register.o)
 .debug_info    0x0000000000003b53       0x82 ../C10GX_SoM_Max10_bsp/\libhal_bsp.a(alt_irq_entry.o)
 .debug_info    0x0000000000003bd5      0x184 ../C10GX_SoM_Max10_bsp/\libhal_bsp.a(alt_irq_handler.o)
 .debug_info    0x0000000000003d59       0x88 ../C10GX_SoM_Max10_bsp/\libhal_bsp.a(alt_irq_vars.o)
 .debug_info    0x0000000000003de1       0x92 ../C10GX_SoM_Max10_bsp/\libhal_bsp.a(altera_nios2_gen2_irq.o)
 .debug_info    0x0000000000003e73       0x88 ../C10GX_SoM_Max10_bsp/\libhal_bsp.a(alt_exception_entry.o)
 .debug_info    0x0000000000003efb      0x1fd ../C10GX_SoM_Max10_bsp/\libhal_bsp.a(alt_instruction_exception_entry.o)
 .debug_info    0x00000000000040f8       0x8a c:/intelfpga/18.1/nios2eds/bin/gnu/h-x86_64-mingw32/bin/../lib/gcc/nios2-elf/5.3.0/../../../../../H-x86_64-mingw32/nios2-elf/lib/mno-hw-mul\libsmallc.a(lib_a-int_errno.o)
 .debug_info    0x0000000000004182       0xf4 c:/intelfpga/18.1/nios2eds/bin/gnu/h-x86_64-mingw32/bin/../lib/gcc/nios2-elf/5.3.0/../../../../../H-x86_64-mingw32/nios2-elf/lib/mno-hw-mul\libsmallc.a(lib_a-memcmp.o)
 .debug_info    0x0000000000004276       0xc9 c:/intelfpga/18.1/nios2eds/bin/gnu/h-x86_64-mingw32/bin/../lib/gcc/nios2-elf/5.3.0/../../../../../H-x86_64-mingw32/nios2-elf/lib/mno-hw-mul\libsmallc.a(lib_a-strlen.o)
 .debug_info    0x000000000000433f      0x2c6 c:/intelfpga/18.1/nios2eds/bin/gnu/h-x86_64-mingw32/bin/../lib/gcc/nios2-elf/5.3.0/mno-hw-mul\libgcc.a(lib2-divmod.o)
 .debug_info    0x0000000000004605       0xb4 c:/intelfpga/18.1/nios2eds/bin/gnu/h-x86_64-mingw32/bin/../lib/gcc/nios2-elf/5.3.0/mno-hw-mul\libgcc.a(lib2-mul.o)

.debug_abbrev   0x0000000000000000     0x18b8
 *(.debug_abbrev)
 .debug_abbrev  0x0000000000000000       0x12 ../C10GX_SoM_Max10_bsp//obj/HAL/src/crt0.o
 .debug_abbrev  0x0000000000000012      0x20a obj/default/main.o
 .debug_abbrev  0x000000000000021c       0x8e c:/intelfpga/18.1/nios2eds/bin/gnu/h-x86_64-mingw32/bin/../lib/gcc/nios2-elf/5.3.0/../../../../../H-x86_64-mingw32/nios2-elf/lib/mno-hw-mul\libsmallc.a(lib_a-memset.o)
 .debug_abbrev  0x00000000000002aa       0xd8 ../C10GX_SoM_Max10_bsp/\libhal_bsp.a(alt_load.o)
 .debug_abbrev  0x0000000000000382       0xee ../C10GX_SoM_Max10_bsp/\libhal_bsp.a(alt_main.o)
 .debug_abbrev  0x0000000000000470       0xd3 ../C10GX_SoM_Max10_bsp/\libhal_bsp.a(alt_putstr.o)
 .debug_abbrev  0x0000000000000543       0x8d ../C10GX_SoM_Max10_bsp/\libhal_bsp.a(alt_usleep.o)
 .debug_abbrev  0x00000000000005d0      0x150 ../C10GX_SoM_Max10_bsp/\libhal_bsp.a(alt_sys_init.o)
 .debug_abbrev  0x0000000000000720      0x47c ../C10GX_SoM_Max10_bsp/\libhal_bsp.a(altera_avalon_i2c.o)
 .debug_abbrev  0x0000000000000b9c       0xd5 ../C10GX_SoM_Max10_bsp/\libhal_bsp.a(altera_avalon_jtag_uart_write.o)
 .debug_abbrev  0x0000000000000c71       0x8d ../C10GX_SoM_Max10_bsp/\libhal_bsp.a(alt_busy_sleep.o)
 .debug_abbrev  0x0000000000000cfe       0x42 ../C10GX_SoM_Max10_bsp/\libhal_bsp.a(alt_dcache_flush_all.o)
 .debug_abbrev  0x0000000000000d40      0x11c ../C10GX_SoM_Max10_bsp/\libhal_bsp.a(alt_dev_llist_insert.o)
 .debug_abbrev  0x0000000000000e5c       0x5a ../C10GX_SoM_Max10_bsp/\libhal_bsp.a(alt_errno.o)
 .debug_abbrev  0x0000000000000eb6      0x125 ../C10GX_SoM_Max10_bsp/\libhal_bsp.a(alt_find_dev.o)
 .debug_abbrev  0x0000000000000fdb       0x42 ../C10GX_SoM_Max10_bsp/\libhal_bsp.a(alt_icache_flush_all.o)
 .debug_abbrev  0x000000000000101d      0x1a0 ../C10GX_SoM_Max10_bsp/\libhal_bsp.a(alt_iic.o)
 .debug_abbrev  0x00000000000011bd      0x19c ../C10GX_SoM_Max10_bsp/\libhal_bsp.a(alt_iic_isr_register.o)
 .debug_abbrev  0x0000000000001359       0x12 ../C10GX_SoM_Max10_bsp/\libhal_bsp.a(alt_irq_entry.o)
 .debug_abbrev  0x000000000000136b      0x120 ../C10GX_SoM_Max10_bsp/\libhal_bsp.a(alt_irq_handler.o)
 .debug_abbrev  0x000000000000148b       0x40 ../C10GX_SoM_Max10_bsp/\libhal_bsp.a(alt_irq_vars.o)
 .debug_abbrev  0x00000000000014cb       0x42 ../C10GX_SoM_Max10_bsp/\libhal_bsp.a(altera_nios2_gen2_irq.o)
 .debug_abbrev  0x000000000000150d       0x12 ../C10GX_SoM_Max10_bsp/\libhal_bsp.a(alt_exception_entry.o)
 .debug_abbrev  0x000000000000151f       0xe7 ../C10GX_SoM_Max10_bsp/\libhal_bsp.a(alt_instruction_exception_entry.o)
 .debug_abbrev  0x0000000000001606       0x37 c:/intelfpga/18.1/nios2eds/bin/gnu/h-x86_64-mingw32/bin/../lib/gcc/nios2-elf/5.3.0/../../../../../H-x86_64-mingw32/nios2-elf/lib/mno-hw-mul\libsmallc.a(lib_a-int_errno.o)
 .debug_abbrev  0x000000000000163d       0x7f c:/intelfpga/18.1/nios2eds/bin/gnu/h-x86_64-mingw32/bin/../lib/gcc/nios2-elf/5.3.0/../../../../../H-x86_64-mingw32/nios2-elf/lib/mno-hw-mul\libsmallc.a(lib_a-memcmp.o)
 .debug_abbrev  0x00000000000016bc       0x7f c:/intelfpga/18.1/nios2eds/bin/gnu/h-x86_64-mingw32/bin/../lib/gcc/nios2-elf/5.3.0/../../../../../H-x86_64-mingw32/nios2-elf/lib/mno-hw-mul\libsmallc.a(lib_a-strlen.o)
 .debug_abbrev  0x000000000000173b      0x10e c:/intelfpga/18.1/nios2eds/bin/gnu/h-x86_64-mingw32/bin/../lib/gcc/nios2-elf/5.3.0/mno-hw-mul\libgcc.a(lib2-divmod.o)
 .debug_abbrev  0x0000000000001849       0x6f c:/intelfpga/18.1/nios2eds/bin/gnu/h-x86_64-mingw32/bin/../lib/gcc/nios2-elf/5.3.0/mno-hw-mul\libgcc.a(lib2-mul.o)

.debug_line     0x0000000000000000     0x1a00
 *(.debug_line)
 .debug_line    0x0000000000000000       0x66 ../C10GX_SoM_Max10_bsp//obj/HAL/src/crt0.o
 .debug_line    0x0000000000000066      0x1cf obj/default/main.o
 .debug_line    0x0000000000000235      0x15d c:/intelfpga/18.1/nios2eds/bin/gnu/h-x86_64-mingw32/bin/../lib/gcc/nios2-elf/5.3.0/../../../../../H-x86_64-mingw32/nios2-elf/lib/mno-hw-mul\libsmallc.a(lib_a-memset.o)
 .debug_line    0x0000000000000392       0xa4 ../C10GX_SoM_Max10_bsp/\libhal_bsp.a(alt_load.o)
 .debug_line    0x0000000000000436       0xbd ../C10GX_SoM_Max10_bsp/\libhal_bsp.a(alt_main.o)
 .debug_line    0x00000000000004f3       0x9b ../C10GX_SoM_Max10_bsp/\libhal_bsp.a(alt_putstr.o)
 .debug_line    0x000000000000058e       0xca ../C10GX_SoM_Max10_bsp/\libhal_bsp.a(alt_usleep.o)
 .debug_line    0x0000000000000658      0x11b ../C10GX_SoM_Max10_bsp/\libhal_bsp.a(alt_sys_init.o)
 .debug_line    0x0000000000000773      0x49a ../C10GX_SoM_Max10_bsp/\libhal_bsp.a(altera_avalon_i2c.o)
 .debug_line    0x0000000000000c0d       0xf0 ../C10GX_SoM_Max10_bsp/\libhal_bsp.a(altera_avalon_jtag_uart_write.o)
 .debug_line    0x0000000000000cfd       0xb3 ../C10GX_SoM_Max10_bsp/\libhal_bsp.a(alt_busy_sleep.o)
 .debug_line    0x0000000000000db0       0x4e ../C10GX_SoM_Max10_bsp/\libhal_bsp.a(alt_dcache_flush_all.o)
 .debug_line    0x0000000000000dfe       0xd8 ../C10GX_SoM_Max10_bsp/\libhal_bsp.a(alt_dev_llist_insert.o)
 .debug_line    0x0000000000000ed6       0x51 ../C10GX_SoM_Max10_bsp/\libhal_bsp.a(alt_errno.o)
 .debug_line    0x0000000000000f27      0x102 ../C10GX_SoM_Max10_bsp/\libhal_bsp.a(alt_find_dev.o)
 .debug_line    0x0000000000001029       0x4e ../C10GX_SoM_Max10_bsp/\libhal_bsp.a(alt_icache_flush_all.o)
 .debug_line    0x0000000000001077       0xf1 ../C10GX_SoM_Max10_bsp/\libhal_bsp.a(alt_iic.o)
 .debug_line    0x0000000000001168       0xd6 ../C10GX_SoM_Max10_bsp/\libhal_bsp.a(alt_iic_isr_register.o)
 .debug_line    0x000000000000123e       0x6b ../C10GX_SoM_Max10_bsp/\libhal_bsp.a(alt_irq_entry.o)
 .debug_line    0x00000000000012a9       0xa5 ../C10GX_SoM_Max10_bsp/\libhal_bsp.a(alt_irq_handler.o)
 .debug_line    0x000000000000134e       0x50 ../C10GX_SoM_Max10_bsp/\libhal_bsp.a(alt_irq_vars.o)
 .debug_line    0x000000000000139e       0x50 ../C10GX_SoM_Max10_bsp/\libhal_bsp.a(altera_nios2_gen2_irq.o)
 .debug_line    0x00000000000013ee       0xb3 ../C10GX_SoM_Max10_bsp/\libhal_bsp.a(alt_exception_entry.o)
 .debug_line    0x00000000000014a1       0xbf ../C10GX_SoM_Max10_bsp/\libhal_bsp.a(alt_instruction_exception_entry.o)
 .debug_line    0x0000000000001560       0x5f c:/intelfpga/18.1/nios2eds/bin/gnu/h-x86_64-mingw32/bin/../lib/gcc/nios2-elf/5.3.0/../../../../../H-x86_64-mingw32/nios2-elf/lib/mno-hw-mul\libsmallc.a(lib_a-int_errno.o)
 .debug_line    0x00000000000015bf      0x160 c:/intelfpga/18.1/nios2eds/bin/gnu/h-x86_64-mingw32/bin/../lib/gcc/nios2-elf/5.3.0/../../../../../H-x86_64-mingw32/nios2-elf/lib/mno-hw-mul\libsmallc.a(lib_a-memcmp.o)
 .debug_line    0x000000000000171f      0x15c c:/intelfpga/18.1/nios2eds/bin/gnu/h-x86_64-mingw32/bin/../lib/gcc/nios2-elf/5.3.0/../../../../../H-x86_64-mingw32/nios2-elf/lib/mno-hw-mul\libsmallc.a(lib_a-strlen.o)
 .debug_line    0x000000000000187b      0x105 c:/intelfpga/18.1/nios2eds/bin/gnu/h-x86_64-mingw32/bin/../lib/gcc/nios2-elf/5.3.0/mno-hw-mul\libgcc.a(lib2-divmod.o)
 .debug_line    0x0000000000001980       0x80 c:/intelfpga/18.1/nios2eds/bin/gnu/h-x86_64-mingw32/bin/../lib/gcc/nios2-elf/5.3.0/mno-hw-mul\libgcc.a(lib2-mul.o)

.debug_frame    0x0000000000000000      0x918
 *(.debug_frame)
 .debug_frame   0x0000000000000000       0xa4 obj/default/main.o
 .debug_frame   0x00000000000000a4       0x20 c:/intelfpga/18.1/nios2eds/bin/gnu/h-x86_64-mingw32/bin/../lib/gcc/nios2-elf/5.3.0/../../../../../H-x86_64-mingw32/nios2-elf/lib/mno-hw-mul\libsmallc.a(lib_a-memset.o)
 .debug_frame   0x00000000000000c4       0x30 ../C10GX_SoM_Max10_bsp/\libhal_bsp.a(alt_load.o)
 .debug_frame   0x00000000000000f4       0x2c ../C10GX_SoM_Max10_bsp/\libhal_bsp.a(alt_main.o)
 .debug_frame   0x0000000000000120       0x30 ../C10GX_SoM_Max10_bsp/\libhal_bsp.a(alt_putstr.o)
 .debug_frame   0x0000000000000150       0x20 ../C10GX_SoM_Max10_bsp/\libhal_bsp.a(alt_usleep.o)
 .debug_frame   0x0000000000000170       0x3c ../C10GX_SoM_Max10_bsp/\libhal_bsp.a(alt_sys_init.o)
 .debug_frame   0x00000000000001ac      0x4c0 ../C10GX_SoM_Max10_bsp/\libhal_bsp.a(altera_avalon_i2c.o)
 .debug_frame   0x000000000000066c       0x20 ../C10GX_SoM_Max10_bsp/\libhal_bsp.a(altera_avalon_jtag_uart_write.o)
 .debug_frame   0x000000000000068c       0x30 ../C10GX_SoM_Max10_bsp/\libhal_bsp.a(alt_busy_sleep.o)
 .debug_frame   0x00000000000006bc       0x20 ../C10GX_SoM_Max10_bsp/\libhal_bsp.a(alt_dcache_flush_all.o)
 .debug_frame   0x00000000000006dc       0x2c ../C10GX_SoM_Max10_bsp/\libhal_bsp.a(alt_dev_llist_insert.o)
 .debug_frame   0x0000000000000708       0x3c ../C10GX_SoM_Max10_bsp/\libhal_bsp.a(alt_find_dev.o)
 .debug_frame   0x0000000000000744       0x20 ../C10GX_SoM_Max10_bsp/\libhal_bsp.a(alt_icache_flush_all.o)
 .debug_frame   0x0000000000000764       0x50 ../C10GX_SoM_Max10_bsp/\libhal_bsp.a(alt_iic.o)
 .debug_frame   0x00000000000007b4       0x30 ../C10GX_SoM_Max10_bsp/\libhal_bsp.a(alt_iic_isr_register.o)
 .debug_frame   0x00000000000007e4       0x34 ../C10GX_SoM_Max10_bsp/\libhal_bsp.a(alt_irq_handler.o)
 .debug_frame   0x0000000000000818       0x20 ../C10GX_SoM_Max10_bsp/\libhal_bsp.a(altera_nios2_gen2_irq.o)
 .debug_frame   0x0000000000000838       0x30 ../C10GX_SoM_Max10_bsp/\libhal_bsp.a(alt_instruction_exception_entry.o)
 .debug_frame   0x0000000000000868       0x20 c:/intelfpga/18.1/nios2eds/bin/gnu/h-x86_64-mingw32/bin/../lib/gcc/nios2-elf/5.3.0/../../../../../H-x86_64-mingw32/nios2-elf/lib/mno-hw-mul\libsmallc.a(lib_a-memcmp.o)
 .debug_frame   0x0000000000000888       0x20 c:/intelfpga/18.1/nios2eds/bin/gnu/h-x86_64-mingw32/bin/../lib/gcc/nios2-elf/5.3.0/../../../../../H-x86_64-mingw32/nios2-elf/lib/mno-hw-mul\libsmallc.a(lib_a-strlen.o)
 .debug_frame   0x00000000000008a8       0x50 c:/intelfpga/18.1/nios2eds/bin/gnu/h-x86_64-mingw32/bin/../lib/gcc/nios2-elf/5.3.0/mno-hw-mul\libgcc.a(lib2-divmod.o)
 .debug_frame   0x00000000000008f8       0x20 c:/intelfpga/18.1/nios2eds/bin/gnu/h-x86_64-mingw32/bin/../lib/gcc/nios2-elf/5.3.0/mno-hw-mul\libgcc.a(lib2-mul.o)

.debug_str      0x0000000000000000     0x1af8
 *(.debug_str)
 .debug_str     0x0000000000000000      0x47e obj/default/main.o
                                        0x4ea (size before relaxing)
 .debug_str     0x000000000000047e      0x13a c:/intelfpga/18.1/nios2eds/bin/gnu/h-x86_64-mingw32/bin/../lib/gcc/nios2-elf/5.3.0/../../../../../H-x86_64-mingw32/nios2-elf/lib/mno-hw-mul\libsmallc.a(lib_a-memset.o)
                                        0x1df (size before relaxing)
 .debug_str     0x00000000000005b8      0x158 ../C10GX_SoM_Max10_bsp/\libhal_bsp.a(alt_load.o)
                                        0x247 (size before relaxing)
 .debug_str     0x0000000000000710       0x5e ../C10GX_SoM_Max10_bsp/\libhal_bsp.a(alt_main.o)
                                        0x1c0 (size before relaxing)
 .debug_str     0x000000000000076e       0x5f ../C10GX_SoM_Max10_bsp/\libhal_bsp.a(alt_putstr.o)
                                        0x196 (size before relaxing)
 .debug_str     0x00000000000007cd       0x2f ../C10GX_SoM_Max10_bsp/\libhal_bsp.a(alt_usleep.o)
                                        0x162 (size before relaxing)
 .debug_str     0x00000000000007fc       0x95 ../C10GX_SoM_Max10_bsp/\libhal_bsp.a(alt_sys_init.o)
                                        0x390 (size before relaxing)
 .debug_str     0x0000000000000891      0x800 ../C10GX_SoM_Max10_bsp/\libhal_bsp.a(altera_avalon_i2c.o)
                                        0xce0 (size before relaxing)
 .debug_str     0x0000000000001091       0x32 ../C10GX_SoM_Max10_bsp/\libhal_bsp.a(altera_avalon_jtag_uart_write.o)
                                        0x220 (size before relaxing)
 .debug_str     0x00000000000010c3       0x33 ../C10GX_SoM_Max10_bsp/\libhal_bsp.a(alt_busy_sleep.o)
                                        0x176 (size before relaxing)
 .debug_str     0x00000000000010f6       0x1f ../C10GX_SoM_Max10_bsp/\libhal_bsp.a(alt_dcache_flush_all.o)
                                        0x160 (size before relaxing)
 .debug_str     0x0000000000001115       0x3e ../C10GX_SoM_Max10_bsp/\libhal_bsp.a(alt_dev_llist_insert.o)
                                        0x1d7 (size before relaxing)
 .debug_str     0x0000000000001153       0x14 ../C10GX_SoM_Max10_bsp/\libhal_bsp.a(alt_errno.o)
                                        0x150 (size before relaxing)
 .debug_str     0x0000000000001167       0x6d ../C10GX_SoM_Max10_bsp/\libhal_bsp.a(alt_find_dev.o)
                                        0x205 (size before relaxing)
 .debug_str     0x00000000000011d4       0x1f ../C10GX_SoM_Max10_bsp/\libhal_bsp.a(alt_icache_flush_all.o)
                                        0x160 (size before relaxing)
 .debug_str     0x00000000000011f3       0xbe ../C10GX_SoM_Max10_bsp/\libhal_bsp.a(alt_iic.o)
                                        0x25e (size before relaxing)
 .debug_str     0x00000000000012b1       0x37 ../C10GX_SoM_Max10_bsp/\libhal_bsp.a(alt_iic_isr_register.o)
                                        0x218 (size before relaxing)
 .debug_str     0x00000000000012e8       0x3a ../C10GX_SoM_Max10_bsp/\libhal_bsp.a(alt_irq_handler.o)
                                        0x1a2 (size before relaxing)
 .debug_str     0x0000000000001322       0x17 ../C10GX_SoM_Max10_bsp/\libhal_bsp.a(alt_irq_vars.o)
                                        0x145 (size before relaxing)
 .debug_str     0x0000000000001339       0x20 ../C10GX_SoM_Max10_bsp/\libhal_bsp.a(altera_nios2_gen2_irq.o)
                                        0x167 (size before relaxing)
 .debug_str     0x0000000000001359      0x48b ../C10GX_SoM_Max10_bsp/\libhal_bsp.a(alt_instruction_exception_entry.o)
                                        0x5ab (size before relaxing)
 .debug_str     0x00000000000017e4       0xd3 c:/intelfpga/18.1/nios2eds/bin/gnu/h-x86_64-mingw32/bin/../lib/gcc/nios2-elf/5.3.0/../../../../../H-x86_64-mingw32/nios2-elf/lib/mno-hw-mul\libsmallc.a(lib_a-int_errno.o)
                                        0x1d8 (size before relaxing)
 .debug_str     0x00000000000018b7       0x3d c:/intelfpga/18.1/nios2eds/bin/gnu/h-x86_64-mingw32/bin/../lib/gcc/nios2-elf/5.3.0/../../../../../H-x86_64-mingw32/nios2-elf/lib/mno-hw-mul\libsmallc.a(lib_a-memcmp.o)
                                        0x1df (size before relaxing)
 .debug_str     0x00000000000018f4       0x3d c:/intelfpga/18.1/nios2eds/bin/gnu/h-x86_64-mingw32/bin/../lib/gcc/nios2-elf/5.3.0/../../../../../H-x86_64-mingw32/nios2-elf/lib/mno-hw-mul\libsmallc.a(lib_a-strlen.o)
                                        0x1e5 (size before relaxing)
 .debug_str     0x0000000000001931      0x187 c:/intelfpga/18.1/nios2eds/bin/gnu/h-x86_64-mingw32/bin/../lib/gcc/nios2-elf/5.3.0/mno-hw-mul\libgcc.a(lib2-divmod.o)
                                        0x1d2 (size before relaxing)
 .debug_str     0x0000000000001ab8       0x40 c:/intelfpga/18.1/nios2eds/bin/gnu/h-x86_64-mingw32/bin/../lib/gcc/nios2-elf/5.3.0/mno-hw-mul\libgcc.a(lib2-mul.o)
                                        0x193 (size before relaxing)

.debug_loc      0x0000000000000000     0x24d2
 *(.debug_loc)
 .debug_loc     0x0000000000000000      0x350 obj/default/main.o
 .debug_loc     0x0000000000000350       0xa5 c:/intelfpga/18.1/nios2eds/bin/gnu/h-x86_64-mingw32/bin/../lib/gcc/nios2-elf/5.3.0/../../../../../H-x86_64-mingw32/nios2-elf/lib/mno-hw-mul\libsmallc.a(lib_a-memset.o)
 .debug_loc     0x00000000000003f5       0x37 ../C10GX_SoM_Max10_bsp/\libhal_bsp.a(alt_putstr.o)
 .debug_loc     0x000000000000042c       0x21 ../C10GX_SoM_Max10_bsp/\libhal_bsp.a(alt_usleep.o)
 .debug_loc     0x000000000000044d       0x21 ../C10GX_SoM_Max10_bsp/\libhal_bsp.a(alt_sys_init.o)
 .debug_loc     0x000000000000046e     0x147b ../C10GX_SoM_Max10_bsp/\libhal_bsp.a(altera_avalon_i2c.o)
 .debug_loc     0x00000000000018e9       0x8b ../C10GX_SoM_Max10_bsp/\libhal_bsp.a(altera_avalon_jtag_uart_write.o)
 .debug_loc     0x0000000000001974       0x75 ../C10GX_SoM_Max10_bsp/\libhal_bsp.a(alt_busy_sleep.o)
 .debug_loc     0x00000000000019e9       0x7e ../C10GX_SoM_Max10_bsp/\libhal_bsp.a(alt_dev_llist_insert.o)
 .debug_loc     0x0000000000001a67       0x7e ../C10GX_SoM_Max10_bsp/\libhal_bsp.a(alt_find_dev.o)
 .debug_loc     0x0000000000001ae5      0x170 ../C10GX_SoM_Max10_bsp/\libhal_bsp.a(alt_iic.o)
 .debug_loc     0x0000000000001c55      0x193 ../C10GX_SoM_Max10_bsp/\libhal_bsp.a(alt_iic_isr_register.o)
 .debug_loc     0x0000000000001de8       0x72 ../C10GX_SoM_Max10_bsp/\libhal_bsp.a(alt_irq_handler.o)
 .debug_loc     0x0000000000001e5a       0x65 ../C10GX_SoM_Max10_bsp/\libhal_bsp.a(alt_instruction_exception_entry.o)
 .debug_loc     0x0000000000001ebf       0x94 c:/intelfpga/18.1/nios2eds/bin/gnu/h-x86_64-mingw32/bin/../lib/gcc/nios2-elf/5.3.0/../../../../../H-x86_64-mingw32/nios2-elf/lib/mno-hw-mul\libsmallc.a(lib_a-memcmp.o)
 .debug_loc     0x0000000000001f53       0x1e c:/intelfpga/18.1/nios2eds/bin/gnu/h-x86_64-mingw32/bin/../lib/gcc/nios2-elf/5.3.0/../../../../../H-x86_64-mingw32/nios2-elf/lib/mno-hw-mul\libsmallc.a(lib_a-strlen.o)
 .debug_loc     0x0000000000001f71      0x4ce c:/intelfpga/18.1/nios2eds/bin/gnu/h-x86_64-mingw32/bin/../lib/gcc/nios2-elf/5.3.0/mno-hw-mul\libgcc.a(lib2-divmod.o)
 .debug_loc     0x000000000000243f       0x93 c:/intelfpga/18.1/nios2eds/bin/gnu/h-x86_64-mingw32/bin/../lib/gcc/nios2-elf/5.3.0/mno-hw-mul\libgcc.a(lib2-mul.o)

.debug_macinfo
 *(.debug_macinfo)

.debug_weaknames
 *(.debug_weaknames)

.debug_funcnames
 *(.debug_funcnames)

.debug_typenames
 *(.debug_typenames)

.debug_varnames
 *(.debug_varnames)

.debug_alt_sim_info
                0x0000000000000000       0x40
 *(.debug_alt_sim_info)
 .debug_alt_sim_info
                0x0000000000000000       0x10 ../C10GX_SoM_Max10_bsp//obj/HAL/src/crt0.o
 .debug_alt_sim_info
                0x0000000000000010       0x30 ../C10GX_SoM_Max10_bsp/\libhal_bsp.a(alt_busy_sleep.o)
                0x0000000000010000                __alt_data_end = 0x10000
                0x0000000000010000                PROVIDE (__alt_stack_pointer, __alt_data_end)
                [!provide]                        PROVIDE (__alt_stack_limit, __alt_stack_base)
                [!provide]                        PROVIDE (__alt_heap_start, end)
                [!provide]                        PROVIDE (__alt_heap_limit, 0x10000)
OUTPUT(C10GX_SoM_Max10.elf elf32-littlenios2)

.debug_ranges   0x0000000000000000      0x1f0
 .debug_ranges  0x0000000000000000       0x20 ../C10GX_SoM_Max10_bsp//obj/HAL/src/crt0.o
 .debug_ranges  0x0000000000000020       0x10 c:/intelfpga/18.1/nios2eds/bin/gnu/h-x86_64-mingw32/bin/../lib/gcc/nios2-elf/5.3.0/../../../../../H-x86_64-mingw32/nios2-elf/lib/mno-hw-mul\libsmallc.a(lib_a-memset.o)
 .debug_ranges  0x0000000000000030       0x48 ../C10GX_SoM_Max10_bsp/\libhal_bsp.a(alt_load.o)
 .debug_ranges  0x0000000000000078       0x58 ../C10GX_SoM_Max10_bsp/\libhal_bsp.a(altera_avalon_i2c.o)
 .debug_ranges  0x00000000000000d0       0x20 ../C10GX_SoM_Max10_bsp/\libhal_bsp.a(alt_dev_llist_insert.o)
 .debug_ranges  0x00000000000000f0       0x28 ../C10GX_SoM_Max10_bsp/\libhal_bsp.a(alt_irq_entry.o)
 .debug_ranges  0x0000000000000118       0x10 ../C10GX_SoM_Max10_bsp/\libhal_bsp.a(alt_irq_handler.o)
 .debug_ranges  0x0000000000000128       0x30 ../C10GX_SoM_Max10_bsp/\libhal_bsp.a(alt_exception_entry.o)
 .debug_ranges  0x0000000000000158       0x18 ../C10GX_SoM_Max10_bsp/\libhal_bsp.a(alt_instruction_exception_entry.o)
 .debug_ranges  0x0000000000000170       0x10 c:/intelfpga/18.1/nios2eds/bin/gnu/h-x86_64-mingw32/bin/../lib/gcc/nios2-elf/5.3.0/../../../../../H-x86_64-mingw32/nios2-elf/lib/mno-hw-mul\libsmallc.a(lib_a-memcmp.o)
 .debug_ranges  0x0000000000000180       0x10 c:/intelfpga/18.1/nios2eds/bin/gnu/h-x86_64-mingw32/bin/../lib/gcc/nios2-elf/5.3.0/../../../../../H-x86_64-mingw32/nios2-elf/lib/mno-hw-mul\libsmallc.a(lib_a-strlen.o)
 .debug_ranges  0x0000000000000190       0x60 c:/intelfpga/18.1/nios2eds/bin/gnu/h-x86_64-mingw32/bin/../lib/gcc/nios2-elf/5.3.0/mno-hw-mul\libgcc.a(lib2-divmod.o)
