Archive member included to satisfy reference by file (symbol)

c:/intelfpga_pro/18.1/nios2eds/bin/gnu/h-x86_64-mingw32/bin/../lib/gcc/nios2-elf/7.3.1\libgcc.a(_muldi3.o)
                              obj/default/ethernet.o (__muldi3)
c:/intelfpga_pro/18.1/nios2eds/bin/gnu/h-x86_64-mingw32/bin/../lib/gcc/nios2-elf/7.3.1\libgcc.a(_bswapsi2.o)
                              obj/default/fmc/common_drivers/fru_tools/fru_tools.o (__bswapsi2)
c:/intelfpga_pro/18.1/nios2eds/bin/gnu/h-x86_64-mingw32/bin/../lib/gcc/nios2-elf/7.3.1\libgcc.a(_fixunsdfsi.o)
                              obj/default/fmc/common_drivers/xcvr_core/xcvr_modules/altera_a10_fpll.o (__fixunsdfsi)
c:/intelfpga_pro/18.1/nios2eds/bin/gnu/h-x86_64-mingw32/bin/../lib/gcc/nios2-elf/7.3.1\libgcc.a(_fixunsdfdi.o)
                              obj/default/fmc/common_drivers/xcvr_core/xcvr_modules/altera_a10_atx_pll.o (__fixunsdfdi)
c:/intelfpga_pro/18.1/nios2eds/bin/gnu/h-x86_64-mingw32/bin/../lib/gcc/nios2-elf/7.3.1\libgcc.a(_udivdi3.o)
                              obj/default/fmc/common_drivers/dac_core/dac_core.o (__udivdi3)
c:/intelfpga_pro/18.1/nios2eds/bin/gnu/h-x86_64-mingw32/bin/../lib/gcc/nios2-elf/7.3.1\libgcc.a(_umoddi3.o)
                              obj/default/fmc/common_drivers/platform_drivers/platform_drivers.o (__umoddi3)
c:/intelfpga_pro/18.1/nios2eds/bin/gnu/h-x86_64-mingw32/bin/../lib/gcc/nios2-elf/7.3.1\libgcc.a(lib2-divmod.o)
                              c:/intelfpga_pro/18.1/nios2eds/bin/gnu/h-x86_64-mingw32/bin/../lib/gcc/nios2-elf/7.3.1\libgcc.a(_udivdi3.o) (__divsi3)
c:/intelfpga_pro/18.1/nios2eds/bin/gnu/h-x86_64-mingw32/bin/../lib/gcc/nios2-elf/7.3.1\libgcc.a(adddf3.o)
                              obj/default/fmc/common_drivers/xcvr_core/xcvr_modules/altera_a10_atx_pll.o (__adddf3)
c:/intelfpga_pro/18.1/nios2eds/bin/gnu/h-x86_64-mingw32/bin/../lib/gcc/nios2-elf/7.3.1\libgcc.a(divdf3.o)
                              obj/default/fmc/common_drivers/xcvr_core/xcvr_modules/altera_a10_atx_pll.o (__divdf3)
c:/intelfpga_pro/18.1/nios2eds/bin/gnu/h-x86_64-mingw32/bin/../lib/gcc/nios2-elf/7.3.1\libgcc.a(gedf2.o)
                              c:/intelfpga_pro/18.1/nios2eds/bin/gnu/h-x86_64-mingw32/bin/../lib/gcc/nios2-elf/7.3.1\libgcc.a(_fixunsdfsi.o) (__gedf2)
c:/intelfpga_pro/18.1/nios2eds/bin/gnu/h-x86_64-mingw32/bin/../lib/gcc/nios2-elf/7.3.1\libgcc.a(muldf3.o)
                              c:/intelfpga_pro/18.1/nios2eds/bin/gnu/h-x86_64-mingw32/bin/../lib/gcc/nios2-elf/7.3.1\libgcc.a(_fixunsdfdi.o) (__muldf3)
c:/intelfpga_pro/18.1/nios2eds/bin/gnu/h-x86_64-mingw32/bin/../lib/gcc/nios2-elf/7.3.1\libgcc.a(subdf3.o)
                              c:/intelfpga_pro/18.1/nios2eds/bin/gnu/h-x86_64-mingw32/bin/../lib/gcc/nios2-elf/7.3.1\libgcc.a(_fixunsdfsi.o) (__subdf3)
c:/intelfpga_pro/18.1/nios2eds/bin/gnu/h-x86_64-mingw32/bin/../lib/gcc/nios2-elf/7.3.1\libgcc.a(fixdfsi.o)
                              c:/intelfpga_pro/18.1/nios2eds/bin/gnu/h-x86_64-mingw32/bin/../lib/gcc/nios2-elf/7.3.1\libgcc.a(_fixunsdfsi.o) (__fixdfsi)
c:/intelfpga_pro/18.1/nios2eds/bin/gnu/h-x86_64-mingw32/bin/../lib/gcc/nios2-elf/7.3.1\libgcc.a(floatunsidf.o)
                              obj/default/fmc/common_drivers/xcvr_core/xcvr_modules/altera_a10_atx_pll.o (__floatunsidf)
c:/intelfpga_pro/18.1/nios2eds/bin/gnu/h-x86_64-mingw32/bin/../lib/gcc/nios2-elf/7.3.1\libgcc.a(extendsfdf2.o)
                              obj/default/jesd204b.o (__extendsfdf2)
c:/intelfpga_pro/18.1/nios2eds/bin/gnu/h-x86_64-mingw32/bin/../lib/gcc/nios2-elf/7.3.1\libgcc.a(_clz.o)
                              c:/intelfpga_pro/18.1/nios2eds/bin/gnu/h-x86_64-mingw32/bin/../lib/gcc/nios2-elf/7.3.1\libgcc.a(_udivdi3.o) (__clz_tab)
c:/intelfpga_pro/18.1/nios2eds/bin/gnu/h-x86_64-mingw32/bin/../lib/gcc/nios2-elf/7.3.1\libgcc.a(_clzsi2.o)
                              c:/intelfpga_pro/18.1/nios2eds/bin/gnu/h-x86_64-mingw32/bin/../lib/gcc/nios2-elf/7.3.1\libgcc.a(adddf3.o) (__clzsi2)
c:/intelfpga_pro/18.1/nios2eds/bin/gnu/h-x86_64-mingw32/bin/../lib/gcc/nios2-elf/7.3.1/../../../../../H-x86_64-mingw32/nios2-elf/lib\libc.a(lib_a-calloc.o)
                              obj/default/fmc/common_drivers/fru_tools/fru_tools.o (calloc)
c:/intelfpga_pro/18.1/nios2eds/bin/gnu/h-x86_64-mingw32/bin/../lib/gcc/nios2-elf/7.3.1/../../../../../H-x86_64-mingw32/nios2-elf/lib\libc.a(lib_a-callocr.o)
                              c:/intelfpga_pro/18.1/nios2eds/bin/gnu/h-x86_64-mingw32/bin/../lib/gcc/nios2-elf/7.3.1/../../../../../H-x86_64-mingw32/nios2-elf/lib\libc.a(lib_a-calloc.o) (_calloc_r)
c:/intelfpga_pro/18.1/nios2eds/bin/gnu/h-x86_64-mingw32/bin/../lib/gcc/nios2-elf/7.3.1/../../../../../H-x86_64-mingw32/nios2-elf/lib\libc.a(lib_a-getc.o)
                              obj/default/fmc/common_drivers/platform_drivers/platform_drivers.o (getc)
[...]
Memory Configuration

Name             Origin             Length             Attributes
reset            0x0000000000000000 0x0000000000000020
ddr3_ctrl_amm_0  0x0000000000000020 0x000000007ffdffe0
interrupt_stack  0x000000007ffe0000 0x0000000000010000
exception_stack  0x000000007fff0000 0x0000000000010000
qspi_controller2_0_avl_mem 0x0000000080000000 0x0000000008000000
mcu_subsystem_ram_0 0x0000000088020000 0x0000000000020000
*default*        0x0000000000000000 0xffffffffffffffff

Linker script and memory map

LOAD C:/Git/ArrowESC/Cyclone10GX_Rev2_Demo/software/C10GX_SoM_Rev2_Demo_bsp//obj/HAL/src/crt0.o
LOAD obj/default/crc.o
LOAD obj/default/ethernet.o
LOAD obj/default/fmc/ad9144/ad9144.o
LOAD obj/default/fmc/ad9523/ad9523.o
LOAD obj/default/fmc/ad9680/ad9680.o
LOAD obj/default/fmc/common_drivers/adc_core/adc_core.o
LOAD obj/default/fmc/common_drivers/communication/generic/Communication.o
LOAD obj/default/fmc/common_drivers/dac_buffer/dac_buffer.o
LOAD obj/default/fmc/common_drivers/dac_core/dac_core.o
LOAD obj/default/fmc/common_drivers/dmac_core/dmac_core.o
LOAD obj/default/fmc/common_drivers/fru_tools/fru_tools.o
LOAD obj/default/fmc/common_drivers/jesd_core/jesd_core.o
LOAD obj/default/fmc/common_drivers/platform_drivers/platform_drivers.o
LOAD obj/default/fmc/common_drivers/xcvr_core/xcvr_core.o
LOAD obj/default/fmc/common_drivers/xcvr_core/xcvr_modules/altera_a10_atx_pll.o
LOAD obj/default/fmc/common_drivers/xcvr_core/xcvr_modules/altera_a10_fpll.o
LOAD obj/default/fmc/common_drivers/xcvr_core/xcvr_modules/altera_a10_xcvr_channel.o
LOAD obj/default/fmc/common_drivers/xcvr_core/xcvr_modules/altera_pll_common.o
LOAD obj/default/fmc/common_drivers/xcvr_core/xcvr_modules/xilinx_qpll.o
LOAD obj/default/fmc/common_drivers/xcvr_core/xcvr_modules/xilinx_xcvr_channel.o
LOAD obj/default/iioscope.o
LOAD obj/default/jesd204b.o
LOAD obj/default/main.o
LOAD obj/default/support.o
LOAD c:/intelfpga_pro/18.1/nios2eds/bin/gnu/h-x86_64-mingw32/bin/../lib/gcc/nios2-elf/7.3.1/../../../../../H-x86_64-mingw32/nios2-elf/lib\libstdc++.a
LOAD c:/intelfpga_pro/18.1/nios2eds/bin/gnu/h-x86_64-mingw32/bin/../lib/gcc/nios2-elf/7.3.1/../../../../../H-x86_64-mingw32/nios2-elf/lib\libm.a
LOAD c:/intelfpga_pro/18.1/nios2eds/bin/gnu/h-x86_64-mingw32/bin/../lib/gcc/nios2-elf/7.3.1\libgcc.a
START GROUP
LOAD c:/intelfpga_pro/18.1/nios2eds/bin/gnu/h-x86_64-mingw32/bin/../lib/gcc/nios2-elf/7.3.1/../../../../../H-x86_64-mingw32/nios2-elf/lib\libc.a
LOAD c:/intelfpga_pro/18.1/nios2eds/bin/gnu/h-x86_64-mingw32/bin/../lib/gcc/nios2-elf/7.3.1\libgcc.a
LOAD C:/Git/ArrowESC/Cyclone10GX_Rev2_Demo/software/C10GX_SoM_Rev2_Demo_bsp/\libhal_bsp.a
LOAD c:/intelfpga_pro/18.1/nios2eds/bin/gnu/h-x86_64-mingw32/bin/../lib/gcc/nios2-elf/7.3.1/../../../../../H-x86_64-mingw32/nios2-elf/lib\libm.a
END GROUP
LOAD c:/intelfpga_pro/18.1/nios2eds/bin/gnu/h-x86_64-mingw32/bin/../lib/gcc/nios2-elf/7.3.1\libgcc.a
                0x0000000000000000                __alt_mem_ddr3_ctrl_amm_0 = 0x0
                0x0000000080000000                __alt_mem_qspi_controller2_0_avl_mem = 0x80000000
                0x0000000088020000                __alt_mem_mcu_subsystem_ram_0 = 0x88020000

.entry          0x0000000000000000       0x20
 *(.entry)
 .entry         0x0000000000000000       0x20 C:/Git/ArrowESC/Cyclone10GX_Rev2_Demo/software/C10GX_SoM_Rev2_Demo_bsp//obj/HAL/src/crt0.o
                0x0000000000000000                __reset

.exceptions     0x0000000000000020      0x224
                0x0000000000000020                PROVIDE (__ram_exceptions_start, ABSOLUTE (.))
                0x0000000000000020                . = ALIGN (0x20)
 *(.irq)
 *(.exceptions.entry.label)
 .exceptions.entry.label
                0x0000000000000020        0x0 C:/Git/ArrowESC/Cyclone10GX_Rev2_Demo/software/C10GX_SoM_Rev2_Demo_bsp/\libhal_bsp.a(alt_irq_entry.o)
                0x0000000000000020                alt_irq_entry
 .exceptions.entry.label
                0x0000000000000020        0x0 C:/Git/ArrowESC/Cyclone10GX_Rev2_Demo/software/C10GX_SoM_Rev2_Demo_bsp/\libhal_bsp.a(alt_exception_entry.o)
                0x0000000000000020                alt_exception
 *(.exceptions.entry.user)
 *(.exceptions.entry.ecc_fatal)
 *(.exceptions.entry)
 .exceptions.entry
                0x0000000000000020       0x60 C:/Git/ArrowESC/Cyclone10GX_Rev2_Demo/software/C10GX_SoM_Rev2_Demo_bsp/\libhal_bsp.a(alt_exception_entry.o)
 *(.exceptions.irqtest.user)
 *(.exceptions.irqtest)
 .exceptions.irqtest
                0x0000000000000080       0x10 C:/Git/ArrowESC/Cyclone10GX_Rev2_Demo/software/C10GX_SoM_Rev2_Demo_bsp/\libhal_bsp.a(alt_irq_entry.o)
 *(.exceptions.irqhandler.user)
 *(.exceptions.irqhandler)
 .exceptions.irqhandler
                0x0000000000000090        0x4 C:/Git/ArrowESC/Cyclone10GX_Rev2_Demo/software/C10GX_SoM_Rev2_Demo_bsp/\libhal_bsp.a(alt_irq_entry.o)
 *(.exceptions.irqreturn.user)
 *(.exceptions.irqreturn)
 .exceptions.irqreturn
                0x0000000000000094        0x4 C:/Git/ArrowESC/Cyclone10GX_Rev2_Demo/software/C10GX_SoM_Rev2_Demo_bsp/\libhal_bsp.a(alt_irq_entry.o)
 *(.exceptions.notirq.label)
 .exceptions.notirq.label
                0x0000000000000098        0x0 C:/Git/ArrowESC/Cyclone10GX_Rev2_Demo/software/C10GX_SoM_Rev2_Demo_bsp/\libhal_bsp.a(alt_irq_entry.o)
 *(.exceptions.notirq.user)
 *(.exceptions.notirq)
 .exceptions.notirq
                0x0000000000000098        0x8 C:/Git/ArrowESC/Cyclone10GX_Rev2_Demo/software/C10GX_SoM_Rev2_Demo_bsp/\libhal_bsp.a(alt_exception_entry.o)
 *(.exceptions.soft.user)
 *(.exceptions.soft)
 *(.exceptions.unknown.user)
 *(.exceptions.unknown)
 .exceptions.unknown
                0x00000000000000a0       0x14 C:/Git/ArrowESC/Cyclone10GX_Rev2_Demo/software/C10GX_SoM_Rev2_Demo_bsp/\libhal_bsp.a(alt_exception_entry.o)
 *(.exceptions.exit.label)
 .exceptions.exit.label
                0x00000000000000b4        0x0 C:/Git/ArrowESC/Cyclone10GX_Rev2_Demo/software/C10GX_SoM_Rev2_Demo_bsp/\libhal_bsp.a(alt_irq_entry.o)
 .exceptions.exit.label
                0x00000000000000b4        0x0 C:/Git/ArrowESC/Cyclone10GX_Rev2_Demo/software/C10GX_SoM_Rev2_Demo_bsp/\libhal_bsp.a(alt_exception_entry.o)
 *(.exceptions.exit.user)
 *(.exceptions.exit)
 .exceptions.exit
                0x00000000000000b4       0x54 C:/Git/ArrowESC/Cyclone10GX_Rev2_Demo/software/C10GX_SoM_Rev2_Demo_bsp/\libhal_bsp.a(alt_exception_entry.o)
 *(.exceptions)
 .exceptions    0x0000000000000108       0xc8 C:/Git/ArrowESC/Cyclone10GX_Rev2_Demo/software/C10GX_SoM_Rev2_Demo_bsp/\libhal_bsp.a(alt_irq_handler.o)
                0x0000000000000108                alt_irq_handler
 .exceptions    0x00000000000001d0       0x74 C:/Git/ArrowESC/Cyclone10GX_Rev2_Demo/software/C10GX_SoM_Rev2_Demo_bsp/\libhal_bsp.a(alt_instruction_exception_entry.o)
                0x00000000000001d0                alt_instruction_exception_entry
                0x0000000000000244                PROVIDE (__ram_exceptions_end, ABSOLUTE (.))
                0x0000000000000020                PROVIDE (__flash_exceptions_start, LOADADDR (.exceptions))

.text           0x0000000000000244    0x31448
                [!provide]                        PROVIDE (stext, ABSOLUTE (.))
 *(.interp)
 *(.hash)
 *(.dynsym)
 *(.dynstr)
 *(.gnu.version)
 *(.gnu.version_d)
 *(.gnu.version_r)
 *(.rel.init)
 *(.rela.init)
 *(.rel.text .rel.text.* .rel.gnu.linkonce.t.*)
 *(.rela.text .rela.text.* .rela.gnu.linkonce.t.*)
 *(.rel.fini)
 *(.rela.fini)
 *(.rel.rodata .rel.rodata.* .rel.gnu.linkonce.r.*)
 *(.rela.rodata .rela.rodata.* .rela.gnu.linkonce.r.*)
 *(.rel.data .rel.data.* .rel.gnu.linkonce.d.*)
 *(.rela.data .rela.data.* .rela.gnu.linkonce.d.*)
 *(.rel.tdata .rel.tdata.* .rel.gnu.linkonce.td.*)
 *(.rela.tdata .rela.tdata.* .rela.gnu.linkonce.td.*)
 *(.rel.tbss .rel.tbss.* .rel.gnu.linkonce.tb.*)
 *(.rela.tbss .rela.tbss.* .rela.gnu.linkonce.tb.*)
 *(.rel.ctors)
 *(.rela.ctors)
 *(.rel.dtors)
 *(.rela.dtors)
 *(.rel.got)
 *(.rela.got)
 *(.rel.sdata .rel.sdata.* .rel.gnu.linkonce.s.*)
 *(.rela.sdata .rela.sdata.* .rela.gnu.linkonce.s.*)
 *(.rel.sbss .rel.sbss.* .rel.gnu.linkonce.sb.*)
 *(.rela.sbss .rela.sbss.* .rela.gnu.linkonce.sb.*)
 *(.rel.sdata2 .rel.sdata2.* .rel.gnu.linkonce.s2.*)
 *(.rela.sdata2 .rela.sdata2.* .rela.gnu.linkonce.s2.*)
 *(.rel.sbss2 .rel.sbss2.* .rel.gnu.linkonce.sb2.*)
 *(.rela.sbss2 .rela.sbss2.* .rela.gnu.linkonce.sb2.*)
 *(.rel.bss .rel.bss.* .rel.gnu.linkonce.b.*)
 *(.rela.bss .rela.bss.* .rela.gnu.linkonce.b.*)
 *(.rel.plt)
 *(.rela.plt)
 *(.rel.dyn)
 *(.init)
 *(.plt)
 *(.text .stub .text.* .gnu.linkonce.t.*)
 .text          0x0000000000000244       0x4c C:/Git/ArrowESC/Cyclone10GX_Rev2_Demo/software/C10GX_SoM_Rev2_Demo_bsp//obj/HAL/src/crt0.o
                0x0000000000000244                _start
 .text          0x0000000000000290       0xd8 obj/default/crc.o
                0x0000000000000290                fcs_crc32
 .text          0x0000000000000368     0x3f18 obj/default/ethernet.o
                0x0000000000000368                swap16
                0x00000000000003a4                swap32
                0x00000000000003e8                tse_mmd_writereg
                0x000000000000048c                tse_mmd_readreg
                0x0000000000000534                phy_ethernet_reset
                0x0000000000000680                phy_cfg
                0x0000000000000710                hw_ethernet_reset
                0x000000000000079c                ethernet_configure
                0x00000000000007c0                tx_ethernet_isr
                0x00000000000007e4                rx_ethernet_isr
                0x0000000000000808                rx_dma_rearm
                0x0000000000000a0c                tx_dma_rearm
                0x0000000000000a84                arp_initialise
                0x0000000000000aec                udp_initialise
                0x0000000000000bec                tcp_ip_process_stack
                0x00000000000010ac                net_deinitialize
                0x00000000000010d0                net_initialize
                0x0000000000001824                icmp_checksum
                0x00000000000021a8                udp_checksum
                0x0000000000002478                udp_send
                0x0000000000002e74                get_free_port
                0x0000000000002e98                ip_task
                0x0000000000002fd8                open_socket
                0x00000000000033e0                close_socket
                0x0000000000003494                close_all_sockets
                0x00000000000034d0                get_net_context
                0x00000000000034f4                register_rx_dma
                0x0000000000003528                register_tx_dma
                0x000000000000355c                ethernet_enable
                0x0000000000003604                ethernet_init
                0x0000000000003938                phy_init
                0x0000000000003a44                network_init
                0x0000000000003f60                network_task
 .text          0x0000000000004280     0x156c obj/default/fmc/ad9144/ad9144.o
                0x0000000000004280                ad9144_spi_read
                0x0000000000004308                ad9144_spi_write
                0x0000000000004384                ad9144_spi_check_status
                0x0000000000004430                ad9144_spi_write_seq
                0x00000000000044c4                ad9144_setup_jesd204_link
                0x0000000000004aa0                ad9144_setup
                0x0000000000005094                ad9144_dac_calibrate
                0x00000000000051d0                ad9144_remove
                0x0000000000005218                ad9144_status
                0x0000000000005448                ad9144_short_pattern_test
                0x0000000000005670                ad9144_datapath_prbs_test
 .text          0x00000000000057ec     0x16dc obj/default/fmc/ad9523/ad9523.o
                0x00000000000057ec                ad9523_spi_read
                0x00000000000058dc                ad9523_spi_write
                0x00000000000059b0                ad9523_io_update
                0x00000000000059ec                ad9523_vco_out_map
                0x0000000000005c3c                ad9523_calibrate
                0x0000000000005d18                ad9523_status
                0x0000000000005e6c                ad9523_sync
                0x0000000000005f50                ad9523_init
                0x0000000000006220                ad9523_setup
                0x0000000000006e80                ad9523_remove
 .text          0x0000000000006ec8      0x500 obj/default/fmc/ad9680/ad9680.o
                0x0000000000006ec8                ad9680_spi_read
                0x0000000000006f50                ad9680_spi_write
                0x0000000000006fcc                ad9680_check_pdwn
                0x0000000000007080                ad9680_test
                0x0000000000007144                ad9680_setup
                0x0000000000007380                ad9680_remove
 .text          0x00000000000073c8      0xdfc obj/default/fmc/common_drivers/adc_core/adc_core.o
                0x00000000000073c8                adc_read
                0x0000000000007430                adc_write
                0x0000000000007478                adc_setup
                0x00000000000075fc                adc_set_delay
                0x0000000000007718                adc_delay_calibrate
                0x0000000000007a98                adc_set_pnsel
                0x0000000000007b50                adc_pn_mon
                0x0000000000007cd4                adc_ramp_test
 .text          0x00000000000081c4      0x160 obj/default/fmc/common_drivers/communication/generic/Communication.o
                0x00000000000081c4                I2C_Init
                0x00000000000081e8                I2C_Write
                0x000000000000822c                I2C_Read
                0x0000000000008270                SPI_Init
                0x00000000000082b4                SPI_Read
                0x00000000000082ec                SPI_Write
 .text          0x0000000000008324      0x26c obj/default/fmc/common_drivers/dac_buffer/dac_buffer.o
                0x0000000000008324                dac_buffer_load
 .text          0x0000000000008590      0x974 obj/default/fmc/common_drivers/dac_core/dac_core.o
                0x0000000000008590                dac_read
                0x00000000000085fc                dac_write
                0x0000000000008648                dds_set_frequency
                0x00000000000087fc                dds_set_phase
                0x0000000000008964                dds_set_scale
                0x0000000000008ae4                dac_data_src_sel
                0x0000000000008bf8                dac_setup
                0x0000000000008cf8                dac_data_setup
 .text          0x0000000000008f04      0x420 obj/default/fmc/common_drivers/dmac_core/dmac_core.o
                0x0000000000008f04                dmac_read
                0x0000000000008f50                dmac_write
                0x0000000000008f98                dmac_start_transaction
 .text          0x0000000000009324     0x2038 obj/default/fmc/common_drivers/fru_tools/fru_tools.o
                0x0000000000009324                calc_zero_checksum
                0x000000000000938c                min2date
                0x0000000000009400                ascii2six
                0x00000000000096e4                six2ascii
                0x000000000000992c                parse_string
                0x0000000000009cdc                parse_board_area
                0x000000000000a184                parse_multiboard_area
                0x000000000000a660                parse_FRU
                0x000000000000a834                free_FRU
                0x000000000000ac00                build_FRU_blob
 .text          0x000000000000b35c      0xaac obj/default/fmc/common_drivers/jesd_core/jesd_core.o
                0x000000000000b35c                jesd_read
                0x000000000000b3a8                jesd_write
                0x000000000000b3f0                jesd_setup
                0x000000000000b490                jesd_sysref_control
                0x000000000000b52c                jesd_status
                0x000000000000b630                axi_jesd204_rx_status_read
                0x000000000000b828                axi_jesd204_tx_status_read
                0x000000000000ba30                axi_jesd204_rx_laneinfo_read
 .text          0x000000000000be08      0x920 obj/default/fmc/common_drivers/platform_drivers/platform_drivers.o
                0x000000000000be08                i2c_init
                0x000000000000be30                i2c_remove
                0x000000000000be54                i2c_write
                0x000000000000be90                i2c_read
                0x000000000000becc                spi_init
                0x000000000000bf90                spi_remove
                0x000000000000bfc4                spi_write_and_read
                0x000000000000c0b0                gpio_get
                0x000000000000c160                gpio_remove
                0x000000000000c194                gpio_direction_input
                0x000000000000c1b8                gpio_direction_output
                0x000000000000c1e4                gpio_get_direction
                0x000000000000c20c                gpio_set_value
                0x000000000000c2f4                gpio_get_value
                0x000000000000c37c                ad_gpio_set_range
                0x000000000000c43c                ad_gpio_get_range
                0x000000000000c4e4                do_div
                0x000000000000c5a0                ad_reg_write_16
                0x000000000000c630                ad_platform_init
                0x000000000000c650                ad_platform_close
                0x000000000000c688                ad_uart_read
                0x000000000000c6c8                ad_pow2
 .text          0x000000000000c728      0x8f4 obj/default/fmc/common_drivers/xcvr_core/xcvr_core.o
                0x000000000000c728                xcvr_read
                0x000000000000c774                xcvr_write
                0x000000000000c7bc                xcvr_setup
                0x000000000000c938                xcvr_getconfig
                0x000000000000ca28                xcvr_reset
                0x000000000000cae8                dump_registers
                0x000000000000ceac                xcvr_finalize_lane_rate_change
 .text          0x000000000000d01c      0xc34 obj/default/fmc/common_drivers/xcvr_core/xcvr_modules/altera_a10_atx_pll.o
                0x000000000000d01c                atx_lookup_band
                0x000000000000d0a8                atx_lookup_tank
                0x000000000000d0fc                atx_lookup_cp_current
                0x000000000000d310                atx_lookup_lf_resistance
                0x000000000000d494                atx_calc_params
                0x000000000000d6b4                atx_pll_round_rate
                0x000000000000d7ec                atx_pll_set_rate
                0x000000000000daa0                atx_pll_recalc_rate
 .text          0x000000000000dc50      0xea8 obj/default/fmc/common_drivers/xcvr_core/xcvr_modules/altera_a10_fpll.o
                0x000000000000dc50                fpll_lookup_lf_resistance
                0x000000000000dd48                fpll_lookup_cp_current
                0x000000000000e2a4                fpll_calc_params
                0x000000000000e618                fpll_round_rate
                0x000000000000e744                fpll_set_rate
                0x000000000000e92c                fpll_recalc_rate
 .text          0x000000000000eaf8     0x11b0 obj/default/fmc/common_drivers/xcvr_core/xcvr_modules/altera_a10_xcvr_channel.o
                0x000000000000eaf8                altera_a10_cdr_lookup_vco_speed
                0x000000000000eb4c                altera_a10_cdr_lookup_vco_speed_fix
                0x000000000000ec00                altera_a10_cdr_lookup_cp_current_pd
                0x000000000000ec4c                altera_a10_cdr_lookup_clklow_div
                0x000000000000ec88                altera_a10_cdr_lookup_fastlock
                0x000000000000ecc0                altera_a10_cdr_lookup_lf_resistor_pd
                0x000000000000ed4c                altera_a10_cdr_lookup_lf_resistor_pfd
                0x000000000000eec0                altera_a10_cdr_lookup_cp_current_pfd
                0x000000000000f25c                altera_a10_cdr_calc_params
                0x000000000000f504                altera_a10_cdr_pll_round_rate
                0x000000000000f654                altera_a10_cdr_pll_set_rate
                0x000000000000fb94                altera_a10_calib_tx_pll
 .text          0x000000000000fca8      0x584 obj/default/fmc/common_drivers/xcvr_core/xcvr_modules/altera_pll_common.o
                0x000000000000fca8                a10_pll_read
                0x000000000000fcf8                a10_pll_write
                0x000000000000fd44                pll_update
                0x000000000000fdc8                altera_a10_acquire_arbitration
                0x000000000000feb0                altera_a10_release_arbitration
                0x000000000000ff08                pll_calibration_check
                0x0000000000010070                pll_is_enabled
                0x000000000001010c                pll_enable
                0x000000000001019c                pll_disable
 .text          0x000000000001022c        0x0 obj/default/fmc/common_drivers/xcvr_core/xcvr_modules/xilinx_qpll.o
 .text          0x000000000001022c        0x0 obj/default/fmc/common_drivers/xcvr_core/xcvr_modules/xilinx_xcvr_channel.o
 .text          0x000000000001022c      0x28c obj/default/iioscope.o
                0x000000000001022c                iioscope_init
                0x00000000000102f0                iioscope_process_rx
                0x000000000001032c                iioscope_process_ctrl_rx
                0x0000000000010368                iioscope_process
 .text          0x00000000000104b8     0x169c obj/default/jesd204b.o
                0x00000000000104b8                get_adc_buffer
                0x00000000000104dc                memory_testing
                0x00000000000106d8                fmcdaq2_reconfig
                0x0000000000010b54                daq2_deinit
                0x0000000000010bec                daq2_init
                0x000000000001179c                daq2_transaction_adc
                0x0000000000011908                daq2_transaction_dac
                0x0000000000011988                mem_writing
                0x0000000000011a08                mem_reading
                0x0000000000011a84                mem_testing
 .text          0x0000000000011b54       0x98 obj/default/main.o
                0x0000000000011b54                exception_handler
                0x0000000000011b84                main
 .text          0x0000000000011bec       0xf0 obj/default/support.o
                0x0000000000011bec                cmp_s
 .text          0x0000000000011cdc       0x60 c:/intelfpga_pro/18.1/nios2eds/bin/gnu/h-x86_64-mingw32/bin/../lib/gcc/nios2-elf/7.3.1\libgcc.a(_muldi3.o)
                0x0000000000011cdc                __muldi3
 .text          0x0000000000011d3c       0x28 c:/intelfpga_pro/18.1/nios2eds/bin/gnu/h-x86_64-mingw32/bin/../lib/gcc/nios2-elf/7.3.1\libgcc.a(_bswapsi2.o)
                0x0000000000011d3c                __bswapsi2
 .text          0x0000000000011d64       0x74 c:/intelfpga_pro/18.1/nios2eds/bin/gnu/h-x86_64-mingw32/bin/../lib/gcc/nios2-elf/7.3.1\libgcc.a(_fixunsdfsi.o)
                0x0000000000011d64                __fixunsdfsi
 .text          0x0000000000011dd8       0x90 c:/intelfpga_pro/18.1/nios2eds/bin/gnu/h-x86_64-mingw32/bin/../lib/gcc/nios2-elf/7.3.1\libgcc.a(_fixunsdfdi.o)
                0x0000000000011dd8                __fixunsdfdi
 .text          0x0000000000011e68      0x598 c:/intelfpga_pro/18.1/nios2eds/bin/gnu/h-x86_64-mingw32/bin/../lib/gcc/nios2-elf/7.3.1\libgcc.a(_udivdi3.o)
                0x0000000000011e68                __udivdi3
 .text          0x0000000000012400      0x554 c:/intelfpga_pro/18.1/nios2eds/bin/gnu/h-x86_64-mingw32/bin/../lib/gcc/nios2-elf/7.3.1\libgcc.a(_umoddi3.o)
                0x0000000000012400                __umoddi3
 .text          0x0000000000012954      0x1bc c:/intelfpga_pro/18.1/nios2eds/bin/gnu/h-x86_64-mingw32/bin/../lib/gcc/nios2-elf/7.3.1\libgcc.a(lib2-divmod.o)
                0x0000000000012954                __divsi3
                0x00000000000129dc                __modsi3
                0x0000000000012a54                __udivsi3
                0x0000000000012ab8                __umodsi3
 .text          0x0000000000012b10      0x8c0 c:/intelfpga_pro/18.1/nios2eds/bin/gnu/h-x86_64-mingw32/bin/../lib/gcc/nios2-elf/7.3.1\libgcc.a(adddf3.o)
                0x0000000000012b10                __adddf3
 .text          0x00000000000133d0      0x8cc c:/intelfpga_pro/18.1/nios2eds/bin/gnu/h-x86_64-mingw32/bin/../lib/gcc/nios2-elf/7.3.1\libgcc.a(divdf3.o)
                0x00000000000133d0                __divdf3
 .text          0x0000000000013c9c       0xe0 c:/intelfpga_pro/18.1/nios2eds/bin/gnu/h-x86_64-mingw32/bin/../lib/gcc/nios2-elf/7.3.1\libgcc.a(gedf2.o)
                0x0000000000013c9c                __gedf2
                0x0000000000013c9c                __gtdf2
 .text          0x0000000000013d7c      0x6dc c:/intelfpga_pro/18.1/nios2eds/bin/gnu/h-x86_64-mingw32/bin/../lib/gcc/nios2-elf/7.3.1\libgcc.a(muldf3.o)
                0x0000000000013d7c                __muldf3
 .text          0x0000000000014458      0x8d4 c:/intelfpga_pro/18.1/nios2eds/bin/gnu/h-x86_64-mingw32/bin/../lib/gcc/nios2-elf/7.3.1\libgcc.a(subdf3.o)
                0x0000000000014458                __subdf3
 .text          0x0000000000014d2c       0x80 c:/intelfpga_pro/18.1/nios2eds/bin/gnu/h-x86_64-mingw32/bin/../lib/gcc/nios2-elf/7.3.1\libgcc.a(fixdfsi.o)
                0x0000000000014d2c                __fixdfsi
 .text          0x0000000000014dac       0x9c c:/intelfpga_pro/18.1/nios2eds/bin/gnu/h-x86_64-mingw32/bin/../lib/gcc/nios2-elf/7.3.1\libgcc.a(floatunsidf.o)
                0x0000000000014dac                __floatunsidf
 .text          0x0000000000014e48      0x10c c:/intelfpga_pro/18.1/nios2eds/bin/gnu/h-x86_64-mingw32/bin/../lib/gcc/nios2-elf/7.3.1\libgcc.a(extendsfdf2.o)
                0x0000000000014e48                __extendsfdf2
 .text          0x0000000000014f54        0x0 c:/intelfpga_pro/18.1/nios2eds/bin/gnu/h-x86_64-mingw32/bin/../lib/gcc/nios2-elf/7.3.1\libgcc.a(_clz.o)
 .text          0x0000000000014f54       0x54 c:/intelfpga_pro/18.1/nios2eds/bin/gnu/h-x86_64-mingw32/bin/../lib/gcc/nios2-elf/7.3.1\libgcc.a(_clzsi2.o)
                0x0000000000014f54                __clzsi2
 .text          0x0000000000014fa8        0x0 c:/intelfpga_pro/18.1/nios2eds/bin/gnu/h-x86_64-mingw32/bin/../lib/gcc/nios2-elf/7.3.1/../../../../../H-x86_64-mingw32/nios2-elf/lib\libc.a(lib_a-calloc.o)
 .text.calloc   0x0000000000014fa8       0x14 c:/intelfpga_pro/18.1/nios2eds/bin/gnu/h-x86_64-mingw32/bin/../lib/gcc/nios2-elf/7.3.1/../../../../../H-x86_64-mingw32/nios2-elf/lib\libc.a(lib_a-calloc.o)
                0x0000000000014fa8                calloc
 .text          0x0000000000014fbc        0x0 c:/intelfpga_pro/18.1/nios2eds/bin/gnu/h-x86_64-mingw32/bin/../lib/gcc/nios2-elf/7.3.1/../../../../../H-x86_64-mingw32/nios2-elf/lib\libc.a(lib_a-callocr.o)
 .text._calloc_r
                0x0000000000014fbc       0xbc c:/intelfpga_pro/18.1/nios2eds/bin/gnu/h-x86_64-mingw32/bin/../lib/gcc/nios2-elf/7.3.1/../../../../../H-x86_64-mingw32/nios2-elf/lib\libc.a(lib_a-callocr.o)
                0x0000000000014fbc                _calloc_r
 .text          0x0000000000015078        0x0 c:/intelfpga_pro/18.1/nios2eds/bin/gnu/h-x86_64-mingw32/bin/../lib/gcc/nios2-elf/7.3.1/../../../../../H-x86_64-mingw32/nios2-elf/lib\libc.a(lib_a-getc.o)
 .text._getc_r  0x0000000000015078       0x7c c:/intelfpga_pro/18.1/nios2eds/bin/gnu/h-x86_64-mingw32/bin/../lib/gcc/nios2-elf/7.3.1/../../../../../H-x86_64-mingw32/nios2-elf/lib\libc.a(lib_a-getc.o)
                0x0000000000015078                _getc_r
 .text.getc     0x00000000000150f4       0x90 c:/intelfpga_pro/18.1/nios2eds/bin/gnu/h-x86_64-mingw32/bin/../lib/gcc/nios2-elf/7.3.1/../../../../../H-x86_64-mingw32/nios2-elf/lib\libc.a(lib_a-getc.o)
                0x00000000000150f4                getc
 .text          0x0000000000015184        0x0 c:/intelfpga_pro/18.1/nios2eds/bin/gnu/h-x86_64-mingw32/bin/../lib/gcc/nios2-elf/7.3.1/../../../../../H-x86_64-mingw32/nios2-elf/lib\libc.a(lib_a-impure.o)
 .text          0x0000000000015184        0x0 c:/intelfpga_pro/18.1/nios2eds/bin/gnu/h-x86_64-mingw32/bin/../lib/gcc/nios2-elf/7.3.1/../../../../../H-x86_64-mingw32/nios2-elf/lib\libc.a(lib_a-locale.o)
 .text._setlocale_r
                0x0000000000015184       0x7c c:/intelfpga_pro/18.1/nios2eds/bin/gnu/h-x86_64-mingw32/bin/../lib/gcc/nios2-elf/7.3.1/../../../../../H-x86_64-mingw32/nios2-elf/lib\libc.a(lib_a-locale.o)
                0x0000000000015184                _setlocale_r
 .text.__locale_mb_cur_max
                0x0000000000015200       0x20 c:/intelfpga_pro/18.1/nios2eds/bin/gnu/h-x86_64-mingw32/bin/../lib/gcc/nios2-elf/7.3.1/../../../../../H-x86_64-mingw32/nios2-elf/lib\libc.a(lib_a-locale.o)
                0x0000000000015200                __locale_mb_cur_max
 .text.__locale_ctype_ptr_l
                0x0000000000015220        0x8 c:/intelfpga_pro/18.1/nios2eds/bin/gnu/h-x86_64-mingw32/bin/../lib/gcc/nios2-elf/7.3.1/../../../../../H-x86_64-mingw32/nios2-elf/lib\libc.a(lib_a-locale.o)
                0x0000000000015220                __locale_ctype_ptr_l
 .text.__locale_ctype_ptr
                0x0000000000015228       0x20 c:/intelfpga_pro/18.1/nios2eds/bin/gnu/h-x86_64-mingw32/bin/../lib/gcc/nios2-elf/7.3.1/../../../../../H-x86_64-mingw32/nios2-elf/lib\libc.a(lib_a-locale.o)
                0x0000000000015228                __locale_ctype_ptr
 .text.setlocale
                0x0000000000015248       0x14 c:/intelfpga_pro/18.1/nios2eds/bin/gnu/h-x86_64-mingw32/bin/../lib/gcc/nios2-elf/7.3.1/../../../../../H-x86_64-mingw32/nios2-elf/lib\libc.a(lib_a-locale.o)
                0x0000000000015248                setlocale
 .text          0x000000000001525c        0x0 c:/intelfpga_pro/18.1/nios2eds/bin/gnu/h-x86_64-mingw32/bin/../lib/gcc/nios2-elf/7.3.1/../../../../../H-x86_64-mingw32/nios2-elf/lib\libc.a(lib_a-malloc.o)
 .text.malloc   0x000000000001525c       0x10 c:/intelfpga_pro/18.1/nios2eds/bin/gnu/h-x86_64-mingw32/bin/../lib/gcc/nios2-elf/7.3.1/../../../../../H-x86_64-mingw32/nios2-elf/lib\libc.a(lib_a-malloc.o)
                0x000000000001525c                malloc
 .text.free     0x000000000001526c       0x10 c:/intelfpga_pro/18.1/nios2eds/bin/gnu/h-x86_64-mingw32/bin/../lib/gcc/nios2-elf/7.3.1/../../../../../H-x86_64-mingw32/nios2-elf/lib\libc.a(lib_a-malloc.o)
                0x000000000001526c                free
 .text          0x000000000001527c        0x0 c:/intelfpga_pro/18.1/nios2eds/bin/gnu/h-x86_64-mingw32/bin/../lib/gcc/nios2-elf/7.3.1/../../../../../H-x86_64-mingw32/nios2-elf/lib\libc.a(lib_a-mallocr.o)
 .text._malloc_r
                0x000000000001527c      0x7d8 c:/intelfpga_pro/18.1/nios2eds/bin/gnu/h-x86_64-mingw32/bin/../lib/gcc/nios2-elf/7.3.1/../../../../../H-x86_64-mingw32/nios2-elf/lib\libc.a(lib_a-mallocr.o)
                0x000000000001527c                _malloc_r
 .text          0x0000000000015a54        0x0 c:/intelfpga_pro/18.1/nios2eds/bin/gnu/h-x86_64-mingw32/bin/../lib/gcc/nios2-elf/7.3.1/../../../../../H-x86_64-mingw32/nios2-elf/lib\libc.a(lib_a-mbtowc_r.o)
 .text._mbtowc_r
                0x0000000000015a54       0x28 c:/intelfpga_pro/18.1/nios2eds/bin/gnu/h-x86_64-mingw32/bin/../lib/gcc/nios2-elf/7.3.1/../../../../../H-x86_64-mingw32/nios2-elf/lib\libc.a(lib_a-mbtowc_r.o)
                0x0000000000015a54                _mbtowc_r
 .text.__ascii_mbtowc
                0x0000000000015a7c       0x44 c:/intelfpga_pro/18.1/nios2eds/bin/gnu/h-x86_64-mingw32/bin/../lib/gcc/nios2-elf/7.3.1/../../../../../H-x86_64-mingw32/nios2-elf/lib\libc.a(lib_a-mbtowc_r.o)
                0x0000000000015a7c                __ascii_mbtowc
 .text          0x0000000000015ac0        0x0 c:/intelfpga_pro/18.1/nios2eds/bin/gnu/h-x86_64-mingw32/bin/../lib/gcc/nios2-elf/7.3.1/../../../../../H-x86_64-mingw32/nios2-elf/lib\libc.a(lib_a-memcpy.o)
 .text.memcpy   0x0000000000015ac0       0xf0 c:/intelfpga_pro/18.1/nios2eds/bin/gnu/h-x86_64-mingw32/bin/../lib/gcc/nios2-elf/7.3.1/../../../../../H-x86_64-mingw32/nios2-elf/lib\libc.a(lib_a-memcpy.o)
                0x0000000000015ac0                memcpy
 .text          0x0000000000015bb0        0x0 c:/intelfpga_pro/18.1/nios2eds/bin/gnu/h-x86_64-mingw32/bin/../lib/gcc/nios2-elf/7.3.1/../../../../../H-x86_64-mingw32/nios2-elf/lib\libc.a(lib_a-memset.o)
 .text.memset   0x0000000000015bb0       0xfc c:/intelfpga_pro/18.1/nios2eds/bin/gnu/h-x86_64-mingw32/bin/../lib/gcc/nios2-elf/7.3.1/../../../../../H-x86_64-mingw32/nios2-elf/lib\libc.a(lib_a-memset.o)
                0x0000000000015bb0                memset
 .text          0x0000000000015cac        0x0 c:/intelfpga_pro/18.1/nios2eds/bin/gnu/h-x86_64-mingw32/bin/../lib/gcc/nios2-elf/7.3.1/../../../../../H-x86_64-mingw32/nios2-elf/lib\libc.a(lib_a-mktime.o)
 .text.validate_structure
                0x0000000000015cac      0x2b0 c:/intelfpga_pro/18.1/nios2eds/bin/gnu/h-x86_64-mingw32/bin/../lib/gcc/nios2-elf/7.3.1/../../../../../H-x86_64-mingw32/nios2-elf/lib\libc.a(lib_a-mktime.o)
 .text.mktime   0x0000000000015f5c      0x3c0 c:/intelfpga_pro/18.1/nios2eds/bin/gnu/h-x86_64-mingw32/bin/../lib/gcc/nios2-elf/7.3.1/../../../../../H-x86_64-mingw32/nios2-elf/lib\libc.a(lib_a-mktime.o)
                0x0000000000015f5c                mktime
 .text          0x000000000001631c        0x0 c:/intelfpga_pro/18.1/nios2eds/bin/gnu/h-x86_64-mingw32/bin/../lib/gcc/nios2-elf/7.3.1/../../../../../H-x86_64-mingw32/nios2-elf/lib\libc.a(lib_a-printf.o)
 .text._printf_r
                0x000000000001631c       0x30 c:/intelfpga_pro/18.1/nios2eds/bin/gnu/h-x86_64-mingw32/bin/../lib/gcc/nios2-elf/7.3.1/../../../../../H-x86_64-mingw32/nios2-elf/lib\libc.a(lib_a-printf.o)
                0x000000000001631c                _printf_r
 .text.printf   0x000000000001634c       0x38 c:/intelfpga_pro/18.1/nios2eds/bin/gnu/h-x86_64-mingw32/bin/../lib/gcc/nios2-elf/7.3.1/../../../../../H-x86_64-mingw32/nios2-elf/lib\libc.a(lib_a-printf.o)
                0x000000000001634c                printf
 .text          0x0000000000016384        0x0 c:/intelfpga_pro/18.1/nios2eds/bin/gnu/h-x86_64-mingw32/bin/../lib/gcc/nios2-elf/7.3.1/../../../../../H-x86_64-mingw32/nios2-elf/lib\libc.a(lib_a-putchar.o)
 .text._putchar_r
                0x0000000000016384        0x8 c:/intelfpga_pro/18.1/nios2eds/bin/gnu/h-x86_64-mingw32/bin/../lib/gcc/nios2-elf/7.3.1/../../../../../H-x86_64-mingw32/nios2-elf/lib\libc.a(lib_a-putchar.o)
                0x0000000000016384                _putchar_r
 .text.putchar  0x000000000001638c       0x18 c:/intelfpga_pro/18.1/nios2eds/bin/gnu/h-x86_64-mingw32/bin/../lib/gcc/nios2-elf/7.3.1/../../../../../H-x86_64-mingw32/nios2-elf/lib\libc.a(lib_a-putchar.o)
                0x000000000001638c                putchar
 .text          0x00000000000163a4        0x0 c:/intelfpga_pro/18.1/nios2eds/bin/gnu/h-x86_64-mingw32/bin/../lib/gcc/nios2-elf/7.3.1/../../../../../H-x86_64-mingw32/nios2-elf/lib\libc.a(lib_a-puts.o)
 .text._puts_r  0x00000000000163a4       0xcc c:/intelfpga_pro/18.1/nios2eds/bin/gnu/h-x86_64-mingw32/bin/../lib/gcc/nios2-elf/7.3.1/../../../../../H-x86_64-mingw32/nios2-elf/lib\libc.a(lib_a-puts.o)
                0x00000000000163a4                _puts_r
 .text.puts     0x0000000000016470       0x10 c:/intelfpga_pro/18.1/nios2eds/bin/gnu/h-x86_64-mingw32/bin/../lib/gcc/nios2-elf/7.3.1/../../../../../H-x86_64-mingw32/nios2-elf/lib\libc.a(lib_a-puts.o)
                0x0000000000016470                puts
 .text          0x0000000000016480        0x0 c:/intelfpga_pro/18.1/nios2eds/bin/gnu/h-x86_64-mingw32/bin/../lib/gcc/nios2-elf/7.3.1/../../../../../H-x86_64-mingw32/nios2-elf/lib\libc.a(lib_a-rget.o)
 .text.__srget_r
                0x0000000000016480       0x74 c:/intelfpga_pro/18.1/nios2eds/bin/gnu/h-x86_64-mingw32/bin/../lib/gcc/nios2-elf/7.3.1/../../../../../H-x86_64-mingw32/nios2-elf/lib\libc.a(lib_a-rget.o)
                0x0000000000016480                __srget_r
 .text.__srget  0x00000000000164f4       0x10 c:/intelfpga_pro/18.1/nios2eds/bin/gnu/h-x86_64-mingw32/bin/../lib/gcc/nios2-elf/7.3.1/../../../../../H-x86_64-mingw32/nios2-elf/lib\libc.a(lib_a-rget.o)
                0x00000000000164f4                __srget
 .text          0x0000000000016504        0x0 c:/intelfpga_pro/18.1/nios2eds/bin/gnu/h-x86_64-mingw32/bin/../lib/gcc/nios2-elf/7.3.1/../../../../../H-x86_64-mingw32/nios2-elf/lib\libc.a(lib_a-sbrkr.o)
 .text._sbrk_r  0x0000000000016504       0x58 c:/intelfpga_pro/18.1/nios2eds/bin/gnu/h-x86_64-mingw32/bin/../lib/gcc/nios2-elf/7.3.1/../../../../../H-x86_64-mingw32/nios2-elf/lib\libc.a(lib_a-sbrkr.o)
                0x0000000000016504                _sbrk_r
 .text          0x000000000001655c        0x0 c:/intelfpga_pro/18.1/nios2eds/bin/gnu/h-x86_64-mingw32/bin/../lib/gcc/nios2-elf/7.3.1/../../../../../H-x86_64-mingw32/nios2-elf/lib\libc.a(lib_a-sprintf.o)
 .text._sprintf_r
                0x000000000001655c       0x54 c:/intelfpga_pro/18.1/nios2eds/bin/gnu/h-x86_64-mingw32/bin/../lib/gcc/nios2-elf/7.3.1/../../../../../H-x86_64-mingw32/nios2-elf/lib\libc.a(lib_a-sprintf.o)
                0x000000000001655c                _sprintf_r
 .text.sprintf  0x00000000000165b0       0x64 c:/intelfpga_pro/18.1/nios2eds/bin/gnu/h-x86_64-mingw32/bin/../lib/gcc/nios2-elf/7.3.1/../../../../../H-x86_64-mingw32/nios2-elf/lib\libc.a(lib_a-sprintf.o)
                0x00000000000165b0                sprintf
 .text          0x0000000000016614        0x0 c:/intelfpga_pro/18.1/nios2eds/bin/gnu/h-x86_64-mingw32/bin/../lib/gcc/nios2-elf/7.3.1/../../../../../H-x86_64-mingw32/nios2-elf/lib\libc.a(lib_a-strcmp.o)
 .text.strcmp   0x0000000000016614       0xcc c:/intelfpga_pro/18.1/nios2eds/bin/gnu/h-x86_64-mingw32/bin/../lib/gcc/nios2-elf/7.3.1/../../../../../H-x86_64-mingw32/nios2-elf/lib\libc.a(lib_a-strcmp.o)
                0x0000000000016614                strcmp
 .text          0x00000000000166e0        0x0 c:/intelfpga_pro/18.1/nios2eds/bin/gnu/h-x86_64-mingw32/bin/../lib/gcc/nios2-elf/7.3.1/../../../../../H-x86_64-mingw32/nios2-elf/lib\libc.a(lib_a-strcpy.o)
 .text.strcpy   0x00000000000166e0       0x8c c:/intelfpga_pro/18.1/nios2eds/bin/gnu/h-x86_64-mingw32/bin/../lib/gcc/nios2-elf/7.3.1/../../../../../H-x86_64-mingw32/nios2-elf/lib\libc.a(lib_a-strcpy.o)
                0x00000000000166e0                strcpy
 .text          0x000000000001676c        0x0 c:/intelfpga_pro/18.1/nios2eds/bin/gnu/h-x86_64-mingw32/bin/../lib/gcc/nios2-elf/7.3.1/../../../../../H-x86_64-mingw32/nios2-elf/lib\libc.a(lib_a-strlen.o)
 .text.strlen   0x000000000001676c       0x90 c:/intelfpga_pro/18.1/nios2eds/bin/gnu/h-x86_64-mingw32/bin/../lib/gcc/nios2-elf/7.3.1/../../../../../H-x86_64-mingw32/nios2-elf/lib\libc.a(lib_a-strlen.o)
                0x000000000001676c                strlen
 .text          0x00000000000167fc        0x0 c:/intelfpga_pro/18.1/nios2eds/bin/gnu/h-x86_64-mingw32/bin/../lib/gcc/nios2-elf/7.3.1/../../../../../H-x86_64-mingw32/nios2-elf/lib\libc.a(lib_a-svfprintf.o)
 .text.___svfprintf_internal_r
                0x00000000000167fc     0x1fb4 c:/intelfpga_pro/18.1/nios2eds/bin/gnu/h-x86_64-mingw32/bin/../lib/gcc/nios2-elf/7.3.1/../../../../../H-x86_64-mingw32/nios2-elf/lib\libc.a(lib_a-svfprintf.o)
                0x00000000000167fc                ___svfprintf_internal_r
 .text          0x00000000000187b0        0x0 c:/intelfpga_pro/18.1/nios2eds/bin/gnu/h-x86_64-mingw32/bin/../lib/gcc/nios2-elf/7.3.1/../../../../../H-x86_64-mingw32/nios2-elf/lib\libc.a(lib_a-tzcalc_limits.o)
 .text.__tzcalc_limits
                0x00000000000187b0      0x228 c:/intelfpga_pro/18.1/nios2eds/bin/gnu/h-x86_64-mingw32/bin/../lib/gcc/nios2-elf/7.3.1/../../../../../H-x86_64-mingw32/nios2-elf/lib\libc.a(lib_a-tzcalc_limits.o)
                0x00000000000187b0                __tzcalc_limits
 .text          0x00000000000189d8        0x0 c:/intelfpga_pro/18.1/nios2eds/bin/gnu/h-x86_64-mingw32/bin/../lib/gcc/nios2-elf/7.3.1/../../../../../H-x86_64-mingw32/nios2-elf/lib\libc.a(lib_a-tzlock.o)
 .text.__tz_lock
                0x00000000000189d8        0x4 c:/intelfpga_pro/18.1/nios2eds/bin/gnu/h-x86_64-mingw32/bin/../lib/gcc/nios2-elf/7.3.1/../../../../../H-x86_64-mingw32/nios2-elf/lib\libc.a(lib_a-tzlock.o)
                0x00000000000189d8                __tz_lock
 .text.__tz_unlock
                0x00000000000189dc        0x4 c:/intelfpga_pro/18.1/nios2eds/bin/gnu/h-x86_64-mingw32/bin/../lib/gcc/nios2-elf/7.3.1/../../../../../H-x86_64-mingw32/nios2-elf/lib\libc.a(lib_a-tzlock.o)
                0x00000000000189dc                __tz_unlock
 .text          0x00000000000189e0        0x0 c:/intelfpga_pro/18.1/nios2eds/bin/gnu/h-x86_64-mingw32/bin/../lib/gcc/nios2-elf/7.3.1/../../../../../H-x86_64-mingw32/nios2-elf/lib\libc.a(lib_a-tzset.o)
 .text._tzset_unlocked
                0x00000000000189e0        0xc c:/intelfpga_pro/18.1/nios2eds/bin/gnu/h-x86_64-mingw32/bin/../lib/gcc/nios2-elf/7.3.1/../../../../../H-x86_64-mingw32/nios2-elf/lib\libc.a(lib_a-tzset.o)
                0x00000000000189e0                _tzset_unlocked
 .text.tzset    0x00000000000189ec       0x24 c:/intelfpga_pro/18.1/nios2eds/bin/gnu/h-x86_64-mingw32/bin/../lib/gcc/nios2-elf/7.3.1/../../../../../H-x86_64-mingw32/nios2-elf/lib\libc.a(lib_a-tzset.o)
                0x00000000000189ec                tzset
 .text          0x0000000000018a10        0x0 c:/intelfpga_pro/18.1/nios2eds/bin/gnu/h-x86_64-mingw32/bin/../lib/gcc/nios2-elf/7.3.1/../../../../../H-x86_64-mingw32/nios2-elf/lib\libc.a(lib_a-tzset_r.o)
 .text._tzset_unlocked_r
                0x0000000000018a10      0x4e8 c:/intelfpga_pro/18.1/nios2eds/bin/gnu/h-x86_64-mingw32/bin/../lib/gcc/nios2-elf/7.3.1/../../../../../H-x86_64-mingw32/nios2-elf/lib\libc.a(lib_a-tzset_r.o)
                0x0000000000018a10                _tzset_unlocked_r
 .text._tzset_r
                0x0000000000018ef8       0x24 c:/intelfpga_pro/18.1/nios2eds/bin/gnu/h-x86_64-mingw32/bin/../lib/gcc/nios2-elf/7.3.1/../../../../../H-x86_64-mingw32/nios2-elf/lib\libc.a(lib_a-tzset_r.o)
                0x0000000000018ef8                _tzset_r
 .text          0x0000000000018f1c        0x0 c:/intelfpga_pro/18.1/nios2eds/bin/gnu/h-x86_64-mingw32/bin/../lib/gcc/nios2-elf/7.3.1/../../../../../H-x86_64-mingw32/nios2-elf/lib\libc.a(lib_a-tzvars.o)
 .text          0x0000000000018f1c        0x0 c:/intelfpga_pro/18.1/nios2eds/bin/gnu/h-x86_64-mingw32/bin/../lib/gcc/nios2-elf/7.3.1/../../../../../H-x86_64-mingw32/nios2-elf/lib\libc.a(lib_a-vfprintf.o)
 .text.___vfprintf_internal_r
                0x0000000000018f1c     0x1fb4 c:/intelfpga_pro/18.1/nios2eds/bin/gnu/h-x86_64-mingw32/bin/../lib/gcc/nios2-elf/7.3.1/../../../../../H-x86_64-mingw32/nios2-elf/lib\libc.a(lib_a-vfprintf.o)
                0x0000000000018f1c                ___vfprintf_internal_r
 .text.__vfprintf_internal
                0x000000000001aed0       0x18 c:/intelfpga_pro/18.1/nios2eds/bin/gnu/h-x86_64-mingw32/bin/../lib/gcc/nios2-elf/7.3.1/../../../../../H-x86_64-mingw32/nios2-elf/lib\libc.a(lib_a-vfprintf.o)
                0x000000000001aed0                __vfprintf_internal
 .text.__sbprintf
                0x000000000001aee8       0xc0 c:/intelfpga_pro/18.1/nios2eds/bin/gnu/h-x86_64-mingw32/bin/../lib/gcc/nios2-elf/7.3.1/../../../../../H-x86_64-mingw32/nios2-elf/lib\libc.a(lib_a-vfprintf.o)
 .text          0x000000000001afa8        0x0 c:/intelfpga_pro/18.1/nios2eds/bin/gnu/h-x86_64-mingw32/bin/../lib/gcc/nios2-elf/7.3.1/../../../../../H-x86_64-mingw32/nios2-elf/lib\libc.a(lib_a-wctomb_r.o)
 .text._wctomb_r
                0x000000000001afa8       0x20 c:/intelfpga_pro/18.1/nios2eds/bin/gnu/h-x86_64-mingw32/bin/../lib/gcc/nios2-elf/7.3.1/../../../../../H-x86_64-mingw32/nios2-elf/lib\libc.a(lib_a-wctomb_r.o)
                0x000000000001afa8                _wctomb_r
 .text.__ascii_wctomb
                0x000000000001afc8       0x30 c:/intelfpga_pro/18.1/nios2eds/bin/gnu/h-x86_64-mingw32/bin/../lib/gcc/nios2-elf/7.3.1/../../../../../H-x86_64-mingw32/nios2-elf/lib\libc.a(lib_a-wctomb_r.o)
                0x000000000001afc8                __ascii_wctomb
 .text          0x000000000001aff8        0x0 c:/intelfpga_pro/18.1/nios2eds/bin/gnu/h-x86_64-mingw32/bin/../lib/gcc/nios2-elf/7.3.1/../../../../../H-x86_64-mingw32/nios2-elf/lib\libc.a(lib_a-wsetup.o)
 .text.__swsetup_r
                0x000000000001aff8      0x158 c:/intelfpga_pro/18.1/nios2eds/bin/gnu/h-x86_64-mingw32/bin/../lib/gcc/nios2-elf/7.3.1/../../../../../H-x86_64-mingw32/nios2-elf/lib\libc.a(lib_a-wsetup.o)
                0x000000000001aff8                __swsetup_r
 .text          0x000000000001b150        0x0 c:/intelfpga_pro/18.1/nios2eds/bin/gnu/h-x86_64-mingw32/bin/../lib/gcc/nios2-elf/7.3.1/../../../../../H-x86_64-mingw32/nios2-elf/lib\libc.a(lib_a-ctype_.o)
 .text          0x000000000001b150        0x0 c:/intelfpga_pro/18.1/nios2eds/bin/gnu/h-x86_64-mingw32/bin/../lib/gcc/nios2-elf/7.3.1/../../../../../H-x86_64-mingw32/nios2-elf/lib\libc.a(lib_a-div.o)
 .text.div      0x000000000001b150       0x74 c:/intelfpga_pro/18.1/nios2eds/bin/gnu/h-x86_64-mingw32/bin/../lib/gcc/nios2-elf/7.3.1/../../../../../H-x86_64-mingw32/nios2-elf/lib\libc.a(lib_a-div.o)
                0x000000000001b150                div
 .text          0x000000000001b1c4        0x0 c:/intelfpga_pro/18.1/nios2eds/bin/gnu/h-x86_64-mingw32/bin/../lib/gcc/nios2-elf/7.3.1/../../../../../H-x86_64-mingw32/nios2-elf/lib\libc.a(lib_a-dtoa.o)
 .text.quorem   0x000000000001b1c4      0x1f8 c:/intelfpga_pro/18.1/nios2eds/bin/gnu/h-x86_64-mingw32/bin/../lib/gcc/nios2-elf/7.3.1/../../../../../H-x86_64-mingw32/nios2-elf/lib\libc.a(lib_a-dtoa.o)
 .text._dtoa_r  0x000000000001b3bc     0x16a8 c:/intelfpga_pro/18.1/nios2eds/bin/gnu/h-x86_64-mingw32/bin/../lib/gcc/nios2-elf/7.3.1/../../../../../H-x86_64-mingw32/nios2-elf/lib\libc.a(lib_a-dtoa.o)
                0x000000000001b3bc                _dtoa_r
 .text          0x000000000001ca64        0x0 c:/intelfpga_pro/18.1/nios2eds/bin/gnu/h-x86_64-mingw32/bin/../lib/gcc/nios2-elf/7.3.1/../../../../../H-x86_64-mingw32/nios2-elf/lib\libc.a(lib_a-fflush.o)
 .text.__sflush_r
                0x000000000001ca64      0x220 c:/intelfpga_pro/18.1/nios2eds/bin/gnu/h-x86_64-mingw32/bin/../lib/gcc/nios2-elf/7.3.1/../../../../../H-x86_64-mingw32/nios2-elf/lib\libc.a(lib_a-fflush.o)
                0x000000000001ca64                __sflush_r
 .text._fflush_r
                0x000000000001cc84       0x60 c:/intelfpga_pro/18.1/nios2eds/bin/gnu/h-x86_64-mingw32/bin/../lib/gcc/nios2-elf/7.3.1/../../../../../H-x86_64-mingw32/nios2-elf/lib\libc.a(lib_a-fflush.o)
                0x000000000001cc84                _fflush_r
 .text.fflush   0x000000000001cce4       0x28 c:/intelfpga_pro/18.1/nios2eds/bin/gnu/h-x86_64-mingw32/bin/../lib/gcc/nios2-elf/7.3.1/../../../../../H-x86_64-mingw32/nios2-elf/lib\libc.a(lib_a-fflush.o)
                0x000000000001cce4                fflush
 .text          0x000000000001cd0c        0x0 c:/intelfpga_pro/18.1/nios2eds/bin/gnu/h-x86_64-mingw32/bin/../lib/gcc/nios2-elf/7.3.1/../../../../../H-x86_64-mingw32/nios2-elf/lib\libc.a(lib_a-findfp.o)
 .text.__fp_lock
                0x000000000001cd0c        0x8 c:/intelfpga_pro/18.1/nios2eds/bin/gnu/h-x86_64-mingw32/bin/../lib/gcc/nios2-elf/7.3.1/../../../../../H-x86_64-mingw32/nios2-elf/lib\libc.a(lib_a-findfp.o)
 .text._cleanup_r
                0x000000000001cd14        0xc c:/intelfpga_pro/18.1/nios2eds/bin/gnu/h-x86_64-mingw32/bin/../lib/gcc/nios2-elf/7.3.1/../../../../../H-x86_64-mingw32/nios2-elf/lib\libc.a(lib_a-findfp.o)
                0x000000000001cd14                _cleanup_r
 .text.__sinit.part.0
                0x000000000001cd20      0x184 c:/intelfpga_pro/18.1/nios2eds/bin/gnu/h-x86_64-mingw32/bin/../lib/gcc/nios2-elf/7.3.1/../../../../../H-x86_64-mingw32/nios2-elf/lib\libc.a(lib_a-findfp.o)
 .text.__fp_unlock
                0x000000000001cea4        0x8 c:/intelfpga_pro/18.1/nios2eds/bin/gnu/h-x86_64-mingw32/bin/../lib/gcc/nios2-elf/7.3.1/../../../../../H-x86_64-mingw32/nios2-elf/lib\libc.a(lib_a-findfp.o)
 .text.__sfmoreglue
                0x000000000001ceac       0x68 c:/intelfpga_pro/18.1/nios2eds/bin/gnu/h-x86_64-mingw32/bin/../lib/gcc/nios2-elf/7.3.1/../../../../../H-x86_64-mingw32/nios2-elf/lib\libc.a(lib_a-findfp.o)
                0x000000000001ceac                __sfmoreglue
 .text.__sfp    0x000000000001cf14       0xfc c:/intelfpga_pro/18.1/nios2eds/bin/gnu/h-x86_64-mingw32/bin/../lib/gcc/nios2-elf/7.3.1/../../../../../H-x86_64-mingw32/nios2-elf/lib\libc.a(lib_a-findfp.o)
                0x000000000001cf14                __sfp
 .text._cleanup
                0x000000000001d010       0x14 c:/intelfpga_pro/18.1/nios2eds/bin/gnu/h-x86_64-mingw32/bin/../lib/gcc/nios2-elf/7.3.1/../../../../../H-x86_64-mingw32/nios2-elf/lib\libc.a(lib_a-findfp.o)
                0x000000000001d010                _cleanup
 .text.__sinit  0x000000000001d024       0x10 c:/intelfpga_pro/18.1/nios2eds/bin/gnu/h-x86_64-mingw32/bin/../lib/gcc/nios2-elf/7.3.1/../../../../../H-x86_64-mingw32/nios2-elf/lib\libc.a(lib_a-findfp.o)
                0x000000000001d024                __sinit
 .text.__sfp_lock_acquire
                0x000000000001d034        0x4 c:/intelfpga_pro/18.1/nios2eds/bin/gnu/h-x86_64-mingw32/bin/../lib/gcc/nios2-elf/7.3.1/../../../../../H-x86_64-mingw32/nios2-elf/lib\libc.a(lib_a-findfp.o)
                0x000000000001d034                __sfp_lock_acquire
 .text.__sfp_lock_release
                0x000000000001d038        0x4 c:/intelfpga_pro/18.1/nios2eds/bin/gnu/h-x86_64-mingw32/bin/../lib/gcc/nios2-elf/7.3.1/../../../../../H-x86_64-mingw32/nios2-elf/lib\libc.a(lib_a-findfp.o)
                0x000000000001d038                __sfp_lock_release
 .text.__sinit_lock_acquire
                0x000000000001d03c        0x4 c:/intelfpga_pro/18.1/nios2eds/bin/gnu/h-x86_64-mingw32/bin/../lib/gcc/nios2-elf/7.3.1/../../../../../H-x86_64-mingw32/nios2-elf/lib\libc.a(lib_a-findfp.o)
                0x000000000001d03c                __sinit_lock_acquire
 .text.__sinit_lock_release
                0x000000000001d040        0x4 c:/intelfpga_pro/18.1/nios2eds/bin/gnu/h-x86_64-mingw32/bin/../lib/gcc/nios2-elf/7.3.1/../../../../../H-x86_64-mingw32/nios2-elf/lib\libc.a(lib_a-findfp.o)
                0x000000000001d040                __sinit_lock_release
 .text.__fp_lock_all
                0x000000000001d044       0x14 c:/intelfpga_pro/18.1/nios2eds/bin/gnu/h-x86_64-mingw32/bin/../lib/gcc/nios2-elf/7.3.1/../../../../../H-x86_64-mingw32/nios2-elf/lib\libc.a(lib_a-findfp.o)
                0x000000000001d044                __fp_lock_all
 .text.__fp_unlock_all
                0x000000000001d058       0x14 c:/intelfpga_pro/18.1/nios2eds/bin/gnu/h-x86_64-mingw32/bin/../lib/gcc/nios2-elf/7.3.1/../../../../../H-x86_64-mingw32/nios2-elf/lib\libc.a(lib_a-findfp.o)
                0x000000000001d058                __fp_unlock_all
 .text          0x000000000001d06c        0x0 c:/intelfpga_pro/18.1/nios2eds/bin/gnu/h-x86_64-mingw32/bin/../lib/gcc/nios2-elf/7.3.1/../../../../../H-x86_64-mingw32/nios2-elf/lib\libc.a(lib_a-freer.o)
 .text._malloc_trim_r
                0x000000000001d06c      0x11c c:/intelfpga_pro/18.1/nios2eds/bin/gnu/h-x86_64-mingw32/bin/../lib/gcc/nios2-elf/7.3.1/../../../../../H-x86_64-mingw32/nios2-elf/lib\libc.a(lib_a-freer.o)
                0x000000000001d06c                _malloc_trim_r
 .text._free_r  0x000000000001d188      0x2f0 c:/intelfpga_pro/18.1/nios2eds/bin/gnu/h-x86_64-mingw32/bin/../lib/gcc/nios2-elf/7.3.1/../../../../../H-x86_64-mingw32/nios2-elf/lib\libc.a(lib_a-freer.o)
                0x000000000001d188                _free_r
 .text          0x000000000001d478        0x0 c:/intelfpga_pro/18.1/nios2eds/bin/gnu/h-x86_64-mingw32/bin/../lib/gcc/nios2-elf/7.3.1/../../../../../H-x86_64-mingw32/nios2-elf/lib\libc.a(lib_a-fvwrite.o)
 .text.__sfvwrite_r
                0x000000000001d478      0x4a0 c:/intelfpga_pro/18.1/nios2eds/bin/gnu/h-x86_64-mingw32/bin/../lib/gcc/nios2-elf/7.3.1/../../../../../H-x86_64-mingw32/nios2-elf/lib\libc.a(lib_a-fvwrite.o)
                0x000000000001d478                __sfvwrite_r
 .text          0x000000000001d918        0x0 c:/intelfpga_pro/18.1/nios2eds/bin/gnu/h-x86_64-mingw32/bin/../lib/gcc/nios2-elf/7.3.1/../../../../../H-x86_64-mingw32/nios2-elf/lib\libc.a(lib_a-fwalk.o)
 .text._fwalk   0x000000000001d918       0xa4 c:/intelfpga_pro/18.1/nios2eds/bin/gnu/h-x86_64-mingw32/bin/../lib/gcc/nios2-elf/7.3.1/../../../../../H-x86_64-mingw32/nios2-elf/lib\libc.a(lib_a-fwalk.o)
                0x000000000001d918                _fwalk
 .text._fwalk_reent
                0x000000000001d9bc       0xb4 c:/intelfpga_pro/18.1/nios2eds/bin/gnu/h-x86_64-mingw32/bin/../lib/gcc/nios2-elf/7.3.1/../../../../../H-x86_64-mingw32/nios2-elf/lib\libc.a(lib_a-fwalk.o)
                0x000000000001d9bc                _fwalk_reent
 .text          0x000000000001da70        0x0 c:/intelfpga_pro/18.1/nios2eds/bin/gnu/h-x86_64-mingw32/bin/../lib/gcc/nios2-elf/7.3.1/../../../../../H-x86_64-mingw32/nios2-elf/lib\libc.a(lib_a-getenv_r.o)
 .text._findenv_r
                0x000000000001da70      0x100 c:/intelfpga_pro/18.1/nios2eds/bin/gnu/h-x86_64-mingw32/bin/../lib/gcc/nios2-elf/7.3.1/../../../../../H-x86_64-mingw32/nios2-elf/lib\libc.a(lib_a-getenv_r.o)
                0x000000000001da70                _findenv_r
 .text._getenv_r
                0x000000000001db70       0x1c c:/intelfpga_pro/18.1/nios2eds/bin/gnu/h-x86_64-mingw32/bin/../lib/gcc/nios2-elf/7.3.1/../../../../../H-x86_64-mingw32/nios2-elf/lib\libc.a(lib_a-getenv_r.o)
                0x000000000001db70                _getenv_r
 .text          0x000000000001db8c        0x0 c:/intelfpga_pro/18.1/nios2eds/bin/gnu/h-x86_64-mingw32/bin/../lib/gcc/nios2-elf/7.3.1/../../../../../H-x86_64-mingw32/nios2-elf/lib\libc.a(lib_a-gettzinfo.o)
 .text.__gettzinfo
                0x000000000001db8c        0xc c:/intelfpga_pro/18.1/nios2eds/bin/gnu/h-x86_64-mingw32/bin/../lib/gcc/nios2-elf/7.3.1/../../../../../H-x86_64-mingw32/nios2-elf/lib\libc.a(lib_a-gettzinfo.o)
                0x000000000001db8c                __gettzinfo
 .text          0x000000000001db98        0x0 c:/intelfpga_pro/18.1/nios2eds/bin/gnu/h-x86_64-mingw32/bin/../lib/gcc/nios2-elf/7.3.1/../../../../../H-x86_64-mingw32/nios2-elf/lib\libc.a(lib_a-int_errno.o)
 .text          0x000000000001db98        0x0 c:/intelfpga_pro/18.1/nios2eds/bin/gnu/h-x86_64-mingw32/bin/../lib/gcc/nios2-elf/7.3.1/../../../../../H-x86_64-mingw32/nios2-elf/lib\libc.a(lib_a-localeconv.o)
 .text.__localeconv_l
                0x000000000001db98        0x8 c:/intelfpga_pro/18.1/nios2eds/bin/gnu/h-x86_64-mingw32/bin/../lib/gcc/nios2-elf/7.3.1/../../../../../H-x86_64-mingw32/nios2-elf/lib\libc.a(lib_a-localeconv.o)
                0x000000000001db98                __localeconv_l
 .text._localeconv_r
                0x000000000001dba0       0x20 c:/intelfpga_pro/18.1/nios2eds/bin/gnu/h-x86_64-mingw32/bin/../lib/gcc/nios2-elf/7.3.1/../../../../../H-x86_64-mingw32/nios2-elf/lib\libc.a(lib_a-localeconv.o)
                0x000000000001dba0                _localeconv_r
 .text.localeconv
                0x000000000001dbc0       0x20 c:/intelfpga_pro/18.1/nios2eds/bin/gnu/h-x86_64-mingw32/bin/../lib/gcc/nios2-elf/7.3.1/../../../../../H-x86_64-mingw32/nios2-elf/lib\libc.a(lib_a-localeconv.o)
                0x000000000001dbc0                localeconv
 .text          0x000000000001dbe0        0x0 c:/intelfpga_pro/18.1/nios2eds/bin/gnu/h-x86_64-mingw32/bin/../lib/gcc/nios2-elf/7.3.1/../../../../../H-x86_64-mingw32/nios2-elf/lib\libc.a(lib_a-makebuf.o)
 .text.__swhatbuf_r
                0x000000000001dbe0       0x94 c:/intelfpga_pro/18.1/nios2eds/bin/gnu/h-x86_64-mingw32/bin/../lib/gcc/nios2-elf/7.3.1/../../../../../H-x86_64-mingw32/nios2-elf/lib\libc.a(lib_a-makebuf.o)
                0x000000000001dbe0                __swhatbuf_r
 .text.__smakebuf_r
                0x000000000001dc74      0x13c c:/intelfpga_pro/18.1/nios2eds/bin/gnu/h-x86_64-mingw32/bin/../lib/gcc/nios2-elf/7.3.1/../../../../../H-x86_64-mingw32/nios2-elf/lib\libc.a(lib_a-makebuf.o)
                0x000000000001dc74                __smakebuf_r
 .text          0x000000000001ddb0        0x0 c:/intelfpga_pro/18.1/nios2eds/bin/gnu/h-x86_64-mingw32/bin/../lib/gcc/nios2-elf/7.3.1/../../../../../H-x86_64-mingw32/nios2-elf/lib\libc.a(lib_a-memchr.o)
 .text.memchr   0x000000000001ddb0       0xe8 c:/intelfpga_pro/18.1/nios2eds/bin/gnu/h-x86_64-mingw32/bin/../lib/gcc/nios2-elf/7.3.1/../../../../../H-x86_64-mingw32/nios2-elf/lib\libc.a(lib_a-memchr.o)
                0x000000000001ddb0                memchr
 .text          0x000000000001de98        0x0 c:/intelfpga_pro/18.1/nios2eds/bin/gnu/h-x86_64-mingw32/bin/../lib/gcc/nios2-elf/7.3.1/../../../../../H-x86_64-mingw32/nios2-elf/lib\libc.a(lib_a-memmove.o)
 .text.memmove  0x000000000001de98      0x11c c:/intelfpga_pro/18.1/nios2eds/bin/gnu/h-x86_64-mingw32/bin/../lib/gcc/nios2-elf/7.3.1/../../../../../H-x86_64-mingw32/nios2-elf/lib\libc.a(lib_a-memmove.o)
                0x000000000001de98                memmove
 .text          0x000000000001dfb4        0x0 c:/intelfpga_pro/18.1/nios2eds/bin/gnu/h-x86_64-mingw32/bin/../lib/gcc/nios2-elf/7.3.1/../../../../../H-x86_64-mingw32/nios2-elf/lib\libc.a(lib_a-month_lengths.o)
 .text          0x000000000001dfb4        0x0 c:/intelfpga_pro/18.1/nios2eds/bin/gnu/h-x86_64-mingw32/bin/../lib/gcc/nios2-elf/7.3.1/../../../../../H-x86_64-mingw32/nios2-elf/lib\libc.a(lib_a-mprec.o)
 .text._Balloc  0x000000000001dfb4       0xa4 c:/intelfpga_pro/18.1/nios2eds/bin/gnu/h-x86_64-mingw32/bin/../lib/gcc/nios2-elf/7.3.1/../../../../../H-x86_64-mingw32/nios2-elf/lib\libc.a(lib_a-mprec.o)
                0x000000000001dfb4                _Balloc
 .text._Bfree   0x000000000001e058       0x24 c:/intelfpga_pro/18.1/nios2eds/bin/gnu/h-x86_64-mingw32/bin/../lib/gcc/nios2-elf/7.3.1/../../../../../H-x86_64-mingw32/nios2-elf/lib\libc.a(lib_a-mprec.o)
                0x000000000001e058                _Bfree
 .text.__multadd
                0x000000000001e07c      0x114 c:/intelfpga_pro/18.1/nios2eds/bin/gnu/h-x86_64-mingw32/bin/../lib/gcc/nios2-elf/7.3.1/../../../../../H-x86_64-mingw32/nios2-elf/lib\libc.a(lib_a-mprec.o)
                0x000000000001e07c                __multadd
 .text.__s2b    0x000000000001e190      0x110 c:/intelfpga_pro/18.1/nios2eds/bin/gnu/h-x86_64-mingw32/bin/../lib/gcc/nios2-elf/7.3.1/../../../../../H-x86_64-mingw32/nios2-elf/lib\libc.a(lib_a-mprec.o)
                0x000000000001e190                __s2b
 .text.__hi0bits
                0x000000000001e2a0       0x64 c:/intelfpga_pro/18.1/nios2eds/bin/gnu/h-x86_64-mingw32/bin/../lib/gcc/nios2-elf/7.3.1/../../../../../H-x86_64-mingw32/nios2-elf/lib\libc.a(lib_a-mprec.o)
                0x000000000001e2a0                __hi0bits
 .text.__lo0bits
                0x000000000001e304       0xb0 c:/intelfpga_pro/18.1/nios2eds/bin/gnu/h-x86_64-mingw32/bin/../lib/gcc/nios2-elf/7.3.1/../../../../../H-x86_64-mingw32/nios2-elf/lib\libc.a(lib_a-mprec.o)
                0x000000000001e304                __lo0bits
 .text.__i2b    0x000000000001e3b4       0x34 c:/intelfpga_pro/18.1/nios2eds/bin/gnu/h-x86_64-mingw32/bin/../lib/gcc/nios2-elf/7.3.1/../../../../../H-x86_64-mingw32/nios2-elf/lib\libc.a(lib_a-mprec.o)
                0x000000000001e3b4                __i2b
 .text.__multiply
                0x000000000001e3e8      0x1fc c:/intelfpga_pro/18.1/nios2eds/bin/gnu/h-x86_64-mingw32/bin/../lib/gcc/nios2-elf/7.3.1/../../../../../H-x86_64-mingw32/nios2-elf/lib\libc.a(lib_a-mprec.o)
                0x000000000001e3e8                __multiply
 .text.__pow5mult
                0x000000000001e5e4      0x124 c:/intelfpga_pro/18.1/nios2eds/bin/gnu/h-x86_64-mingw32/bin/../lib/gcc/nios2-elf/7.3.1/../../../../../H-x86_64-mingw32/nios2-elf/lib\libc.a(lib_a-mprec.o)
                0x000000000001e5e4                __pow5mult
 .text.__lshift
                0x000000000001e708      0x144 c:/intelfpga_pro/18.1/nios2eds/bin/gnu/h-x86_64-mingw32/bin/../lib/gcc/nios2-elf/7.3.1/../../../../../H-x86_64-mingw32/nios2-elf/lib\libc.a(lib_a-mprec.o)
                0x000000000001e708                __lshift
 .text.__mcmp   0x000000000001e84c       0x58 c:/intelfpga_pro/18.1/nios2eds/bin/gnu/h-x86_64-mingw32/bin/../lib/gcc/nios2-elf/7.3.1/../../../../../H-x86_64-mingw32/nios2-elf/lib\libc.a(lib_a-mprec.o)
                0x000000000001e84c                __mcmp
 .text.__mdiff  0x000000000001e8a4      0x1c0 c:/intelfpga_pro/18.1/nios2eds/bin/gnu/h-x86_64-mingw32/bin/../lib/gcc/nios2-elf/7.3.1/../../../../../H-x86_64-mingw32/nios2-elf/lib\libc.a(lib_a-mprec.o)
                0x000000000001e8a4                __mdiff
 .text.__ulp    0x000000000001ea64       0x64 c:/intelfpga_pro/18.1/nios2eds/bin/gnu/h-x86_64-mingw32/bin/../lib/gcc/nios2-elf/7.3.1/../../../../../H-x86_64-mingw32/nios2-elf/lib\libc.a(lib_a-mprec.o)
                0x000000000001ea64                __ulp
 .text.__b2d    0x000000000001eac8      0x104 c:/intelfpga_pro/18.1/nios2eds/bin/gnu/h-x86_64-mingw32/bin/../lib/gcc/nios2-elf/7.3.1/../../../../../H-x86_64-mingw32/nios2-elf/lib\libc.a(lib_a-mprec.o)
                0x000000000001eac8                __b2d
 .text.__d2b    0x000000000001ebcc      0x148 c:/intelfpga_pro/18.1/nios2eds/bin/gnu/h-x86_64-mingw32/bin/../lib/gcc/nios2-elf/7.3.1/../../../../../H-x86_64-mingw32/nios2-elf/lib\libc.a(lib_a-mprec.o)
                0x000000000001ebcc                __d2b
 .text.__ratio  0x000000000001ed14       0xa8 c:/intelfpga_pro/18.1/nios2eds/bin/gnu/h-x86_64-mingw32/bin/../lib/gcc/nios2-elf/7.3.1/../../../../../H-x86_64-mingw32/nios2-elf/lib\libc.a(lib_a-mprec.o)
                0x000000000001ed14                __ratio
 .text._mprec_log10
                0x000000000001edbc       0x74 c:/intelfpga_pro/18.1/nios2eds/bin/gnu/h-x86_64-mingw32/bin/../lib/gcc/nios2-elf/7.3.1/../../../../../H-x86_64-mingw32/nios2-elf/lib\libc.a(lib_a-mprec.o)
                0x000000000001edbc                _mprec_log10
 .text.__copybits
                0x000000000001ee30       0x6c c:/intelfpga_pro/18.1/nios2eds/bin/gnu/h-x86_64-mingw32/bin/../lib/gcc/nios2-elf/7.3.1/../../../../../H-x86_64-mingw32/nios2-elf/lib\libc.a(lib_a-mprec.o)
                0x000000000001ee30                __copybits
 .text.__any_on
                0x000000000001ee9c       0x74 c:/intelfpga_pro/18.1/nios2eds/bin/gnu/h-x86_64-mingw32/bin/../lib/gcc/nios2-elf/7.3.1/../../../../../H-x86_64-mingw32/nios2-elf/lib\libc.a(lib_a-mprec.o)
                0x000000000001ee9c                __any_on
 .text          0x000000000001ef10        0x0 c:/intelfpga_pro/18.1/nios2eds/bin/gnu/h-x86_64-mingw32/bin/../lib/gcc/nios2-elf/7.3.1/../../../../../H-x86_64-mingw32/nios2-elf/lib\libc.a(lib_a-putc.o)
 .text._putc_r  0x000000000001ef10       0xcc c:/intelfpga_pro/18.1/nios2eds/bin/gnu/h-x86_64-mingw32/bin/../lib/gcc/nios2-elf/7.3.1/../../../../../H-x86_64-mingw32/nios2-elf/lib\libc.a(lib_a-putc.o)
                0x000000000001ef10                _putc_r
 .text.putc     0x000000000001efdc       0xe0 c:/intelfpga_pro/18.1/nios2eds/bin/gnu/h-x86_64-mingw32/bin/../lib/gcc/nios2-elf/7.3.1/../../../../../H-x86_64-mingw32/nios2-elf/lib\libc.a(lib_a-putc.o)
                0x000000000001efdc                putc
 .text          0x000000000001f0bc        0x0 c:/intelfpga_pro/18.1/nios2eds/bin/gnu/h-x86_64-mingw32/bin/../lib/gcc/nios2-elf/7.3.1/../../../../../H-x86_64-mingw32/nios2-elf/lib\libc.a(lib_a-reallocr.o)
 .text._realloc_r
                0x000000000001f0bc      0x578 c:/intelfpga_pro/18.1/nios2eds/bin/gnu/h-x86_64-mingw32/bin/../lib/gcc/nios2-elf/7.3.1/../../../../../H-x86_64-mingw32/nios2-elf/lib\libc.a(lib_a-reallocr.o)
                0x000000000001f0bc                _realloc_r
 .text          0x000000000001f634        0x0 c:/intelfpga_pro/18.1/nios2eds/bin/gnu/h-x86_64-mingw32/bin/../lib/gcc/nios2-elf/7.3.1/../../../../../H-x86_64-mingw32/nios2-elf/lib\libc.a(lib_a-refill.o)
 .text.lflush   0x000000000001f634       0x1c c:/intelfpga_pro/18.1/nios2eds/bin/gnu/h-x86_64-mingw32/bin/../lib/gcc/nios2-elf/7.3.1/../../../../../H-x86_64-mingw32/nios2-elf/lib\libc.a(lib_a-refill.o)
 .text.__srefill_r
                0x000000000001f650      0x1c8 c:/intelfpga_pro/18.1/nios2eds/bin/gnu/h-x86_64-mingw32/bin/../lib/gcc/nios2-elf/7.3.1/../../../../../H-x86_64-mingw32/nios2-elf/lib\libc.a(lib_a-refill.o)
                0x000000000001f650                __srefill_r
 .text          0x000000000001f818        0x0 c:/intelfpga_pro/18.1/nios2eds/bin/gnu/h-x86_64-mingw32/bin/../lib/gcc/nios2-elf/7.3.1/../../../../../H-x86_64-mingw32/nios2-elf/lib\libc.a(lib_a-siscanf.o)
 .text.siscanf  0x000000000001f818       0x78 c:/intelfpga_pro/18.1/nios2eds/bin/gnu/h-x86_64-mingw32/bin/../lib/gcc/nios2-elf/7.3.1/../../../../../H-x86_64-mingw32/nios2-elf/lib\libc.a(lib_a-siscanf.o)
                0x000000000001f818                siscanf
 .text._siscanf_r
                0x000000000001f890       0x78 c:/intelfpga_pro/18.1/nios2eds/bin/gnu/h-x86_64-mingw32/bin/../lib/gcc/nios2-elf/7.3.1/../../../../../H-x86_64-mingw32/nios2-elf/lib\libc.a(lib_a-siscanf.o)
                0x000000000001f890                _siscanf_r
 .text          0x000000000001f908        0x0 c:/intelfpga_pro/18.1/nios2eds/bin/gnu/h-x86_64-mingw32/bin/../lib/gcc/nios2-elf/7.3.1/../../../../../H-x86_64-mingw32/nios2-elf/lib\libc.a(lib_a-stdio.o)
 .text.__sread  0x000000000001f908       0x54 c:/intelfpga_pro/18.1/nios2eds/bin/gnu/h-x86_64-mingw32/bin/../lib/gcc/nios2-elf/7.3.1/../../../../../H-x86_64-mingw32/nios2-elf/lib\libc.a(lib_a-stdio.o)
                0x000000000001f908                __sread
 .text.__seofread
                0x000000000001f95c        0x8 c:/intelfpga_pro/18.1/nios2eds/bin/gnu/h-x86_64-mingw32/bin/../lib/gcc/nios2-elf/7.3.1/../../../../../H-x86_64-mingw32/nios2-elf/lib\libc.a(lib_a-stdio.o)
                0x000000000001f95c                __seofread
 .text.__swrite
                0x000000000001f964       0x7c c:/intelfpga_pro/18.1/nios2eds/bin/gnu/h-x86_64-mingw32/bin/../lib/gcc/nios2-elf/7.3.1/../../../../../H-x86_64-mingw32/nios2-elf/lib\libc.a(lib_a-stdio.o)
                0x000000000001f964                __swrite
 .text.__sseek  0x000000000001f9e0       0x5c c:/intelfpga_pro/18.1/nios2eds/bin/gnu/h-x86_64-mingw32/bin/../lib/gcc/nios2-elf/7.3.1/../../../../../H-x86_64-mingw32/nios2-elf/lib\libc.a(lib_a-stdio.o)
                0x000000000001f9e0                __sseek
 .text.__sclose
                0x000000000001fa3c        0x8 c:/intelfpga_pro/18.1/nios2eds/bin/gnu/h-x86_64-mingw32/bin/../lib/gcc/nios2-elf/7.3.1/../../../../../H-x86_64-mingw32/nios2-elf/lib\libc.a(lib_a-stdio.o)
                0x000000000001fa3c                __sclose
 .text          0x000000000001fa44        0x0 c:/intelfpga_pro/18.1/nios2eds/bin/gnu/h-x86_64-mingw32/bin/../lib/gcc/nios2-elf/7.3.1/../../../../../H-x86_64-mingw32/nios2-elf/lib\libc.a(lib_a-strncmp.o)
 .text.strncmp  0x000000000001fa44       0xc4 c:/intelfpga_pro/18.1/nios2eds/bin/gnu/h-x86_64-mingw32/bin/../lib/gcc/nios2-elf/7.3.1/../../../../../H-x86_64-mingw32/nios2-elf/lib\libc.a(lib_a-strncmp.o)
                0x000000000001fa44                strncmp
 .text          0x000000000001fb08        0x0 c:/intelfpga_pro/18.1/nios2eds/bin/gnu/h-x86_64-mingw32/bin/../lib/gcc/nios2-elf/7.3.1/../../../../../H-x86_64-mingw32/nios2-elf/lib\libc.a(lib_a-strtoul.o)
 .text._strtoul_l.isra.0
                0x000000000001fb08      0x254 c:/intelfpga_pro/18.1/nios2eds/bin/gnu/h-x86_64-mingw32/bin/../lib/gcc/nios2-elf/7.3.1/../../../../../H-x86_64-mingw32/nios2-elf/lib\libc.a(lib_a-strtoul.o)
 .text._strtoul_r
                0x000000000001fd5c       0x34 c:/intelfpga_pro/18.1/nios2eds/bin/gnu/h-x86_64-mingw32/bin/../lib/gcc/nios2-elf/7.3.1/../../../../../H-x86_64-mingw32/nios2-elf/lib\libc.a(lib_a-strtoul.o)
                0x000000000001fd5c                _strtoul_r
 .text.strtoul_l
                0x000000000001fd90       0x30 c:/intelfpga_pro/18.1/nios2eds/bin/gnu/h-x86_64-mingw32/bin/../lib/gcc/nios2-elf/7.3.1/../../../../../H-x86_64-mingw32/nios2-elf/lib\libc.a(lib_a-strtoul.o)
                0x000000000001fd90                strtoul_l
 .text.strtoul  0x000000000001fdc0       0x44 c:/intelfpga_pro/18.1/nios2eds/bin/gnu/h-x86_64-mingw32/bin/../lib/gcc/nios2-elf/7.3.1/../../../../../H-x86_64-mingw32/nios2-elf/lib\libc.a(lib_a-strtoul.o)
                0x000000000001fdc0                strtoul
 .text          0x000000000001fe04        0x0 c:/intelfpga_pro/18.1/nios2eds/bin/gnu/h-x86_64-mingw32/bin/../lib/gcc/nios2-elf/7.3.1/../../../../../H-x86_64-mingw32/nios2-elf/lib\libc.a(lib_a-svfiprintf.o)
 .text.__ssprint_r
                0x000000000001fe04      0x1c0 c:/intelfpga_pro/18.1/nios2eds/bin/gnu/h-x86_64-mingw32/bin/../lib/gcc/nios2-elf/7.3.1/../../../../../H-x86_64-mingw32/nios2-elf/lib\libc.a(lib_a-svfiprintf.o)
                0x000000000001fe04                __ssprint_r
 .text.___svfiprintf_internal_r
                0x000000000001ffc4     0x1024 c:/intelfpga_pro/18.1/nios2eds/bin/gnu/h-x86_64-mingw32/bin/../lib/gcc/nios2-elf/7.3.1/../../../../../H-x86_64-mingw32/nios2-elf/lib\libc.a(lib_a-svfiprintf.o)
                0x000000000001ffc4                ___svfiprintf_internal_r
 .text          0x0000000000020fe8        0x0 c:/intelfpga_pro/18.1/nios2eds/bin/gnu/h-x86_64-mingw32/bin/../lib/gcc/nios2-elf/7.3.1/../../../../../H-x86_64-mingw32/nios2-elf/lib\libc.a(lib_a-svfiscanf.o)
 .text._sungetc_r
                0x0000000000020fe8       0xf0 c:/intelfpga_pro/18.1/nios2eds/bin/gnu/h-x86_64-mingw32/bin/../lib/gcc/nios2-elf/7.3.1/../../../../../H-x86_64-mingw32/nios2-elf/lib\libc.a(lib_a-svfiscanf.o)
                0x0000000000020fe8                _sungetc_r
 .text.__ssrefill_r
                0x00000000000210d8       0x70 c:/intelfpga_pro/18.1/nios2eds/bin/gnu/h-x86_64-mingw32/bin/../lib/gcc/nios2-elf/7.3.1/../../../../../H-x86_64-mingw32/nios2-elf/lib\libc.a(lib_a-svfiscanf.o)
                0x00000000000210d8                __ssrefill_r
 .text._sfread_r
                0x0000000000021148       0xf8 c:/intelfpga_pro/18.1/nios2eds/bin/gnu/h-x86_64-mingw32/bin/../lib/gcc/nios2-elf/7.3.1/../../../../../H-x86_64-mingw32/nios2-elf/lib\libc.a(lib_a-svfiscanf.o)
                0x0000000000021148                _sfread_r
 .text.__ssvfiscanf_r
                0x0000000000021240      0xf40 c:/intelfpga_pro/18.1/nios2eds/bin/gnu/h-x86_64-mingw32/bin/../lib/gcc/nios2-elf/7.3.1/../../../../../H-x86_64-mingw32/nios2-elf/lib\libc.a(lib_a-svfiscanf.o)
                0x0000000000021240                __ssvfiscanf_r
 .text          0x0000000000022180        0x0 c:/intelfpga_pro/18.1/nios2eds/bin/gnu/h-x86_64-mingw32/bin/../lib/gcc/nios2-elf/7.3.1/../../../../../H-x86_64-mingw32/nios2-elf/lib\libc.a(lib_a-ungetc.o)
 .text.__submore
                0x0000000000022180       0xd4 c:/intelfpga_pro/18.1/nios2eds/bin/gnu/h-x86_64-mingw32/bin/../lib/gcc/nios2-elf/7.3.1/../../../../../H-x86_64-mingw32/nios2-elf/lib\libc.a(lib_a-ungetc.o)
                0x0000000000022180                __submore
 .text._ungetc_r
                0x0000000000022254      0x184 c:/intelfpga_pro/18.1/nios2eds/bin/gnu/h-x86_64-mingw32/bin/../lib/gcc/nios2-elf/7.3.1/../../../../../H-x86_64-mingw32/nios2-elf/lib\libc.a(lib_a-ungetc.o)
                0x0000000000022254                _ungetc_r
 .text.ungetc   0x00000000000223d8       0x14 c:/intelfpga_pro/18.1/nios2eds/bin/gnu/h-x86_64-mingw32/bin/../lib/gcc/nios2-elf/7.3.1/../../../../../H-x86_64-mingw32/nios2-elf/lib\libc.a(lib_a-ungetc.o)
                0x00000000000223d8                ungetc
 .text          0x00000000000223ec        0x0 c:/intelfpga_pro/18.1/nios2eds/bin/gnu/h-x86_64-mingw32/bin/../lib/gcc/nios2-elf/7.3.1/../../../../../H-x86_64-mingw32/nios2-elf/lib\libc.a(lib_a-vfiprintf.o)
 .text.__sprint_r.part.0
                0x00000000000223ec       0xf4 c:/intelfpga_pro/18.1/nios2eds/bin/gnu/h-x86_64-mingw32/bin/../lib/gcc/nios2-elf/7.3.1/../../../../../H-x86_64-mingw32/nios2-elf/lib\libc.a(lib_a-vfiprintf.o)
 .text.__sprint_r
                0x00000000000224e0       0x18 c:/intelfpga_pro/18.1/nios2eds/bin/gnu/h-x86_64-mingw32/bin/../lib/gcc/nios2-elf/7.3.1/../../../../../H-x86_64-mingw32/nios2-elf/lib\libc.a(lib_a-vfiprintf.o)
                0x00000000000224e0                __sprint_r
 .text.___vfiprintf_internal_r
                0x00000000000224f8     0x1220 c:/intelfpga_pro/18.1/nios2eds/bin/gnu/h-x86_64-mingw32/bin/../lib/gcc/nios2-elf/7.3.1/../../../../../H-x86_64-mingw32/nios2-elf/lib\libc.a(lib_a-vfiprintf.o)
                0x00000000000224f8                ___vfiprintf_internal_r
 .text.__vfiprintf_internal
                0x0000000000023718       0x18 c:/intelfpga_pro/18.1/nios2eds/bin/gnu/h-x86_64-mingw32/bin/../lib/gcc/nios2-elf/7.3.1/../../../../../H-x86_64-mingw32/nios2-elf/lib\libc.a(lib_a-vfiprintf.o)
                0x0000000000023718                __vfiprintf_internal
 .text.__sbprintf
                0x0000000000023730       0xc0 c:/intelfpga_pro/18.1/nios2eds/bin/gnu/h-x86_64-mingw32/bin/../lib/gcc/nios2-elf/7.3.1/../../../../../H-x86_64-mingw32/nios2-elf/lib\libc.a(lib_a-vfiprintf.o)
 .text          0x00000000000237f0        0x0 c:/intelfpga_pro/18.1/nios2eds/bin/gnu/h-x86_64-mingw32/bin/../lib/gcc/nios2-elf/7.3.1/../../../../../H-x86_64-mingw32/nios2-elf/lib\libc.a(lib_a-wbuf.o)
 .text.__swbuf_r
                0x00000000000237f0      0x148 c:/intelfpga_pro/18.1/nios2eds/bin/gnu/h-x86_64-mingw32/bin/../lib/gcc/nios2-elf/7.3.1/../../../../../H-x86_64-mingw32/nios2-elf/lib\libc.a(lib_a-wbuf.o)
                0x00000000000237f0                __swbuf_r
 .text.__swbuf  0x0000000000023938       0x14 c:/intelfpga_pro/18.1/nios2eds/bin/gnu/h-x86_64-mingw32/bin/../lib/gcc/nios2-elf/7.3.1/../../../../../H-x86_64-mingw32/nios2-elf/lib\libc.a(lib_a-wbuf.o)
                0x0000000000023938                __swbuf
 .text          0x000000000002394c        0x0 c:/intelfpga_pro/18.1/nios2eds/bin/gnu/h-x86_64-mingw32/bin/../lib/gcc/nios2-elf/7.3.1/../../../../../H-x86_64-mingw32/nios2-elf/lib\libc.a(lib_a-writer.o)
 .text._write_r
                0x000000000002394c       0x64 c:/intelfpga_pro/18.1/nios2eds/bin/gnu/h-x86_64-mingw32/bin/../lib/gcc/nios2-elf/7.3.1/../../../../../H-x86_64-mingw32/nios2-elf/lib\libc.a(lib_a-writer.o)
                0x000000000002394c                _write_r
 .text          0x00000000000239b0        0x0 c:/intelfpga_pro/18.1/nios2eds/bin/gnu/h-x86_64-mingw32/bin/../lib/gcc/nios2-elf/7.3.1/../../../../../H-x86_64-mingw32/nios2-elf/lib\libc.a(closer.o)
 .text._close_r
                0x00000000000239b0       0x58 c:/intelfpga_pro/18.1/nios2eds/bin/gnu/h-x86_64-mingw32/bin/../lib/gcc/nios2-elf/7.3.1/../../../../../H-x86_64-mingw32/nios2-elf/lib\libc.a(closer.o)
                0x00000000000239b0                _close_r
 .text          0x0000000000023a08        0x0 c:/intelfpga_pro/18.1/nios2eds/bin/gnu/h-x86_64-mingw32/bin/../lib/gcc/nios2-elf/7.3.1/../../../../../H-x86_64-mingw32/nios2-elf/lib\libc.a(lib_a-environ.o)
 .text          0x0000000000023a08        0x0 c:/intelfpga_pro/18.1/nios2eds/bin/gnu/h-x86_64-mingw32/bin/../lib/gcc/nios2-elf/7.3.1/../../../../../H-x86_64-mingw32/nios2-elf/lib\libc.a(lib_a-fclose.o)
 .text._fclose_r
                0x0000000000023a08       0xf0 c:/intelfpga_pro/18.1/nios2eds/bin/gnu/h-x86_64-mingw32/bin/../lib/gcc/nios2-elf/7.3.1/../../../../../H-x86_64-mingw32/nios2-elf/lib\libc.a(lib_a-fclose.o)
                0x0000000000023a08                _fclose_r
 .text.fclose   0x0000000000023af8       0x10 c:/intelfpga_pro/18.1/nios2eds/bin/gnu/h-x86_64-mingw32/bin/../lib/gcc/nios2-elf/7.3.1/../../../../../H-x86_64-mingw32/nios2-elf/lib\libc.a(lib_a-fclose.o)
                0x0000000000023af8                fclose
 .text          0x0000000000023b08        0x0 c:/intelfpga_pro/18.1/nios2eds/bin/gnu/h-x86_64-mingw32/bin/../lib/gcc/nios2-elf/7.3.1/../../../../../H-x86_64-mingw32/nios2-elf/lib\libc.a(lib_a-fputwc.o)
 .text.__fputwc
                0x0000000000023b08      0x164 c:/intelfpga_pro/18.1/nios2eds/bin/gnu/h-x86_64-mingw32/bin/../lib/gcc/nios2-elf/7.3.1/../../../../../H-x86_64-mingw32/nios2-elf/lib\libc.a(lib_a-fputwc.o)
                0x0000000000023b08                __fputwc
 .text._fputwc_r
                0x0000000000023c6c       0x24 c:/intelfpga_pro/18.1/nios2eds/bin/gnu/h-x86_64-mingw32/bin/../lib/gcc/nios2-elf/7.3.1/../../../../../H-x86_64-mingw32/nios2-elf/lib\libc.a(lib_a-fputwc.o)
                0x0000000000023c6c                _fputwc_r
 .text.fputwc   0x0000000000023c90       0x7c c:/intelfpga_pro/18.1/nios2eds/bin/gnu/h-x86_64-mingw32/bin/../lib/gcc/nios2-elf/7.3.1/../../../../../H-x86_64-mingw32/nios2-elf/lib\libc.a(lib_a-fputwc.o)
                0x0000000000023c90                fputwc
 .text          0x0000000000023d0c        0x0 c:/intelfpga_pro/18.1/nios2eds/bin/gnu/h-x86_64-mingw32/bin/../lib/gcc/nios2-elf/7.3.1/../../../../../H-x86_64-mingw32/nios2-elf/lib\libc.a(lib_a-fstatr.o)
 .text._fstat_r
                0x0000000000023d0c       0x60 c:/intelfpga_pro/18.1/nios2eds/bin/gnu/h-x86_64-mingw32/bin/../lib/gcc/nios2-elf/7.3.1/../../../../../H-x86_64-mingw32/nios2-elf/lib\libc.a(lib_a-fstatr.o)
                0x0000000000023d0c                _fstat_r
 .text          0x0000000000023d6c        0x0 c:/intelfpga_pro/18.1/nios2eds/bin/gnu/h-x86_64-mingw32/bin/../lib/gcc/nios2-elf/7.3.1/../../../../../H-x86_64-mingw32/nios2-elf/lib\libc.a(lib_a-isattyr.o)
 .text._isatty_r
                0x0000000000023d6c       0x58 c:/intelfpga_pro/18.1/nios2eds/bin/gnu/h-x86_64-mingw32/bin/../lib/gcc/nios2-elf/7.3.1/../../../../../H-x86_64-mingw32/nios2-elf/lib\libc.a(lib_a-isattyr.o)
                0x0000000000023d6c                _isatty_r
 .text          0x0000000000023dc4        0x0 c:/intelfpga_pro/18.1/nios2eds/bin/gnu/h-x86_64-mingw32/bin/../lib/gcc/nios2-elf/7.3.1/../../../../../H-x86_64-mingw32/nios2-elf/lib\libc.a(lib_a-iswspace.o)
 .text.iswspace
                0x0000000000023dc4       0x40 c:/intelfpga_pro/18.1/nios2eds/bin/gnu/h-x86_64-mingw32/bin/../lib/gcc/nios2-elf/7.3.1/../../../../../H-x86_64-mingw32/nios2-elf/lib\libc.a(lib_a-iswspace.o)
                0x0000000000023dc4                iswspace
 .text          0x0000000000023e04        0x0 c:/intelfpga_pro/18.1/nios2eds/bin/gnu/h-x86_64-mingw32/bin/../lib/gcc/nios2-elf/7.3.1/../../../../../H-x86_64-mingw32/nios2-elf/lib\libc.a(lib_a-lseekr.o)
 .text._lseek_r
                0x0000000000023e04       0x64 c:/intelfpga_pro/18.1/nios2eds/bin/gnu/h-x86_64-mingw32/bin/../lib/gcc/nios2-elf/7.3.1/../../../../../H-x86_64-mingw32/nios2-elf/lib\libc.a(lib_a-lseekr.o)
                0x0000000000023e04                _lseek_r
 .text          0x0000000000023e68        0x0 c:/intelfpga_pro/18.1/nios2eds/bin/gnu/h-x86_64-mingw32/bin/../lib/gcc/nios2-elf/7.3.1/../../../../../H-x86_64-mingw32/nios2-elf/lib\libc.a(lib_a-mbrtowc.o)
 .text._mbrtowc_r
                0x0000000000023e68       0xb0 c:/intelfpga_pro/18.1/nios2eds/bin/gnu/h-x86_64-mingw32/bin/../lib/gcc/nios2-elf/7.3.1/../../../../../H-x86_64-mingw32/nios2-elf/lib\libc.a(lib_a-mbrtowc.o)
                0x0000000000023e68                _mbrtowc_r
 .text.mbrtowc  0x0000000000023f18       0xb8 c:/intelfpga_pro/18.1/nios2eds/bin/gnu/h-x86_64-mingw32/bin/../lib/gcc/nios2-elf/7.3.1/../../../../../H-x86_64-mingw32/nios2-elf/lib\libc.a(lib_a-mbrtowc.o)
                0x0000000000023f18                mbrtowc
 .text          0x0000000000023fd0        0x0 c:/intelfpga_pro/18.1/nios2eds/bin/gnu/h-x86_64-mingw32/bin/../lib/gcc/nios2-elf/7.3.1/../../../../../H-x86_64-mingw32/nios2-elf/lib\libc.a(lib_a-readr.o)
 .text._read_r  0x0000000000023fd0       0x64 c:/intelfpga_pro/18.1/nios2eds/bin/gnu/h-x86_64-mingw32/bin/../lib/gcc/nios2-elf/7.3.1/../../../../../H-x86_64-mingw32/nios2-elf/lib\libc.a(lib_a-readr.o)
                0x0000000000023fd0                _read_r
 .text          0x0000000000024034        0x0 c:/intelfpga_pro/18.1/nios2eds/bin/gnu/h-x86_64-mingw32/bin/../lib/gcc/nios2-elf/7.3.1/../../../../../H-x86_64-mingw32/nios2-elf/lib\libc.a(lib_a-sccl.o)
 .text.__sccl   0x0000000000024034       0xd0 c:/intelfpga_pro/18.1/nios2eds/bin/gnu/h-x86_64-mingw32/bin/../lib/gcc/nios2-elf/7.3.1/../../../../../H-x86_64-mingw32/nios2-elf/lib\libc.a(lib_a-sccl.o)
                0x0000000000024034                __sccl
 .text          0x0000000000024104        0x0 c:/intelfpga_pro/18.1/nios2eds/bin/gnu/h-x86_64-mingw32/bin/../lib/gcc/nios2-elf/7.3.1/../../../../../H-x86_64-mingw32/nios2-elf/lib\libc.a(lib_a-strtol.o)
 .text._strtol_l.isra.0
                0x0000000000024104      0x230 c:/intelfpga_pro/18.1/nios2eds/bin/gnu/h-x86_64-mingw32/bin/../lib/gcc/nios2-elf/7.3.1/../../../../../H-x86_64-mingw32/nios2-elf/lib\libc.a(lib_a-strtol.o)
 .text._strtol_r
                0x0000000000024334       0x34 c:/intelfpga_pro/18.1/nios2eds/bin/gnu/h-x86_64-mingw32/bin/../lib/gcc/nios2-elf/7.3.1/../../../../../H-x86_64-mingw32/nios2-elf/lib\libc.a(lib_a-strtol.o)
                0x0000000000024334                _strtol_r
 .text.strtol_l
                0x0000000000024368       0x30 c:/intelfpga_pro/18.1/nios2eds/bin/gnu/h-x86_64-mingw32/bin/../lib/gcc/nios2-elf/7.3.1/../../../../../H-x86_64-mingw32/nios2-elf/lib\libc.a(lib_a-strtol.o)
                0x0000000000024368                strtol_l
 .text.strtol   0x0000000000024398       0x44 c:/intelfpga_pro/18.1/nios2eds/bin/gnu/h-x86_64-mingw32/bin/../lib/gcc/nios2-elf/7.3.1/../../../../../H-x86_64-mingw32/nios2-elf/lib\libc.a(lib_a-strtol.o)
                0x0000000000024398                strtol
 .text          0x00000000000243dc        0x0 c:/intelfpga_pro/18.1/nios2eds/bin/gnu/h-x86_64-mingw32/bin/../lib/gcc/nios2-elf/7.3.1/../../../../../H-x86_64-mingw32/nios2-elf/lib\libc.a(lib_a-strtoll.o)
 .text._strtoll_l.isra.0
                0x00000000000243dc      0x2f4 c:/intelfpga_pro/18.1/nios2eds/bin/gnu/h-x86_64-mingw32/bin/../lib/gcc/nios2-elf/7.3.1/../../../../../H-x86_64-mingw32/nios2-elf/lib\libc.a(lib_a-strtoll.o)
 .text._strtoll_r
                0x00000000000246d0       0x34 c:/intelfpga_pro/18.1/nios2eds/bin/gnu/h-x86_64-mingw32/bin/../lib/gcc/nios2-elf/7.3.1/../../../../../H-x86_64-mingw32/nios2-elf/lib\libc.a(lib_a-strtoll.o)
                0x00000000000246d0                _strtoll_r
 .text.strtoll_l
                0x0000000000024704       0x30 c:/intelfpga_pro/18.1/nios2eds/bin/gnu/h-x86_64-mingw32/bin/../lib/gcc/nios2-elf/7.3.1/../../../../../H-x86_64-mingw32/nios2-elf/lib\libc.a(lib_a-strtoll.o)
                0x0000000000024704                strtoll_l
 .text.strtoll  0x0000000000024734       0x44 c:/intelfpga_pro/18.1/nios2eds/bin/gnu/h-x86_64-mingw32/bin/../lib/gcc/nios2-elf/7.3.1/../../../../../H-x86_64-mingw32/nios2-elf/lib\libc.a(lib_a-strtoll.o)
                0x0000000000024734                strtoll
 .text          0x0000000000024778        0x0 c:/intelfpga_pro/18.1/nios2eds/bin/gnu/h-x86_64-mingw32/bin/../lib/gcc/nios2-elf/7.3.1/../../../../../H-x86_64-mingw32/nios2-elf/lib\libc.a(lib_a-strtoull.o)
 .text._strtoull_l.isra.0
                0x0000000000024778      0x324 c:/intelfpga_pro/18.1/nios2eds/bin/gnu/h-x86_64-mingw32/bin/../lib/gcc/nios2-elf/7.3.1/../../../../../H-x86_64-mingw32/nios2-elf/lib\libc.a(lib_a-strtoull.o)
 .text._strtoull_r
                0x0000000000024a9c       0x34 c:/intelfpga_pro/18.1/nios2eds/bin/gnu/h-x86_64-mingw32/bin/../lib/gcc/nios2-elf/7.3.1/../../../../../H-x86_64-mingw32/nios2-elf/lib\libc.a(lib_a-strtoull.o)
                0x0000000000024a9c                _strtoull_r
 .text.strtoull_l
                0x0000000000024ad0       0x30 c:/intelfpga_pro/18.1/nios2eds/bin/gnu/h-x86_64-mingw32/bin/../lib/gcc/nios2-elf/7.3.1/../../../../../H-x86_64-mingw32/nios2-elf/lib\libc.a(lib_a-strtoull.o)
                0x0000000000024ad0                strtoull_l
 .text.strtoull
                0x0000000000024b00       0x44 c:/intelfpga_pro/18.1/nios2eds/bin/gnu/h-x86_64-mingw32/bin/../lib/gcc/nios2-elf/7.3.1/../../../../../H-x86_64-mingw32/nios2-elf/lib\libc.a(lib_a-strtoull.o)
                0x0000000000024b00                strtoull
 .text          0x0000000000024b44        0x0 c:/intelfpga_pro/18.1/nios2eds/bin/gnu/h-x86_64-mingw32/bin/../lib/gcc/nios2-elf/7.3.1/../../../../../H-x86_64-mingw32/nios2-elf/lib\libc.a(lib_a-wcrtomb.o)
 .text._wcrtomb_r
                0x0000000000024b44       0xa8 c:/intelfpga_pro/18.1/nios2eds/bin/gnu/h-x86_64-mingw32/bin/../lib/gcc/nios2-elf/7.3.1/../../../../../H-x86_64-mingw32/nios2-elf/lib\libc.a(lib_a-wcrtomb.o)
                0x0000000000024b44                _wcrtomb_r
 .text.wcrtomb  0x0000000000024bec       0xac c:/intelfpga_pro/18.1/nios2eds/bin/gnu/h-x86_64-mingw32/bin/../lib/gcc/nios2-elf/7.3.1/../../../../../H-x86_64-mingw32/nios2-elf/lib\libc.a(lib_a-wcrtomb.o)
                0x0000000000024bec                wcrtomb
 .text          0x0000000000024c98       0x80 c:/intelfpga_pro/18.1/nios2eds/bin/gnu/h-x86_64-mingw32/bin/../lib/gcc/nios2-elf/7.3.1\libgcc.a(eqdf2.o)
                0x0000000000024c98                __nedf2
                0x0000000000024c98                __eqdf2
 .text          0x0000000000024d18       0xe0 c:/intelfpga_pro/18.1/nios2eds/bin/gnu/h-x86_64-mingw32/bin/../lib/gcc/nios2-elf/7.3.1\libgcc.a(ledf2.o)
                0x0000000000024d18                __ledf2
                0x0000000000024d18                __ltdf2
 .text          0x0000000000024df8       0x54 c:/intelfpga_pro/18.1/nios2eds/bin/gnu/h-x86_64-mingw32/bin/../lib/gcc/nios2-elf/7.3.1\libgcc.a(unorddf2.o)
                0x0000000000024df8                __unorddf2
 .text          0x0000000000024e4c       0xc8 c:/intelfpga_pro/18.1/nios2eds/bin/gnu/h-x86_64-mingw32/bin/../lib/gcc/nios2-elf/7.3.1\libgcc.a(floatsidf.o)
                0x0000000000024e4c                __floatsidf
 .text          0x0000000000024f14      0x10c C:/Git/ArrowESC/Cyclone10GX_Rev2_Demo/software/C10GX_SoM_Rev2_Demo_bsp/\libhal_bsp.a(alt_close.o)
                0x0000000000024f50                close
 .text          0x0000000000025020       0x78 C:/Git/ArrowESC/Cyclone10GX_Rev2_Demo/software/C10GX_SoM_Rev2_Demo_bsp/\libhal_bsp.a(alt_dcache_flush.o)
                0x0000000000025020                alt_dcache_flush
 .text          0x0000000000025098       0x60 C:/Git/ArrowESC/Cyclone10GX_Rev2_Demo/software/C10GX_SoM_Rev2_Demo_bsp/\libhal_bsp.a(alt_dev.o)
                0x00000000000250c4                alt_dev_reg
 .text          0x00000000000250f8       0xe0 C:/Git/ArrowESC/Cyclone10GX_Rev2_Demo/software/C10GX_SoM_Rev2_Demo_bsp/\libhal_bsp.a(alt_dev_llist_insert.o)
                0x0000000000025134                alt_dev_llist_insert
 .text          0x00000000000251d8       0x48 C:/Git/ArrowESC/Cyclone10GX_Rev2_Demo/software/C10GX_SoM_Rev2_Demo_bsp/\libhal_bsp.a(alt_env_lock.o)
                0x00000000000251d8                __env_lock
                0x00000000000251fc                __env_unlock
 .text          0x0000000000025220        0x0 C:/Git/ArrowESC/Cyclone10GX_Rev2_Demo/software/C10GX_SoM_Rev2_Demo_bsp/\libhal_bsp.a(alt_errno.o)
 .text          0x0000000000025220       0xec C:/Git/ArrowESC/Cyclone10GX_Rev2_Demo/software/C10GX_SoM_Rev2_Demo_bsp/\libhal_bsp.a(alt_fstat.o)
                0x000000000002525c                fstat
 .text          0x000000000002530c       0x34 C:/Git/ArrowESC/Cyclone10GX_Rev2_Demo/software/C10GX_SoM_Rev2_Demo_bsp/\libhal_bsp.a(alt_icache_flush_all.o)
                0x000000000002530c                alt_icache_flush_all
 .text          0x0000000000025340      0x1b0 C:/Git/ArrowESC/Cyclone10GX_Rev2_Demo/software/C10GX_SoM_Rev2_Demo_bsp/\libhal_bsp.a(alt_iic.o)
                0x0000000000025340                alt_ic_isr_register
                0x0000000000025390                alt_ic_irq_enable
                0x0000000000025418                alt_ic_irq_disable
                0x00000000000254a4                alt_ic_irq_enabled
 .text          0x00000000000254f0       0xe4 C:/Git/ArrowESC/Cyclone10GX_Rev2_Demo/software/C10GX_SoM_Rev2_Demo_bsp/\libhal_bsp.a(alt_iic_isr_register.o)
                0x00000000000254f0                alt_iic_isr_register
 .text          0x00000000000255d4       0x2c C:/Git/ArrowESC/Cyclone10GX_Rev2_Demo/software/C10GX_SoM_Rev2_Demo_bsp/\libhal_bsp.a(alt_instruction_exception_register.o)
                0x00000000000255d4                alt_instruction_exception_register
 .text          0x0000000000025600        0x0 C:/Git/ArrowESC/Cyclone10GX_Rev2_Demo/software/C10GX_SoM_Rev2_Demo_bsp/\libhal_bsp.a(alt_irq_entry.o)
 .text          0x0000000000025600        0x0 C:/Git/ArrowESC/Cyclone10GX_Rev2_Demo/software/C10GX_SoM_Rev2_Demo_bsp/\libhal_bsp.a(alt_irq_handler.o)
 .text          0x0000000000025600        0x0 C:/Git/ArrowESC/Cyclone10GX_Rev2_Demo/software/C10GX_SoM_Rev2_Demo_bsp/\libhal_bsp.a(alt_irq_vars.o)
 .text          0x0000000000025600       0xe4 C:/Git/ArrowESC/Cyclone10GX_Rev2_Demo/software/C10GX_SoM_Rev2_Demo_bsp/\libhal_bsp.a(alt_isatty.o)
                0x000000000002563c                isatty
 .text          0x00000000000256e4       0xec C:/Git/ArrowESC/Cyclone10GX_Rev2_Demo/software/C10GX_SoM_Rev2_Demo_bsp/\libhal_bsp.a(alt_load.o)
                0x000000000002574c                alt_load
 .text          0x00000000000257d0      0x110 C:/Git/ArrowESC/Cyclone10GX_Rev2_Demo/software/C10GX_SoM_Rev2_Demo_bsp/\libhal_bsp.a(alt_lseek.o)
                0x000000000002580c                lseek
 .text          0x00000000000258e0       0x7c C:/Git/ArrowESC/Cyclone10GX_Rev2_Demo/software/C10GX_SoM_Rev2_Demo_bsp/\libhal_bsp.a(alt_main.o)
                0x00000000000258e0                alt_main
 .text          0x000000000002595c       0x48 C:/Git/ArrowESC/Cyclone10GX_Rev2_Demo/software/C10GX_SoM_Rev2_Demo_bsp/\libhal_bsp.a(alt_malloc_lock.o)
                0x000000000002595c                __malloc_lock
                0x0000000000025980                __malloc_unlock
 .text          0x00000000000259a4      0x22c C:/Git/ArrowESC/Cyclone10GX_Rev2_Demo/software/C10GX_SoM_Rev2_Demo_bsp/\libhal_bsp.a(alt_printf.o)
                0x00000000000259a4                alt_printf
 .text          0x0000000000025bd0       0x30 C:/Git/ArrowESC/Cyclone10GX_Rev2_Demo/software/C10GX_SoM_Rev2_Demo_bsp/\libhal_bsp.a(alt_putchar.o)
                0x0000000000025bd0                alt_putchar
 .text          0x0000000000025c00      0x138 C:/Git/ArrowESC/Cyclone10GX_Rev2_Demo/software/C10GX_SoM_Rev2_Demo_bsp/\libhal_bsp.a(alt_read.o)
                0x0000000000025c3c                read
 .text          0x0000000000025d38       0x58 C:/Git/ArrowESC/Cyclone10GX_Rev2_Demo/software/C10GX_SoM_Rev2_Demo_bsp/\libhal_bsp.a(alt_release_fd.o)
                0x0000000000025d38                alt_release_fd
 .text          0x0000000000025d90       0xb0 C:/Git/ArrowESC/Cyclone10GX_Rev2_Demo/software/C10GX_SoM_Rev2_Demo_bsp/\libhal_bsp.a(alt_sbrk.o)
                0x0000000000025d90                sbrk
 .text          0x0000000000025e40       0x30 C:/Git/ArrowESC/Cyclone10GX_Rev2_Demo/software/C10GX_SoM_Rev2_Demo_bsp/\libhal_bsp.a(alt_usleep.o)
                0x0000000000025e40                usleep
 .text          0x0000000000025e70      0x134 C:/Git/ArrowESC/Cyclone10GX_Rev2_Demo/software/C10GX_SoM_Rev2_Demo_bsp/\libhal_bsp.a(alt_write.o)
                0x0000000000025eac                write
 .text          0x0000000000025fa4      0x118 C:/Git/ArrowESC/Cyclone10GX_Rev2_Demo/software/C10GX_SoM_Rev2_Demo_bsp/\libhal_bsp.a(alt_sys_init.o)
                0x0000000000025fa4                alt_irq_init
                0x0000000000025fdc                alt_sys_init
 .text          0x00000000000260bc     0x1c10 C:/Git/ArrowESC/Cyclone10GX_Rev2_Demo/software/C10GX_SoM_Rev2_Demo_bsp/\libhal_bsp.a(altera_avalon_i2c.o)
                0x00000000000261cc                alt_avalon_i2c_register_optional_irq_handler
                0x00000000000262b8                alt_avalon_i2c_register_callback
                0x000000000002630c                alt_avalon_i2c_init
                0x00000000000263f8                alt_avalon_i2c_open
                0x0000000000026438                alt_avalon_i2c_enable
                0x00000000000264d0                alt_avalon_i2c_disable
                0x000000000002651c                alt_avalon_i2c_master_config_get
                0x00000000000265cc                alt_avalon_i2c_master_config_set
                0x0000000000026698                alt_avalon_i2c_master_config_speed_get
                0x000000000002672c                alt_avalon_i2c_master_config_speed_set
                0x0000000000026828                alt_avalon_i2c_is_busy
                0x000000000002686c                alt_avalon_i2c_rx_read_available