Flow report for daq2_a10soc
Mon Jul 15 14:11:01 2019
Quartus Prime Version 18.1.0 Build 625 09/12/2018 SJ Standard Edition


---------------------
; Table of Contents ;
---------------------
  1. Legal Notice
  2. Flow Summary
  3. Flow Settings
  4. Flow Non-Default Global Settings
  5. Flow Elapsed Time
  6. Flow OS Summary
  7. Flow Log
  8. Flow Messages
  9. Flow Suppressed Messages



----------------
; Legal Notice ;
----------------
Copyright (C) 2018  Intel Corporation. All rights reserved.
Your use of Intel Corporation's design tools, logic functions 
and other software and tools, and its AMPP partner logic 
functions, and any output files from any of the foregoing 
(including device programming or simulation files), and any 
associated documentation or information are expressly subject 
to the terms and conditions of the Intel Program License 
Subscription Agreement, the Intel Quartus Prime License Agreement,
the Intel FPGA IP License Agreement, or other applicable license
agreement, including, without limitation, that your use is for
the sole purpose of programming logic devices manufactured by
Intel and sold by Intel or its authorized distributors.  Please
refer to the applicable agreement for further details.



+-------------------------------------------------------------------------------+
; Flow Summary                                                                  ;
+-----------------------------+-------------------------------------------------+
; Flow Status                 ; Successful - Mon Jul 15 14:08:48 2019           ;
; Quartus Prime Version       ; 18.1.0 Build 625 09/12/2018 SJ Standard Edition ;
; Revision Name               ; daq2_a10soc                                     ;
; Top-level Entity Name       ; system_top                                      ;
; Family                      ; Arria 10                                        ;
; Device                      ; 10AS066N3F40E2SG                                ;
; Timing Models               ; Final                                           ;
; Logic utilization (in ALMs) ; 22,168 / 251,680 ( 9 % )                        ;
; Total registers             ; 47417                                           ;
; Total pins                  ; 300 / 812 ( 37 % )                              ;
; Total virtual pins          ; 0                                               ;
; Total block memory bits     ; 9,742,288 / 43,642,880 ( 22 % )                 ;
; Total DSP Blocks            ; 16 / 1,687 ( < 1 % )                            ;
; Total HSSI RX channels      ; 4 / 48 ( 8 % )                                  ;
; Total HSSI TX channels      ; 4 / 48 ( 8 % )                                  ;
; Total PLLs                  ; 12 / 96 ( 13 % )                                ;
+-----------------------------+-------------------------------------------------+


+-----------------------------------------+
; Flow Settings                           ;
+-------------------+---------------------+
; Option            ; Setting             ;
+-------------------+---------------------+
; Start date & time ; 07/15/2019 13:35:47 ;
; Main task         ; Compilation         ;
; Revision Name     ; daq2_a10soc         ;
+-------------------+---------------------+


+-----------------------------------------------------------------------------------------------------------------------------------------------------------------------------------------------+
; Flow Non-Default Global Settings                                                                                                                                                              ;
+----------------------------------+--------------------------------------------------------------------+---------------+----------------------------------------------------------+------------+
; Assignment Name                  ; Value                                                              ; Default Value ; Entity Name                                              ; Section Id ;
+----------------------------------+--------------------------------------------------------------------+---------------+----------------------------------------------------------+------------+
; COMPILER_SIGNATURE_ID            ; 2543711158273.156319054619136                                      ; --            ; --                                                       ; --         ;
; ENABLE_ADVANCED_IO_TIMING        ; -- (Not supported for targeted family)                             ; --            ; --                                                       ; --         ;
; HPS_ISW_FILE                     ; system_bd/altera_arria10_interface_generator_140/synth/hps.pre.xml ; --            ; system_bd_altera_arria10_interface_generator_140_nuexhka ; --         ;
; HPS_ISW_FILE                     ; system_bd/altera_emif_arch_nf_181/synth/emif.pre.xml               ; --            ; system_bd_altera_emif_arch_nf_181_gsbdrhy                ; --         ;
; IP_SEARCH_PATHS                  ; C:/Git/AnalogDevice/library/**/*;C:/Git/AnalogDevice/library/**/*  ; --            ; --                                                       ; --         ;
; MESSAGE_DISABLE                  ; 17951                                                              ; --            ; --                                                       ; --         ;
; MESSAGE_DISABLE                  ; 18655                                                              ; --            ; --                                                       ; --         ;
; MESSAGE_DISABLE                  ; 114001                                                             ; --            ; --                                                       ; --         ;
; MESSAGE_DISABLE                  ; 10230                                                              ; --            ; altera_merlin_axi_master_ni                              ; --         ;
; MESSAGE_DISABLE                  ; 10230                                                              ; --            ; altera_merlin_axi_slave_ni                               ; --         ;
; MESSAGE_DISABLE                  ; 10230                                                              ; --            ; altera_merlin_burst_adapter_new                          ; --         ;
; MESSAGE_DISABLE                  ; 10036                                                              ; --            ; altera_merlin_burst_adapter_new                          ; --         ;
; MESSAGE_DISABLE                  ; 10230                                                              ; --            ; altera_merlin_traffic_limiter                            ; --         ;
; MESSAGE_DISABLE                  ; 276027                                                             ; --            ; axi_dmac_burst_memory                                    ; --         ;
; MESSAGE_DISABLE                  ; 10230                                                              ; --            ; system_bd_altera_arria10_interface_generator_140_aeld3ta ; --         ;
; MESSAGE_DISABLE                  ; 10230                                                              ; --            ; system_bd_altera_arria10_interface_generator_140_nuexhka ; --         ;
; MISC_FILE                        ; system_bd/system_bd.cmp                                            ; --            ; --                                                       ; --         ;
; MISC_FILE                        ; system_bd/../C                                                     ; --            ; --                                                       ; --         ;
; MISC_FILE                        ; system_bd/system_bd_sys_hps_hps.svd                                ; --            ; --                                                       ; --         ;
; MISC_FILE                        ; system_bd/../system_bd.qsys                                        ; --            ; --                                                       ; --         ;
; MISC_FILE                        ; system_bd/altera_arria10_interface_generator_140/synth/hps.pre.xml ; --            ; --                                                       ; --         ;
; MISC_FILE                        ; system_bd/axi_dmac_10/synth/inc_id.vh                              ; --            ; --                                                       ; --         ;
; MISC_FILE                        ; system_bd/axi_dmac_10/synth/resp.vh                                ; --            ; --                                                       ; --         ;
; MISC_FILE                        ; system_bd/altera_emif_arch_nf_181/synth/emif.pre.xml               ; --            ; --                                                       ; --         ;
; SLD_FILE                         ; system_bd/system_bd.regmap                                         ; --            ; --                                                       ; --         ;
; SLD_FILE                         ; system_bd/system_bd.debuginfo                                      ; --            ; --                                                       ; --         ;
; SLD_INFO                         ; QSYS_NAME system_bd HAS_SOPCINFO 1 GENERATION_ID 1563190496        ; --            ; system_bd                                                ; --         ;
; SOPCINFO_FILE                    ; system_bd/../system_bd.sopcinfo                                    ; --            ; --                                                       ; --         ;
; SYNTHESIS_ONLY_QIP               ; On                                                                 ; --            ; --                                                       ; --         ;
; TIMING_ANALYZER_DO_REPORT_TIMING ; On                                                                 ; Off           ; --                                                       ; --         ;
; TIMING_ANALYZER_REPORT_SCRIPT    ; C:/Git/AnalogDevice/projects/scripts/adi_tquest.tcl                ; --            ; --                                                       ; --         ;
; TOP_LEVEL_ENTITY                 ; system_top                                                         ; daq2_a10soc   ; --                                                       ; --         ;
+----------------------------------+--------------------------------------------------------------------+---------------+----------------------------------------------------------+------------+


+--------------------------------------------------------------------------------------------------------------------------+
; Flow Elapsed Time                                                                                                        ;
+----------------------+--------------+-------------------------+---------------------+------------------------------------+
; Module Name          ; Elapsed Time ; Average Processors Used ; Peak Virtual Memory ; Total CPU Time (on all processors) ;
+----------------------+--------------+-------------------------+---------------------+------------------------------------+
; Analysis & Synthesis ; 00:06:34     ; 1.4                     ; 2393 MB             ; 00:09:26                           ;
; Fitter               ; 00:24:07     ; 1.3                     ; 15090 MB            ; 01:13:08                           ;
; Assembler            ; 00:00:48     ; 1.0                     ; 5150 MB             ; 00:00:47                           ;
; Timing Analyzer      ; 00:02:09     ; 1.2                     ; 5630 MB             ; 00:05:25                           ;
; Total                ; 00:33:38     ; --                      ; --                  ; 01:28:46                           ;
+----------------------+--------------+-------------------------+---------------------+------------------------------------+


+------------------------------------------------------------------------------------+
; Flow OS Summary                                                                    ;
+----------------------+------------------+------------+------------+----------------+
; Module Name          ; Machine Hostname ; OS Name    ; OS Version ; Processor type ;
+----------------------+------------------+------------+------------+----------------+
; Analysis & Synthesis ; PLL00202         ; Windows 10 ; 10.0       ; x86_64         ;
; Fitter               ; PLL00202         ; Windows 10 ; 10.0       ; x86_64         ;
; Assembler            ; PLL00202         ; Windows 10 ; 10.0       ; x86_64         ;
; Timing Analyzer      ; PLL00202         ; Windows 10 ; 10.0       ; x86_64         ;
+----------------------+------------------+------------+------------+----------------+


------------
; Flow Log ;
------------
quartus_map --read_settings_files=on --write_settings_files=off daq2_a10soc -c daq2_a10soc
quartus_fit --read_settings_files=off --write_settings_files=off daq2_a10soc -c daq2_a10soc
quartus_asm --read_settings_files=off --write_settings_files=off daq2_a10soc -c daq2_a10soc
quartus_sta daq2_a10soc -c daq2_a10soc



