Archive member included to satisfy reference by file (symbol)

c:/intelfpga_pro/18.1/nios2eds/bin/gnu/h-x86_64-mingw32/bin/../lib/gcc/nios2-elf/7.3.1/mhw-mulx\libgcc.a(_bswapsi2.o)
                              obj/default/fmc/common_drivers/fru_tools/fru_tools.o (__bswapsi2)
c:/intelfpga_pro/18.1/nios2eds/bin/gnu/h-x86_64-mingw32/bin/../lib/gcc/nios2-elf/7.3.1/mhw-mulx\libgcc.a(_fixunsdfsi.o)
                              obj/default/fmc/common_drivers/xcvr_core/xcvr_modules/altera_a10_fpll.o (__fixunsdfsi)
c:/intelfpga_pro/18.1/nios2eds/bin/gnu/h-x86_64-mingw32/bin/../lib/gcc/nios2-elf/7.3.1/mhw-mulx\libgcc.a(_fixunsdfdi.o)
                              obj/default/fmc/common_drivers/xcvr_core/xcvr_modules/altera_a10_atx_pll.o (__fixunsdfdi)
c:/intelfpga_pro/18.1/nios2eds/bin/gnu/h-x86_64-mingw32/bin/../lib/gcc/nios2-elf/7.3.1/mhw-mulx\libgcc.a(_udivdi3.o)
                              obj/default/fmc/common_drivers/dac_core/dac_core.o (__udivdi3)
c:/intelfpga_pro/18.1/nios2eds/bin/gnu/h-x86_64-mingw32/bin/../lib/gcc/nios2-elf/7.3.1/mhw-mulx\libgcc.a(_umoddi3.o)
                              obj/default/fmc/common_drivers/platform_drivers/platform_drivers.o (__umoddi3)
c:/intelfpga_pro/18.1/nios2eds/bin/gnu/h-x86_64-mingw32/bin/../lib/gcc/nios2-elf/7.3.1/mhw-mulx\libgcc.a(lib2-divmod.o)
                              c:/intelfpga_pro/18.1/nios2eds/bin/gnu/h-x86_64-mingw32/bin/../lib/gcc/nios2-elf/7.3.1/mhw-mulx\libgcc.a(_udivdi3.o) (__divsi3)
c:/intelfpga_pro/18.1/nios2eds/bin/gnu/h-x86_64-mingw32/bin/../lib/gcc/nios2-elf/7.3.1/mhw-mulx\libgcc.a(adddf3.o)
                              obj/default/fmc/common_drivers/xcvr_core/xcvr_modules/altera_a10_atx_pll.o (__adddf3)
c:/intelfpga_pro/18.1/nios2eds/bin/gnu/h-x86_64-mingw32/bin/../lib/gcc/nios2-elf/7.3.1/mhw-mulx\libgcc.a(divdf3.o)
                              obj/default/fmc/common_drivers/xcvr_core/xcvr_modules/altera_a10_atx_pll.o (__divdf3)
c:/intelfpga_pro/18.1/nios2eds/bin/gnu/h-x86_64-mingw32/bin/../lib/gcc/nios2-elf/7.3.1/mhw-mulx\libgcc.a(gedf2.o)
                              c:/intelfpga_pro/18.1/nios2eds/bin/gnu/h-x86_64-mingw32/bin/../lib/gcc/nios2-elf/7.3.1/mhw-mulx\libgcc.a(_fixunsdfsi.o) (__gedf2)
c:/intelfpga_pro/18.1/nios2eds/bin/gnu/h-x86_64-mingw32/bin/../lib/gcc/nios2-elf/7.3.1/mhw-mulx\libgcc.a(muldf3.o)
                              c:/intelfpga_pro/18.1/nios2eds/bin/gnu/h-x86_64-mingw32/bin/../lib/gcc/nios2-elf/7.3.1/mhw-mulx\libgcc.a(_fixunsdfdi.o) (__muldf3)
c:/intelfpga_pro/18.1/nios2eds/bin/gnu/h-x86_64-mingw32/bin/../lib/gcc/nios2-elf/7.3.1/mhw-mulx\libgcc.a(subdf3.o)
                              c:/intelfpga_pro/18.1/nios2eds/bin/gnu/h-x86_64-mingw32/bin/../lib/gcc/nios2-elf/7.3.1/mhw-mulx\libgcc.a(_fixunsdfsi.o) (__subdf3)
c:/intelfpga_pro/18.1/nios2eds/bin/gnu/h-x86_64-mingw32/bin/../lib/gcc/nios2-elf/7.3.1/mhw-mulx\libgcc.a(fixdfsi.o)
                              c:/intelfpga_pro/18.1/nios2eds/bin/gnu/h-x86_64-mingw32/bin/../lib/gcc/nios2-elf/7.3.1/mhw-mulx\libgcc.a(_fixunsdfsi.o) (__fixdfsi)
c:/intelfpga_pro/18.1/nios2eds/bin/gnu/h-x86_64-mingw32/bin/../lib/gcc/nios2-elf/7.3.1/mhw-mulx\libgcc.a(floatunsidf.o)
                              obj/default/fmc/common_drivers/xcvr_core/xcvr_modules/altera_a10_atx_pll.o (__floatunsidf)
c:/intelfpga_pro/18.1/nios2eds/bin/gnu/h-x86_64-mingw32/bin/../lib/gcc/nios2-elf/7.3.1/mhw-mulx\libgcc.a(_clz.o)
                              c:/intelfpga_pro/18.1/nios2eds/bin/gnu/h-x86_64-mingw32/bin/../lib/gcc/nios2-elf/7.3.1/mhw-mulx\libgcc.a(_udivdi3.o) (__clz_tab)
c:/intelfpga_pro/18.1/nios2eds/bin/gnu/h-x86_64-mingw32/bin/../lib/gcc/nios2-elf/7.3.1/mhw-mulx\libgcc.a(_clzsi2.o)
                              c:/intelfpga_pro/18.1/nios2eds/bin/gnu/h-x86_64-mingw32/bin/../lib/gcc/nios2-elf/7.3.1/mhw-mulx\libgcc.a(adddf3.o) (__clzsi2)
c:/intelfpga_pro/18.1/nios2eds/bin/gnu/h-x86_64-mingw32/bin/../lib/gcc/nios2-elf/7.3.1/../../../../../H-x86_64-mingw32/nios2-elf/lib/mhw-mulx\libc.a(lib_a-calloc.o)
                              obj/default/fmc/common_drivers/fru_tools/fru_tools.o (calloc)
c:/intelfpga_pro/18.1/nios2eds/bin/gnu/h-x86_64-mingw32/bin/../lib/gcc/nios2-elf/7.3.1/../../../../../H-x86_64-mingw32/nios2-elf/lib/mhw-mulx\libc.a(lib_a-callocr.o)
                              c:/intelfpga_pro/18.1/nios2eds/bin/gnu/h-x86_64-mingw32/bin/../lib/gcc/nios2-elf/7.3.1/../../../../../H-x86_64-mingw32/nios2-elf/lib/mhw-mulx\libc.a(lib_a-calloc.o) (_calloc_r)
c:/intelfpga_pro/18.1/nios2eds/bin/gnu/h-x86_64-mingw32/bin/../lib/gcc/nios2-elf/7.3.1/../../../../../H-x86_64-mingw32/nios2-elf/lib/mhw-mulx\libc.a(lib_a-getc.o)
                              obj/default/fmc/common_drivers/platform_drivers/platform_drivers.o (getc)
c:/intelfpga_pro/18.1/nios2eds/bin/gnu/h-x86_64-mingw32/bin/../lib/gcc/nios2-elf/7.3.1/../../../../../H-x86_64-mingw32/nios2-elf/lib/mhw-mulx\libc.a(lib_a-impure.o)
[...]
Memory Configuration

Name             Origin             Length             Attributes
mcu_subsystem_ram_0 0x0000000000000000 0x0000000000020000
qspi_controller2_0_avl_mem 0x0000000008000000 0x0000000008000000
reset            0x0000000080000000 0x0000000000000020
sdram_ctrl_amm_0 0x0000000080000020 0x000000007fffffe0
*default*        0x0000000000000000 0xffffffffffffffff

Linker script and memory map

LOAD C:/Developer/fpga/ArrowESC/Cyclone10GX_Demo/software/Cyclone10GX_Demo_bsp//obj/HAL/src/crt0.o
LOAD obj/default/fmc/ad9144/ad9144.o
LOAD obj/default/fmc/ad9523/ad9523.o
LOAD obj/default/fmc/ad9680/ad9680.o
LOAD obj/default/fmc/common_drivers/adc_core/adc_core.o
LOAD obj/default/fmc/common_drivers/communication/generic/Communication.o
LOAD obj/default/fmc/common_drivers/dac_buffer/dac_buffer.o
LOAD obj/default/fmc/common_drivers/dac_core/dac_core.o
LOAD obj/default/fmc/common_drivers/dmac_core/dmac_core.o
LOAD obj/default/fmc/common_drivers/fru_tools/fru_tools.o
LOAD obj/default/fmc/common_drivers/jesd_core/jesd_core.o
LOAD obj/default/fmc/common_drivers/platform_drivers/platform_drivers.o
LOAD obj/default/fmc/common_drivers/xcvr_core/xcvr_core.o
LOAD obj/default/fmc/common_drivers/xcvr_core/xcvr_modules/altera_a10_atx_pll.o
LOAD obj/default/fmc/common_drivers/xcvr_core/xcvr_modules/altera_a10_fpll.o
LOAD obj/default/fmc/common_drivers/xcvr_core/xcvr_modules/altera_a10_xcvr_channel.o
LOAD obj/default/fmc/common_drivers/xcvr_core/xcvr_modules/altera_pll_common.o
LOAD obj/default/fmc/common_drivers/xcvr_core/xcvr_modules/xilinx_qpll.o
LOAD obj/default/fmc/common_drivers/xcvr_core/xcvr_modules/xilinx_xcvr_channel.o
LOAD obj/default/main.o
LOAD c:/intelfpga_pro/18.1/nios2eds/bin/gnu/h-x86_64-mingw32/bin/../lib/gcc/nios2-elf/7.3.1/../../../../../H-x86_64-mingw32/nios2-elf/lib/mhw-mulx\libstdc++.a
LOAD c:/intelfpga_pro/18.1/nios2eds/bin/gnu/h-x86_64-mingw32/bin/../lib/gcc/nios2-elf/7.3.1/../../../../../H-x86_64-mingw32/nios2-elf/lib/mhw-mulx\libm.a
LOAD c:/intelfpga_pro/18.1/nios2eds/bin/gnu/h-x86_64-mingw32/bin/../lib/gcc/nios2-elf/7.3.1/mhw-mulx\libgcc.a
START GROUP
LOAD c:/intelfpga_pro/18.1/nios2eds/bin/gnu/h-x86_64-mingw32/bin/../lib/gcc/nios2-elf/7.3.1/../../../../../H-x86_64-mingw32/nios2-elf/lib/mhw-mulx\libc.a
LOAD c:/intelfpga_pro/18.1/nios2eds/bin/gnu/h-x86_64-mingw32/bin/../lib/gcc/nios2-elf/7.3.1/mhw-mulx\libgcc.a
LOAD C:/Developer/fpga/ArrowESC/Cyclone10GX_Demo/software/Cyclone10GX_Demo_bsp/\libhal_bsp.a
LOAD c:/intelfpga_pro/18.1/nios2eds/bin/gnu/h-x86_64-mingw32/bin/../lib/gcc/nios2-elf/7.3.1/../../../../../H-x86_64-mingw32/nios2-elf/lib/mhw-mulx\libm.a
END GROUP
LOAD c:/intelfpga_pro/18.1/nios2eds/bin/gnu/h-x86_64-mingw32/bin/../lib/gcc/nios2-elf/7.3.1/mhw-mulx\libgcc.a
                0x0000000000000000                __alt_mem_mcu_subsystem_ram_0 = 0x0
                0x0000000008000000                __alt_mem_qspi_controller2_0_avl_mem = 0x8000000
                0x0000000080000000                __alt_mem_sdram_ctrl_amm_0 = 0x80000000

.entry          0x0000000080000000       0x20
 *(.entry)
 .entry         0x0000000080000000       0x20 C:/Developer/fpga/ArrowESC/Cyclone10GX_Demo/software/Cyclone10GX_Demo_bsp//obj/HAL/src/crt0.o
                0x0000000080000000                __reset

.exceptions     0x0000000080000020      0x218
                0x0000000080000020                PROVIDE (__ram_exceptions_start, ABSOLUTE (.))
                0x0000000080000020                . = ALIGN (0x20)
 *(.irq)
 *(.exceptions.entry.label)
 .exceptions.entry.label
                0x0000000080000020        0x0 C:/Developer/fpga/ArrowESC/Cyclone10GX_Demo/software/Cyclone10GX_Demo_bsp/\libhal_bsp.a(alt_irq_entry.o)
                0x0000000080000020                alt_irq_entry
 .exceptions.entry.label
                0x0000000080000020        0x0 C:/Developer/fpga/ArrowESC/Cyclone10GX_Demo/software/Cyclone10GX_Demo_bsp/\libhal_bsp.a(alt_exception_entry.o)
                0x0000000080000020                alt_exception
 *(.exceptions.entry.user)
 *(.exceptions.entry.ecc_fatal)
 *(.exceptions.entry)
 .exceptions.entry
                0x0000000080000020       0x54 C:/Developer/fpga/ArrowESC/Cyclone10GX_Demo/software/Cyclone10GX_Demo_bsp/\libhal_bsp.a(alt_exception_entry.o)
 *(.exceptions.irqtest.user)
 *(.exceptions.irqtest)
 .exceptions.irqtest
                0x0000000080000074       0x10 C:/Developer/fpga/ArrowESC/Cyclone10GX_Demo/software/Cyclone10GX_Demo_bsp/\libhal_bsp.a(alt_irq_entry.o)
 *(.exceptions.irqhandler.user)
 *(.exceptions.irqhandler)
 .exceptions.irqhandler
                0x0000000080000084        0x4 C:/Developer/fpga/ArrowESC/Cyclone10GX_Demo/software/Cyclone10GX_Demo_bsp/\libhal_bsp.a(alt_irq_entry.o)
 *(.exceptions.irqreturn.user)
 *(.exceptions.irqreturn)
 .exceptions.irqreturn
                0x0000000080000088        0x4 C:/Developer/fpga/ArrowESC/Cyclone10GX_Demo/software/Cyclone10GX_Demo_bsp/\libhal_bsp.a(alt_irq_entry.o)
 *(.exceptions.notirq.label)
 .exceptions.notirq.label
                0x000000008000008c        0x0 C:/Developer/fpga/ArrowESC/Cyclone10GX_Demo/software/Cyclone10GX_Demo_bsp/\libhal_bsp.a(alt_irq_entry.o)
 *(.exceptions.notirq.user)
 *(.exceptions.notirq)
 .exceptions.notirq
                0x000000008000008c        0x8 C:/Developer/fpga/ArrowESC/Cyclone10GX_Demo/software/Cyclone10GX_Demo_bsp/\libhal_bsp.a(alt_exception_entry.o)
 *(.exceptions.soft.user)
 *(.exceptions.soft)
 *(.exceptions.unknown.user)
 *(.exceptions.unknown)
 .exceptions.unknown
                0x0000000080000094       0x14 C:/Developer/fpga/ArrowESC/Cyclone10GX_Demo/software/Cyclone10GX_Demo_bsp/\libhal_bsp.a(alt_exception_entry.o)
 *(.exceptions.exit.label)
 .exceptions.exit.label
                0x00000000800000a8        0x0 C:/Developer/fpga/ArrowESC/Cyclone10GX_Demo/software/Cyclone10GX_Demo_bsp/\libhal_bsp.a(alt_irq_entry.o)
 .exceptions.exit.label
                0x00000000800000a8        0x0 C:/Developer/fpga/ArrowESC/Cyclone10GX_Demo/software/Cyclone10GX_Demo_bsp/\libhal_bsp.a(alt_exception_entry.o)
 *(.exceptions.exit.user)
 *(.exceptions.exit)
 .exceptions.exit
                0x00000000800000a8       0x54 C:/Developer/fpga/ArrowESC/Cyclone10GX_Demo/software/Cyclone10GX_Demo_bsp/\libhal_bsp.a(alt_exception_entry.o)
 *(.exceptions)
 .exceptions    0x00000000800000fc       0xc8 C:/Developer/fpga/ArrowESC/Cyclone10GX_Demo/software/Cyclone10GX_Demo_bsp/\libhal_bsp.a(alt_irq_handler.o)
                0x00000000800000fc                alt_irq_handler
 .exceptions    0x00000000800001c4       0x74 C:/Developer/fpga/ArrowESC/Cyclone10GX_Demo/software/Cyclone10GX_Demo_bsp/\libhal_bsp.a(alt_instruction_exception_entry.o)
                0x00000000800001c4                alt_instruction_exception_entry
                0x0000000080000238                PROVIDE (__ram_exceptions_end, ABSOLUTE (.))
                0x0000000080000020                PROVIDE (__flash_exceptions_start, LOADADDR (.exceptions))

.text           0x0000000080000238    0x24ba0
                [!provide]                        PROVIDE (stext, ABSOLUTE (.))
 *(.interp)
 *(.hash)
 *(.dynsym)
 *(.dynstr)
 *(.gnu.version)
 *(.gnu.version_d)
 *(.gnu.version_r)
 *(.rel.init)
 *(.rela.init)
 *(.rel.text .rel.text.* .rel.gnu.linkonce.t.*)
 *(.rela.text .rela.text.* .rela.gnu.linkonce.t.*)
 *(.rel.fini)
 *(.rela.fini)
 *(.rel.rodata .rel.rodata.* .rel.gnu.linkonce.r.*)
 *(.rela.rodata .rela.rodata.* .rela.gnu.linkonce.r.*)
 *(.rel.data .rel.data.* .rel.gnu.linkonce.d.*)
 *(.rela.data .rela.data.* .rela.gnu.linkonce.d.*)
 *(.rel.tdata .rel.tdata.* .rel.gnu.linkonce.td.*)
 *(.rela.tdata .rela.tdata.* .rela.gnu.linkonce.td.*)
 *(.rel.tbss .rel.tbss.* .rel.gnu.linkonce.tb.*)
 *(.rela.tbss .rela.tbss.* .rela.gnu.linkonce.tb.*)
 *(.rel.ctors)
 *(.rela.ctors)
 *(.rel.dtors)
 *(.rela.dtors)
 *(.rel.got)
 *(.rela.got)
 *(.rel.sdata .rel.sdata.* .rel.gnu.linkonce.s.*)
 *(.rela.sdata .rela.sdata.* .rela.gnu.linkonce.s.*)
 *(.rel.sbss .rel.sbss.* .rel.gnu.linkonce.sb.*)
 *(.rela.sbss .rela.sbss.* .rela.gnu.linkonce.sb.*)
 *(.rel.sdata2 .rel.sdata2.* .rel.gnu.linkonce.s2.*)
 *(.rela.sdata2 .rela.sdata2.* .rela.gnu.linkonce.s2.*)
 *(.rel.sbss2 .rel.sbss2.* .rel.gnu.linkonce.sb2.*)
 *(.rela.sbss2 .rela.sbss2.* .rela.gnu.linkonce.sb2.*)
 *(.rel.bss .rel.bss.* .rel.gnu.linkonce.b.*)
 *(.rela.bss .rela.bss.* .rela.gnu.linkonce.b.*)
 *(.rel.plt)
 *(.rela.plt)
 *(.rel.dyn)
 *(.init)
 *(.plt)
 *(.text .stub .text.* .gnu.linkonce.t.*)
 .text          0x0000000080000238       0x4c C:/Developer/fpga/ArrowESC/Cyclone10GX_Demo/software/Cyclone10GX_Demo_bsp//obj/HAL/src/crt0.o
                0x0000000080000238                _start
 .text          0x0000000080000284     0x1484 obj/default/fmc/ad9144/ad9144.o
                0x0000000080000284                ad9144_spi_read
                0x000000008000030c                ad9144_spi_write
                0x0000000080000388                ad9144_spi_check_status
                0x0000000080000434                ad9144_spi_write_seq
                0x00000000800004c8                ad9144_setup_jesd204_link
                0x0000000080000aa4                ad9144_setup
                0x0000000080001060                ad9144_dac_calibrate
                0x000000008000119c                ad9144_remove
                0x00000000800011e4                ad9144_status
                0x0000000080001364                ad9144_short_pattern_test
                0x000000008000158c                ad9144_datapath_prbs_test
 .text          0x0000000080001708     0x16b0 obj/default/fmc/ad9523/ad9523.o
                0x0000000080001708                ad9523_spi_read
                0x00000000800017f8                ad9523_spi_write
                0x00000000800018cc                ad9523_io_update
                0x0000000080001908                ad9523_vco_out_map
                0x0000000080001b58                ad9523_calibrate
                0x0000000080001c34                ad9523_status
                0x0000000080001d88                ad9523_sync
                0x0000000080001e6c                ad9523_init
                0x000000008000213c                ad9523_setup
                0x0000000080002d70                ad9523_remove
 .text          0x0000000080002db8      0x374 obj/default/fmc/ad9680/ad9680.o
                0x0000000080002db8                ad9680_spi_read
                0x0000000080002e40                ad9680_spi_write
                0x0000000080002ebc                ad9680_test
                0x0000000080002f30                ad9680_setup
                0x00000000800030e4                ad9680_remove
 .text          0x000000008000312c      0xdf8 obj/default/fmc/common_drivers/adc_core/adc_core.o
                0x000000008000312c                adc_read
                0x0000000080003194                adc_write
                0x00000000800031dc                adc_setup
                0x0000000080003360                adc_set_delay
                0x000000008000347c                adc_delay_calibrate
                0x00000000800037f8                adc_set_pnsel
                0x00000000800038b0                adc_pn_mon
                0x0000000080003a34                adc_ramp_test
 .text          0x0000000080003f24      0x160 obj/default/fmc/common_drivers/communication/generic/Communication.o
                0x0000000080003f24                I2C_Init
                0x0000000080003f48                I2C_Write
                0x0000000080003f8c                I2C_Read
                0x0000000080003fd0                SPI_Init
                0x0000000080004014                SPI_Read
                0x000000008000404c                SPI_Write
 .text          0x0000000080004084      0x274 obj/default/fmc/common_drivers/dac_buffer/dac_buffer.o
                0x0000000080004084                dac_buffer_load
 .text          0x00000000800042f8      0x9b8 obj/default/fmc/common_drivers/dac_core/dac_core.o
                0x00000000800042f8                dac_read
                0x0000000080004364                dac_write
                0x00000000800043b0                dds_set_frequency
                0x00000000800045a8                dds_set_phase
                0x0000000080004710                dds_set_scale
                0x0000000080004890                dac_data_src_sel
                0x00000000800049a4                dac_setup
                0x0000000080004aa4                dac_data_setup
 .text          0x0000000080004cb0      0x420 obj/default/fmc/common_drivers/dmac_core/dmac_core.o
                0x0000000080004cb0                dmac_read
                0x0000000080004cfc                dmac_write
                0x0000000080004d44                dmac_start_transaction
 .text          0x00000000800050d0     0x2034 obj/default/fmc/common_drivers/fru_tools/fru_tools.o
                0x00000000800050d0                calc_zero_checksum
                0x0000000080005138                min2date
                0x00000000800051ac                ascii2six
                0x0000000080005490                six2ascii
                0x00000000800056d4                parse_string
                0x0000000080005a84                parse_board_area
                0x0000000080005f2c                parse_multiboard_area
                0x0000000080006408                parse_FRU
                0x00000000800065dc                free_FRU
                0x00000000800069a8                build_FRU_blob
 .text          0x0000000080007104      0xa80 obj/default/fmc/common_drivers/jesd_core/jesd_core.o
                0x0000000080007104                jesd_read
                0x0000000080007150                jesd_write
                0x0000000080007198                jesd_setup
                0x0000000080007238                jesd_sysref_control
                0x00000000800072d0                jesd_status
                0x00000000800073d4                axi_jesd204_rx_status_read
                0x00000000800075cc                axi_jesd204_tx_status_read
                0x00000000800077c4                axi_jesd204_rx_laneinfo_read
 .text          0x0000000080007b84      0x8c4 obj/default/fmc/common_drivers/platform_drivers/platform_drivers.o
                0x0000000080007b84                i2c_init
                0x0000000080007bac                i2c_remove
                0x0000000080007bd0                i2c_write
                0x0000000080007c0c                i2c_read
                0x0000000080007c48                spi_init
                0x0000000080007d0c                spi_remove
                0x0000000080007d40                spi_write_and_read
                0x0000000080007e2c                gpio_get
                0x0000000080007ebc                gpio_remove
                0x0000000080007ef0                gpio_direction_input
                0x0000000080007f14                gpio_direction_output
                0x0000000080007f40                gpio_get_direction
                0x0000000080007f68                gpio_set_value
                0x0000000080008014                gpio_get_value
                0x000000008000809c                ad_gpio_set_range
                0x000000008000815c                ad_gpio_get_range
                0x0000000080008204                do_div
                0x00000000800082c0                ad_reg_write_16
                0x0000000080008350                ad_platform_init
                0x0000000080008370                ad_platform_close
                0x00000000800083a8                ad_uart_read
                0x00000000800083e8                ad_pow2
 .text          0x0000000080008448      0x498 obj/default/fmc/common_drivers/xcvr_core/xcvr_core.o
                0x0000000080008448                xcvr_read
                0x0000000080008494                xcvr_write
                0x00000000800084dc                xcvr_setup
                0x0000000080008654                xcvr_getconfig
                0x0000000080008768                xcvr_reset
                0x0000000080008828                xcvr_finalize_lane_rate_change
 .text          0x00000000800088e0      0xc28 obj/default/fmc/common_drivers/xcvr_core/xcvr_modules/altera_a10_atx_pll.o
                0x00000000800088e0                atx_lookup_band
                0x000000008000896c                atx_lookup_tank
                0x00000000800089c0                atx_lookup_cp_current
                0x0000000080008bd4                atx_lookup_lf_resistance
                0x0000000080008d58                atx_calc_params
                0x0000000080008f6c                atx_pll_round_rate
                0x00000000800090a4                atx_pll_set_rate
                0x0000000080009358                atx_pll_recalc_rate
 .text          0x0000000080009508      0xe80 obj/default/fmc/common_drivers/xcvr_core/xcvr_modules/altera_a10_fpll.o
                0x0000000080009508                fpll_lookup_lf_resistance
                0x0000000080009600                fpll_lookup_cp_current
                0x0000000080009b5c                fpll_calc_params
                0x0000000080009ea8                fpll_round_rate
                0x0000000080009fd4                fpll_set_rate
                0x000000008000a1bc                fpll_recalc_rate
 .text          0x000000008000a388     0x1198 obj/default/fmc/common_drivers/xcvr_core/xcvr_modules/altera_a10_xcvr_channel.o
                0x000000008000a388                altera_a10_cdr_lookup_vco_speed
                0x000000008000a3dc                altera_a10_cdr_lookup_vco_speed_fix
                0x000000008000a490                altera_a10_cdr_lookup_cp_current_pd
                0x000000008000a4dc                altera_a10_cdr_lookup_clklow_div
                0x000000008000a518                altera_a10_cdr_lookup_fastlock
                0x000000008000a550                altera_a10_cdr_lookup_lf_resistor_pd
                0x000000008000a5dc                altera_a10_cdr_lookup_lf_resistor_pfd
                0x000000008000a750                altera_a10_cdr_lookup_cp_current_pfd
                0x000000008000aaec                altera_a10_cdr_calc_params
                0x000000008000ad7c                altera_a10_cdr_pll_round_rate
                0x000000008000aecc                altera_a10_cdr_pll_set_rate
                0x000000008000b40c                altera_a10_calib_tx_pll
 .text          0x000000008000b520      0x594 obj/default/fmc/common_drivers/xcvr_core/xcvr_modules/altera_pll_common.o
                0x000000008000b520                a10_pll_read
                0x000000008000b578                a10_pll_write
                0x000000008000b5cc                pll_update
                0x000000008000b650                altera_a10_acquire_arbitration
                0x000000008000b738                altera_a10_release_arbitration
                0x000000008000b790                pll_calibration_check
                0x000000008000b8f8                pll_is_enabled
                0x000000008000b994                pll_enable
                0x000000008000ba24                pll_disable
 .text          0x000000008000bab4        0x0 obj/default/fmc/common_drivers/xcvr_core/xcvr_modules/xilinx_qpll.o
 .text          0x000000008000bab4        0x0 obj/default/fmc/common_drivers/xcvr_core/xcvr_modules/xilinx_xcvr_channel.o
 .text          0x000000008000bab4      0xdbc obj/default/main.o
                0x000000008000bab4                fmcdaq2_reconfig
                0x000000008000bf70                daq2_init
                0x000000008000c7a0                main
 .text          0x000000008000c870       0x28 c:/intelfpga_pro/18.1/nios2eds/bin/gnu/h-x86_64-mingw32/bin/../lib/gcc/nios2-elf/7.3.1/mhw-mulx\libgcc.a(_bswapsi2.o)
                0x000000008000c870                __bswapsi2
 .text          0x000000008000c898       0x74 c:/intelfpga_pro/18.1/nios2eds/bin/gnu/h-x86_64-mingw32/bin/../lib/gcc/nios2-elf/7.3.1/mhw-mulx\libgcc.a(_fixunsdfsi.o)
                0x000000008000c898                __fixunsdfsi
 .text          0x000000008000c90c       0x90 c:/intelfpga_pro/18.1/nios2eds/bin/gnu/h-x86_64-mingw32/bin/../lib/gcc/nios2-elf/7.3.1/mhw-mulx\libgcc.a(_fixunsdfdi.o)
                0x000000008000c90c                __fixunsdfdi
 .text          0x000000008000c99c      0x598 c:/intelfpga_pro/18.1/nios2eds/bin/gnu/h-x86_64-mingw32/bin/../lib/gcc/nios2-elf/7.3.1/mhw-mulx\libgcc.a(_udivdi3.o)
                0x000000008000c99c                __udivdi3
 .text          0x000000008000cf34      0x554 c:/intelfpga_pro/18.1/nios2eds/bin/gnu/h-x86_64-mingw32/bin/../lib/gcc/nios2-elf/7.3.1/mhw-mulx\libgcc.a(_umoddi3.o)
                0x000000008000cf34                __umoddi3
 .text          0x000000008000d488      0x1bc c:/intelfpga_pro/18.1/nios2eds/bin/gnu/h-x86_64-mingw32/bin/../lib/gcc/nios2-elf/7.3.1/mhw-mulx\libgcc.a(lib2-divmod.o)
                0x000000008000d488                __divsi3
                0x000000008000d510                __modsi3
                0x000000008000d588                __udivsi3
                0x000000008000d5ec                __umodsi3
 .text          0x000000008000d644      0x8c0 c:/intelfpga_pro/18.1/nios2eds/bin/gnu/h-x86_64-mingw32/bin/../lib/gcc/nios2-elf/7.3.1/mhw-mulx\libgcc.a(adddf3.o)
                0x000000008000d644                __adddf3
 .text          0x000000008000df04      0x8cc c:/intelfpga_pro/18.1/nios2eds/bin/gnu/h-x86_64-mingw32/bin/../lib/gcc/nios2-elf/7.3.1/mhw-mulx\libgcc.a(divdf3.o)
                0x000000008000df04                __divdf3
 .text          0x000000008000e7d0       0xe0 c:/intelfpga_pro/18.1/nios2eds/bin/gnu/h-x86_64-mingw32/bin/../lib/gcc/nios2-elf/7.3.1/mhw-mulx\libgcc.a(gedf2.o)
                0x000000008000e7d0                __gedf2
                0x000000008000e7d0                __gtdf2
 .text          0x000000008000e8b0      0x6dc c:/intelfpga_pro/18.1/nios2eds/bin/gnu/h-x86_64-mingw32/bin/../lib/gcc/nios2-elf/7.3.1/mhw-mulx\libgcc.a(muldf3.o)
                0x000000008000e8b0                __muldf3
 .text          0x000000008000ef8c      0x8d4 c:/intelfpga_pro/18.1/nios2eds/bin/gnu/h-x86_64-mingw32/bin/../lib/gcc/nios2-elf/7.3.1/mhw-mulx\libgcc.a(subdf3.o)
                0x000000008000ef8c                __subdf3
 .text          0x000000008000f860       0x80 c:/intelfpga_pro/18.1/nios2eds/bin/gnu/h-x86_64-mingw32/bin/../lib/gcc/nios2-elf/7.3.1/mhw-mulx\libgcc.a(fixdfsi.o)
                0x000000008000f860                __fixdfsi
 .text          0x000000008000f8e0       0x9c c:/intelfpga_pro/18.1/nios2eds/bin/gnu/h-x86_64-mingw32/bin/../lib/gcc/nios2-elf/7.3.1/mhw-mulx\libgcc.a(floatunsidf.o)
                0x000000008000f8e0                __floatunsidf
 .text          0x000000008000f97c        0x0 c:/intelfpga_pro/18.1/nios2eds/bin/gnu/h-x86_64-mingw32/bin/../lib/gcc/nios2-elf/7.3.1/mhw-mulx\libgcc.a(_clz.o)
 .text          0x000000008000f97c       0x54 c:/intelfpga_pro/18.1/nios2eds/bin/gnu/h-x86_64-mingw32/bin/../lib/gcc/nios2-elf/7.3.1/mhw-mulx\libgcc.a(_clzsi2.o)
                0x000000008000f97c                __clzsi2
 .text          0x000000008000f9d0        0x0 c:/intelfpga_pro/18.1/nios2eds/bin/gnu/h-x86_64-mingw32/bin/../lib/gcc/nios2-elf/7.3.1/../../../../../H-x86_64-mingw32/nios2-elf/lib/mhw-mulx\libc.a(lib_a-calloc.o)
 .text.calloc   0x000000008000f9d0       0x14 c:/intelfpga_pro/18.1/nios2eds/bin/gnu/h-x86_64-mingw32/bin/../lib/gcc/nios2-elf/7.3.1/../../../../../H-x86_64-mingw32/nios2-elf/lib/mhw-mulx\libc.a(lib_a-calloc.o)
                0x000000008000f9d0                calloc
 .text          0x000000008000f9e4        0x0 c:/intelfpga_pro/18.1/nios2eds/bin/gnu/h-x86_64-mingw32/bin/../lib/gcc/nios2-elf/7.3.1/../../../../../H-x86_64-mingw32/nios2-elf/lib/mhw-mulx\libc.a(lib_a-callocr.o)
 .text._calloc_r
                0x000000008000f9e4       0xbc c:/intelfpga_pro/18.1/nios2eds/bin/gnu/h-x86_64-mingw32/bin/../lib/gcc/nios2-elf/7.3.1/../../../../../H-x86_64-mingw32/nios2-elf/lib/mhw-mulx\libc.a(lib_a-callocr.o)
                0x000000008000f9e4                _calloc_r
 .text          0x000000008000faa0        0x0 c:/intelfpga_pro/18.1/nios2eds/bin/gnu/h-x86_64-mingw32/bin/../lib/gcc/nios2-elf/7.3.1/../../../../../H-x86_64-mingw32/nios2-elf/lib/mhw-mulx\libc.a(lib_a-getc.o)
 .text._getc_r  0x000000008000faa0       0x7c c:/intelfpga_pro/18.1/nios2eds/bin/gnu/h-x86_64-mingw32/bin/../lib/gcc/nios2-elf/7.3.1/../../../../../H-x86_64-mingw32/nios2-elf/lib/mhw-mulx\libc.a(lib_a-getc.o)
                0x000000008000faa0                _getc_r
 .text.getc     0x000000008000fb1c       0x90 c:/intelfpga_pro/18.1/nios2eds/bin/gnu/h-x86_64-mingw32/bin/../lib/gcc/nios2-elf/7.3.1/../../../../../H-x86_64-mingw32/nios2-elf/lib/mhw-mulx\libc.a(lib_a-getc.o)
                0x000000008000fb1c                getc
 .text          0x000000008000fbac        0x0 c:/intelfpga_pro/18.1/nios2eds/bin/gnu/h-x86_64-mingw32/bin/../lib/gcc/nios2-elf/7.3.1/../../../../../H-x86_64-mingw32/nios2-elf/lib/mhw-mulx\libc.a(lib_a-impure.o)
 .text          0x000000008000fbac        0x0 c:/intelfpga_pro/18.1/nios2eds/bin/gnu/h-x86_64-mingw32/bin/../lib/gcc/nios2-elf/7.3.1/../../../../../H-x86_64-mingw32/nios2-elf/lib/mhw-mulx\libc.a(lib_a-locale.o)
 .text._setlocale_r
                0x000000008000fbac       0x7c c:/intelfpga_pro/18.1/nios2eds/bin/gnu/h-x86_64-mingw32/bin/../lib/gcc/nios2-elf/7.3.1/../../../../../H-x86_64-mingw32/nios2-elf/lib/mhw-mulx\libc.a(lib_a-locale.o)
                0x000000008000fbac                _setlocale_r
 .text.__locale_mb_cur_max
                0x000000008000fc28       0x20 c:/intelfpga_pro/18.1/nios2eds/bin/gnu/h-x86_64-mingw32/bin/../lib/gcc/nios2-elf/7.3.1/../../../../../H-x86_64-mingw32/nios2-elf/lib/mhw-mulx\libc.a(lib_a-locale.o)
                0x000000008000fc28                __locale_mb_cur_max
 .text.__locale_ctype_ptr_l
                0x000000008000fc48        0x8 c:/intelfpga_pro/18.1/nios2eds/bin/gnu/h-x86_64-mingw32/bin/../lib/gcc/nios2-elf/7.3.1/../../../../../H-x86_64-mingw32/nios2-elf/lib/mhw-mulx\libc.a(lib_a-locale.o)
                0x000000008000fc48                __locale_ctype_ptr_l
 .text.__locale_ctype_ptr
                0x000000008000fc50       0x20 c:/intelfpga_pro/18.1/nios2eds/bin/gnu/h-x86_64-mingw32/bin/../lib/gcc/nios2-elf/7.3.1/../../../../../H-x86_64-mingw32/nios2-elf/lib/mhw-mulx\libc.a(lib_a-locale.o)
                0x000000008000fc50                __locale_ctype_ptr
 .text.setlocale
                0x000000008000fc70       0x14 c:/intelfpga_pro/18.1/nios2eds/bin/gnu/h-x86_64-mingw32/bin/../lib/gcc/nios2-elf/7.3.1/../../../../../H-x86_64-mingw32/nios2-elf/lib/mhw-mulx\libc.a(lib_a-locale.o)
                0x000000008000fc70                setlocale
 .text          0x000000008000fc84        0x0 c:/intelfpga_pro/18.1/nios2eds/bin/gnu/h-x86_64-mingw32/bin/../lib/gcc/nios2-elf/7.3.1/../../../../../H-x86_64-mingw32/nios2-elf/lib/mhw-mulx\libc.a(lib_a-malloc.o)
 .text.malloc   0x000000008000fc84       0x10 c:/intelfpga_pro/18.1/nios2eds/bin/gnu/h-x86_64-mingw32/bin/../lib/gcc/nios2-elf/7.3.1/../../../../../H-x86_64-mingw32/nios2-elf/lib/mhw-mulx\libc.a(lib_a-malloc.o)
                0x000000008000fc84                malloc
 .text.free     0x000000008000fc94       0x10 c:/intelfpga_pro/18.1/nios2eds/bin/gnu/h-x86_64-mingw32/bin/../lib/gcc/nios2-elf/7.3.1/../../../../../H-x86_64-mingw32/nios2-elf/lib/mhw-mulx\libc.a(lib_a-malloc.o)
                0x000000008000fc94                free
 .text          0x000000008000fca4        0x0 c:/intelfpga_pro/18.1/nios2eds/bin/gnu/h-x86_64-mingw32/bin/../lib/gcc/nios2-elf/7.3.1/../../../../../H-x86_64-mingw32/nios2-elf/lib/mhw-mulx\libc.a(lib_a-mallocr.o)
 .text._malloc_r
                0x000000008000fca4      0x7d8 c:/intelfpga_pro/18.1/nios2eds/bin/gnu/h-x86_64-mingw32/bin/../lib/gcc/nios2-elf/7.3.1/../../../../../H-x86_64-mingw32/nios2-elf/lib/mhw-mulx\libc.a(lib_a-mallocr.o)
                0x000000008000fca4                _malloc_r
 .text          0x000000008001047c        0x0 c:/intelfpga_pro/18.1/nios2eds/bin/gnu/h-x86_64-mingw32/bin/../lib/gcc/nios2-elf/7.3.1/../../../../../H-x86_64-mingw32/nios2-elf/lib/mhw-mulx\libc.a(lib_a-mbtowc_r.o)
 .text._mbtowc_r
                0x000000008001047c       0x28 c:/intelfpga_pro/18.1/nios2eds/bin/gnu/h-x86_64-mingw32/bin/../lib/gcc/nios2-elf/7.3.1/../../../../../H-x86_64-mingw32/nios2-elf/lib/mhw-mulx\libc.a(lib_a-mbtowc_r.o)
                0x000000008001047c                _mbtowc_r
 .text.__ascii_mbtowc
                0x00000000800104a4       0x44 c:/intelfpga_pro/18.1/nios2eds/bin/gnu/h-x86_64-mingw32/bin/../lib/gcc/nios2-elf/7.3.1/../../../../../H-x86_64-mingw32/nios2-elf/lib/mhw-mulx\libc.a(lib_a-mbtowc_r.o)
                0x00000000800104a4                __ascii_mbtowc
 .text          0x00000000800104e8        0x0 c:/intelfpga_pro/18.1/nios2eds/bin/gnu/h-x86_64-mingw32/bin/../lib/gcc/nios2-elf/7.3.1/../../../../../H-x86_64-mingw32/nios2-elf/lib/mhw-mulx\libc.a(lib_a-memcpy.o)
 .text.memcpy   0x00000000800104e8       0xf0 c:/intelfpga_pro/18.1/nios2eds/bin/gnu/h-x86_64-mingw32/bin/../lib/gcc/nios2-elf/7.3.1/../../../../../H-x86_64-mingw32/nios2-elf/lib/mhw-mulx\libc.a(lib_a-memcpy.o)
                0x00000000800104e8                memcpy
 .text          0x00000000800105d8        0x0 c:/intelfpga_pro/18.1/nios2eds/bin/gnu/h-x86_64-mingw32/bin/../lib/gcc/nios2-elf/7.3.1/../../../../../H-x86_64-mingw32/nios2-elf/lib/mhw-mulx\libc.a(lib_a-memset.o)
 .text.memset   0x00000000800105d8       0xfc c:/intelfpga_pro/18.1/nios2eds/bin/gnu/h-x86_64-mingw32/bin/../lib/gcc/nios2-elf/7.3.1/../../../../../H-x86_64-mingw32/nios2-elf/lib/mhw-mulx\libc.a(lib_a-memset.o)
                0x00000000800105d8                memset
 .text          0x00000000800106d4        0x0 c:/intelfpga_pro/18.1/nios2eds/bin/gnu/h-x86_64-mingw32/bin/../lib/gcc/nios2-elf/7.3.1/../../../../../H-x86_64-mingw32/nios2-elf/lib/mhw-mulx\libc.a(lib_a-mktime.o)
 .text.validate_structure
                0x00000000800106d4      0x2b0 c:/intelfpga_pro/18.1/nios2eds/bin/gnu/h-x86_64-mingw32/bin/../lib/gcc/nios2-elf/7.3.1/../../../../../H-x86_64-mingw32/nios2-elf/lib/mhw-mulx\libc.a(lib_a-mktime.o)
 .text.mktime   0x0000000080010984      0x3c0 c:/intelfpga_pro/18.1/nios2eds/bin/gnu/h-x86_64-mingw32/bin/../lib/gcc/nios2-elf/7.3.1/../../../../../H-x86_64-mingw32/nios2-elf/lib/mhw-mulx\libc.a(lib_a-mktime.o)
                0x0000000080010984                mktime
 .text          0x0000000080010d44        0x0 c:/intelfpga_pro/18.1/nios2eds/bin/gnu/h-x86_64-mingw32/bin/../lib/gcc/nios2-elf/7.3.1/../../../../../H-x86_64-mingw32/nios2-elf/lib/mhw-mulx\libc.a(lib_a-printf.o)
 .text._printf_r
                0x0000000080010d44       0x30 c:/intelfpga_pro/18.1/nios2eds/bin/gnu/h-x86_64-mingw32/bin/../lib/gcc/nios2-elf/7.3.1/../../../../../H-x86_64-mingw32/nios2-elf/lib/mhw-mulx\libc.a(lib_a-printf.o)
                0x0000000080010d44                _printf_r
 .text.printf   0x0000000080010d74       0x38 c:/intelfpga_pro/18.1/nios2eds/bin/gnu/h-x86_64-mingw32/bin/../lib/gcc/nios2-elf/7.3.1/../../../../../H-x86_64-mingw32/nios2-elf/lib/mhw-mulx\libc.a(lib_a-printf.o)
                0x0000000080010d74                printf
 .text          0x0000000080010dac        0x0 c:/intelfpga_pro/18.1/nios2eds/bin/gnu/h-x86_64-mingw32/bin/../lib/gcc/nios2-elf/7.3.1/../../../../../H-x86_64-mingw32/nios2-elf/lib/mhw-mulx\libc.a(lib_a-putchar.o)
 .text._putchar_r
                0x0000000080010dac        0x8 c:/intelfpga_pro/18.1/nios2eds/bin/gnu/h-x86_64-mingw32/bin/../lib/gcc/nios2-elf/7.3.1/../../../../../H-x86_64-mingw32/nios2-elf/lib/mhw-mulx\libc.a(lib_a-putchar.o)
                0x0000000080010dac                _putchar_r
 .text.putchar  0x0000000080010db4       0x18 c:/intelfpga_pro/18.1/nios2eds/bin/gnu/h-x86_64-mingw32/bin/../lib/gcc/nios2-elf/7.3.1/../../../../../H-x86_64-mingw32/nios2-elf/lib/mhw-mulx\libc.a(lib_a-putchar.o)
                0x0000000080010db4                putchar
 .text          0x0000000080010dcc        0x0 c:/intelfpga_pro/18.1/nios2eds/bin/gnu/h-x86_64-mingw32/bin/../lib/gcc/nios2-elf/7.3.1/../../../../../H-x86_64-mingw32/nios2-elf/lib/mhw-mulx\libc.a(lib_a-puts.o)
 .text._puts_r  0x0000000080010dcc       0xcc c:/intelfpga_pro/18.1/nios2eds/bin/gnu/h-x86_64-mingw32/bin/../lib/gcc/nios2-elf/7.3.1/../../../../../H-x86_64-mingw32/nios2-elf/lib/mhw-mulx\libc.a(lib_a-puts.o)
                0x0000000080010dcc                _puts_r
 .text.puts     0x0000000080010e98       0x10 c:/intelfpga_pro/18.1/nios2eds/bin/gnu/h-x86_64-mingw32/bin/../lib/gcc/nios2-elf/7.3.1/../../../../../H-x86_64-mingw32/nios2-elf/lib/mhw-mulx\libc.a(lib_a-puts.o)
                0x0000000080010e98                puts
 .text          0x0000000080010ea8        0x0 c:/intelfpga_pro/18.1/nios2eds/bin/gnu/h-x86_64-mingw32/bin/../lib/gcc/nios2-elf/7.3.1/../../../../../H-x86_64-mingw32/nios2-elf/lib/mhw-mulx\libc.a(lib_a-rget.o)
 .text.__srget_r
                0x0000000080010ea8       0x74 c:/intelfpga_pro/18.1/nios2eds/bin/gnu/h-x86_64-mingw32/bin/../lib/gcc/nios2-elf/7.3.1/../../../../../H-x86_64-mingw32/nios2-elf/lib/mhw-mulx\libc.a(lib_a-rget.o)
                0x0000000080010ea8                __srget_r
 .text.__srget  0x0000000080010f1c       0x10 c:/intelfpga_pro/18.1/nios2eds/bin/gnu/h-x86_64-mingw32/bin/../lib/gcc/nios2-elf/7.3.1/../../../../../H-x86_64-mingw32/nios2-elf/lib/mhw-mulx\libc.a(lib_a-rget.o)
                0x0000000080010f1c                __srget
 .text          0x0000000080010f2c        0x0 c:/intelfpga_pro/18.1/nios2eds/bin/gnu/h-x86_64-mingw32/bin/../lib/gcc/nios2-elf/7.3.1/../../../../../H-x86_64-mingw32/nios2-elf/lib/mhw-mulx\libc.a(lib_a-sbrkr.o)
 .text._sbrk_r  0x0000000080010f2c       0x58 c:/intelfpga_pro/18.1/nios2eds/bin/gnu/h-x86_64-mingw32/bin/../lib/gcc/nios2-elf/7.3.1/../../../../../H-x86_64-mingw32/nios2-elf/lib/mhw-mulx\libc.a(lib_a-sbrkr.o)
                0x0000000080010f2c                _sbrk_r
 .text          0x0000000080010f84        0x0 c:/intelfpga_pro/18.1/nios2eds/bin/gnu/h-x86_64-mingw32/bin/../lib/gcc/nios2-elf/7.3.1/../../../../../H-x86_64-mingw32/nios2-elf/lib/mhw-mulx\libc.a(lib_a-sprintf.o)
 .text._sprintf_r
                0x0000000080010f84       0x54 c:/intelfpga_pro/18.1/nios2eds/bin/gnu/h-x86_64-mingw32/bin/../lib/gcc/nios2-elf/7.3.1/../../../../../H-x86_64-mingw32/nios2-elf/lib/mhw-mulx\libc.a(lib_a-sprintf.o)
                0x0000000080010f84                _sprintf_r
 .text.sprintf  0x0000000080010fd8       0x64 c:/intelfpga_pro/18.1/nios2eds/bin/gnu/h-x86_64-mingw32/bin/../lib/gcc/nios2-elf/7.3.1/../../../../../H-x86_64-mingw32/nios2-elf/lib/mhw-mulx\libc.a(lib_a-sprintf.o)
                0x0000000080010fd8                sprintf
 .text          0x000000008001103c        0x0 c:/intelfpga_pro/18.1/nios2eds/bin/gnu/h-x86_64-mingw32/bin/../lib/gcc/nios2-elf/7.3.1/../../../../../H-x86_64-mingw32/nios2-elf/lib/mhw-mulx\libc.a(lib_a-strcmp.o)
 .text.strcmp   0x000000008001103c       0xcc c:/intelfpga_pro/18.1/nios2eds/bin/gnu/h-x86_64-mingw32/bin/../lib/gcc/nios2-elf/7.3.1/../../../../../H-x86_64-mingw32/nios2-elf/lib/mhw-mulx\libc.a(lib_a-strcmp.o)
                0x000000008001103c                strcmp
 .text          0x0000000080011108        0x0 c:/intelfpga_pro/18.1/nios2eds/bin/gnu/h-x86_64-mingw32/bin/../lib/gcc/nios2-elf/7.3.1/../../../../../H-x86_64-mingw32/nios2-elf/lib/mhw-mulx\libc.a(lib_a-strcpy.o)
 .text.strcpy   0x0000000080011108       0x8c c:/intelfpga_pro/18.1/nios2eds/bin/gnu/h-x86_64-mingw32/bin/../lib/gcc/nios2-elf/7.3.1/../../../../../H-x86_64-mingw32/nios2-elf/lib/mhw-mulx\libc.a(lib_a-strcpy.o)
                0x0000000080011108                strcpy
 .text          0x0000000080011194        0x0 c:/intelfpga_pro/18.1/nios2eds/bin/gnu/h-x86_64-mingw32/bin/../lib/gcc/nios2-elf/7.3.1/../../../../../H-x86_64-mingw32/nios2-elf/lib/mhw-mulx\libc.a(lib_a-strlen.o)
 .text.strlen   0x0000000080011194       0x90 c:/intelfpga_pro/18.1/nios2eds/bin/gnu/h-x86_64-mingw32/bin/../lib/gcc/nios2-elf/7.3.1/../../../../../H-x86_64-mingw32/nios2-elf/lib/mhw-mulx\libc.a(lib_a-strlen.o)
                0x0000000080011194                strlen
 .text          0x0000000080011224        0x0 c:/intelfpga_pro/18.1/nios2eds/bin/gnu/h-x86_64-mingw32/bin/../lib/gcc/nios2-elf/7.3.1/../../../../../H-x86_64-mingw32/nios2-elf/lib/mhw-mulx\libc.a(lib_a-svfprintf.o)
 .text.___svfprintf_internal_r
                0x0000000080011224     0x1fb4 c:/intelfpga_pro/18.1/nios2eds/bin/gnu/h-x86_64-mingw32/bin/../lib/gcc/nios2-elf/7.3.1/../../../../../H-x86_64-mingw32/nios2-elf/lib/mhw-mulx\libc.a(lib_a-svfprintf.o)
                0x0000000080011224                ___svfprintf_internal_r
 .text          0x00000000800131d8        0x0 c:/intelfpga_pro/18.1/nios2eds/bin/gnu/h-x86_64-mingw32/bin/../lib/gcc/nios2-elf/7.3.1/../../../../../H-x86_64-mingw32/nios2-elf/lib/mhw-mulx\libc.a(lib_a-tzcalc_limits.o)
 .text.__tzcalc_limits
                0x00000000800131d8      0x228 c:/intelfpga_pro/18.1/nios2eds/bin/gnu/h-x86_64-mingw32/bin/../lib/gcc/nios2-elf/7.3.1/../../../../../H-x86_64-mingw32/nios2-elf/lib/mhw-mulx\libc.a(lib_a-tzcalc_limits.o)
                0x00000000800131d8                __tzcalc_limits
 .text          0x0000000080013400        0x0 c:/intelfpga_pro/18.1/nios2eds/bin/gnu/h-x86_64-mingw32/bin/../lib/gcc/nios2-elf/7.3.1/../../../../../H-x86_64-mingw32/nios2-elf/lib/mhw-mulx\libc.a(lib_a-tzlock.o)
 .text.__tz_lock
                0x0000000080013400        0x4 c:/intelfpga_pro/18.1/nios2eds/bin/gnu/h-x86_64-mingw32/bin/../lib/gcc/nios2-elf/7.3.1/../../../../../H-x86_64-mingw32/nios2-elf/lib/mhw-mulx\libc.a(lib_a-tzlock.o)
                0x0000000080013400                __tz_lock
 .text.__tz_unlock
                0x0000000080013404        0x4 c:/intelfpga_pro/18.1/nios2eds/bin/gnu/h-x86_64-mingw32/bin/../lib/gcc/nios2-elf/7.3.1/../../../../../H-x86_64-mingw32/nios2-elf/lib/mhw-mulx\libc.a(lib_a-tzlock.o)
                0x0000000080013404                __tz_unlock
 .text          0x0000000080013408        0x0 c:/intelfpga_pro/18.1/nios2eds/bin/gnu/h-x86_64-mingw32/bin/../lib/gcc/nios2-elf/7.3.1/../../../../../H-x86_64-mingw32/nios2-elf/lib/mhw-mulx\libc.a(lib_a-tzset.o)
 .text._tzset_unlocked
                0x0000000080013408        0xc c:/intelfpga_pro/18.1/nios2eds/bin/gnu/h-x86_64-mingw32/bin/../lib/gcc/nios2-elf/7.3.1/../../../../../H-x86_64-mingw32/nios2-elf/lib/mhw-mulx\libc.a(lib_a-tzset.o)
                0x0000000080013408                _tzset_unlocked
 .text.tzset    0x0000000080013414       0x24 c:/intelfpga_pro/18.1/nios2eds/bin/gnu/h-x86_64-mingw32/bin/../lib/gcc/nios2-elf/7.3.1/../../../../../H-x86_64-mingw32/nios2-elf/lib/mhw-mulx\libc.a(lib_a-tzset.o)
                0x0000000080013414                tzset
 .text          0x0000000080013438        0x0 c:/intelfpga_pro/18.1/nios2eds/bin/gnu/h-x86_64-mingw32/bin/../lib/gcc/nios2-elf/7.3.1/../../../../../H-x86_64-mingw32/nios2-elf/lib/mhw-mulx\libc.a(lib_a-tzset_r.o)
 .text._tzset_unlocked_r
                0x0000000080013438      0x4e8 c:/intelfpga_pro/18.1/nios2eds/bin/gnu/h-x86_64-mingw32/bin/../lib/gcc/nios2-elf/7.3.1/../../../../../H-x86_64-mingw32/nios2-elf/lib/mhw-mulx\libc.a(lib_a-tzset_r.o)
                0x0000000080013438                _tzset_unlocked_r
 .text._tzset_r
                0x0000000080013920       0x24 c:/intelfpga_pro/18.1/nios2eds/bin/gnu/h-x86_64-mingw32/bin/../lib/gcc/nios2-elf/7.3.1/../../../../../H-x86_64-mingw32/nios2-elf/lib/mhw-mulx\libc.a(lib_a-tzset_r.o)
                0x0000000080013920                _tzset_r
 .text          0x0000000080013944        0x0 c:/intelfpga_pro/18.1/nios2eds/bin/gnu/h-x86_64-mingw32/bin/../lib/gcc/nios2-elf/7.3.1/../../../../../H-x86_64-mingw32/nios2-elf/lib/mhw-mulx\libc.a(lib_a-tzvars.o)
 .text          0x0000000080013944        0x0 c:/intelfpga_pro/18.1/nios2eds/bin/gnu/h-x86_64-mingw32/bin/../lib/gcc/nios2-elf/7.3.1/../../../../../H-x86_64-mingw32/nios2-elf/lib/mhw-mulx\libc.a(lib_a-vfprintf.o)
 .text.___vfprintf_internal_r
                0x0000000080013944     0x1fb4 c:/intelfpga_pro/18.1/nios2eds/bin/gnu/h-x86_64-mingw32/bin/../lib/gcc/nios2-elf/7.3.1/../../../../../H-x86_64-mingw32/nios2-elf/lib/mhw-mulx\libc.a(lib_a-vfprintf.o)
                0x0000000080013944                ___vfprintf_internal_r
 .text.__vfprintf_internal
                0x00000000800158f8       0x18 c:/intelfpga_pro/18.1/nios2eds/bin/gnu/h-x86_64-mingw32/bin/../lib/gcc/nios2-elf/7.3.1/../../../../../H-x86_64-mingw32/nios2-elf/lib/mhw-mulx\libc.a(lib_a-vfprintf.o)
                0x00000000800158f8                __vfprintf_internal
 .text.__sbprintf
                0x0000000080015910       0xc0 c:/intelfpga_pro/18.1/nios2eds/bin/gnu/h-x86_64-mingw32/bin/../lib/gcc/nios2-elf/7.3.1/../../../../../H-x86_64-mingw32/nios2-elf/lib/mhw-mulx\libc.a(lib_a-vfprintf.o)
 .text          0x00000000800159d0        0x0 c:/intelfpga_pro/18.1/nios2eds/bin/gnu/h-x86_64-mingw32/bin/../lib/gcc/nios2-elf/7.3.1/../../../../../H-x86_64-mingw32/nios2-elf/lib/mhw-mulx\libc.a(lib_a-wctomb_r.o)
 .text._wctomb_r
                0x00000000800159d0       0x20 c:/intelfpga_pro/18.1/nios2eds/bin/gnu/h-x86_64-mingw32/bin/../lib/gcc/nios2-elf/7.3.1/../../../../../H-x86_64-mingw32/nios2-elf/lib/mhw-mulx\libc.a(lib_a-wctomb_r.o)
                0x00000000800159d0                _wctomb_r
 .text.__ascii_wctomb
                0x00000000800159f0       0x30 c:/intelfpga_pro/18.1/nios2eds/bin/gnu/h-x86_64-mingw32/bin/../lib/gcc/nios2-elf/7.3.1/../../../../../H-x86_64-mingw32/nios2-elf/lib/mhw-mulx\libc.a(lib_a-wctomb_r.o)
                0x00000000800159f0                __ascii_wctomb
 .text          0x0000000080015a20        0x0 c:/intelfpga_pro/18.1/nios2eds/bin/gnu/h-x86_64-mingw32/bin/../lib/gcc/nios2-elf/7.3.1/../../../../../H-x86_64-mingw32/nios2-elf/lib/mhw-mulx\libc.a(lib_a-wsetup.o)
 .text.__swsetup_r
                0x0000000080015a20      0x158 c:/intelfpga_pro/18.1/nios2eds/bin/gnu/h-x86_64-mingw32/bin/../lib/gcc/nios2-elf/7.3.1/../../../../../H-x86_64-mingw32/nios2-elf/lib/mhw-mulx\libc.a(lib_a-wsetup.o)
                0x0000000080015a20                __swsetup_r
 .text          0x0000000080015b78        0x0 c:/intelfpga_pro/18.1/nios2eds/bin/gnu/h-x86_64-mingw32/bin/../lib/gcc/nios2-elf/7.3.1/../../../../../H-x86_64-mingw32/nios2-elf/lib/mhw-mulx\libc.a(lib_a-ctype_.o)
 .text          0x0000000080015b78        0x0 c:/intelfpga_pro/18.1/nios2eds/bin/gnu/h-x86_64-mingw32/bin/../lib/gcc/nios2-elf/7.3.1/../../../../../H-x86_64-mingw32/nios2-elf/lib/mhw-mulx\libc.a(lib_a-div.o)
 .text.div      0x0000000080015b78       0x74 c:/intelfpga_pro/18.1/nios2eds/bin/gnu/h-x86_64-mingw32/bin/../lib/gcc/nios2-elf/7.3.1/../../../../../H-x86_64-mingw32/nios2-elf/lib/mhw-mulx\libc.a(lib_a-div.o)
                0x0000000080015b78                div
 .text          0x0000000080015bec        0x0 c:/intelfpga_pro/18.1/nios2eds/bin/gnu/h-x86_64-mingw32/bin/../lib/gcc/nios2-elf/7.3.1/../../../../../H-x86_64-mingw32/nios2-elf/lib/mhw-mulx\libc.a(lib_a-dtoa.o)
 .text.quorem   0x0000000080015bec      0x1f8 c:/intelfpga_pro/18.1/nios2eds/bin/gnu/h-x86_64-mingw32/bin/../lib/gcc/nios2-elf/7.3.1/../../../../../H-x86_64-mingw32/nios2-elf/lib/mhw-mulx\libc.a(lib_a-dtoa.o)
 .text._dtoa_r  0x0000000080015de4     0x16a8 c:/intelfpga_pro/18.1/nios2eds/bin/gnu/h-x86_64-mingw32/bin/../lib/gcc/nios2-elf/7.3.1/../../../../../H-x86_64-mingw32/nios2-elf/lib/mhw-mulx\libc.a(lib_a-dtoa.o)
                0x0000000080015de4                _dtoa_r
 .text          0x000000008001748c        0x0 c:/intelfpga_pro/18.1/nios2eds/bin/gnu/h-x86_64-mingw32/bin/../lib/gcc/nios2-elf/7.3.1/../../../../../H-x86_64-mingw32/nios2-elf/lib/mhw-mulx\libc.a(lib_a-fflush.o)
 .text.__sflush_r
                0x000000008001748c      0x220 c:/intelfpga_pro/18.1/nios2eds/bin/gnu/h-x86_64-mingw32/bin/../lib/gcc/nios2-elf/7.3.1/../../../../../H-x86_64-mingw32/nios2-elf/lib/mhw-mulx\libc.a(lib_a-fflush.o)
                0x000000008001748c                __sflush_r
 .text._fflush_r
                0x00000000800176ac       0x60 c:/intelfpga_pro/18.1/nios2eds/bin/gnu/h-x86_64-mingw32/bin/../lib/gcc/nios2-elf/7.3.1/../../../../../H-x86_64-mingw32/nios2-elf/lib/mhw-mulx\libc.a(lib_a-fflush.o)
                0x00000000800176ac                _fflush_r
 .text.fflush   0x000000008001770c       0x28 c:/intelfpga_pro/18.1/nios2eds/bin/gnu/h-x86_64-mingw32/bin/../lib/gcc/nios2-elf/7.3.1/../../../../../H-x86_64-mingw32/nios2-elf/lib/mhw-mulx\libc.a(lib_a-fflush.o)
                0x000000008001770c                fflush
 .text          0x0000000080017734        0x0 c:/intelfpga_pro/18.1/nios2eds/bin/gnu/h-x86_64-mingw32/bin/../lib/gcc/nios2-elf/7.3.1/../../../../../H-x86_64-mingw32/nios2-elf/lib/mhw-mulx\libc.a(lib_a-findfp.o)
 .text.__fp_lock
                0x0000000080017734        0x8 c:/intelfpga_pro/18.1/nios2eds/bin/gnu/h-x86_64-mingw32/bin/../lib/gcc/nios2-elf/7.3.1/../../../../../H-x86_64-mingw32/nios2-elf/lib/mhw-mulx\libc.a(lib_a-findfp.o)
 .text._cleanup_r
                0x000000008001773c        0xc c:/intelfpga_pro/18.1/nios2eds/bin/gnu/h-x86_64-mingw32/bin/../lib/gcc/nios2-elf/7.3.1/../../../../../H-x86_64-mingw32/nios2-elf/lib/mhw-mulx\libc.a(lib_a-findfp.o)
                0x000000008001773c                _cleanup_r
 .text.__sinit.part.0
                0x0000000080017748      0x184 c:/intelfpga_pro/18.1/nios2eds/bin/gnu/h-x86_64-mingw32/bin/../lib/gcc/nios2-elf/7.3.1/../../../../../H-x86_64-mingw32/nios2-elf/lib/mhw-mulx\libc.a(lib_a-findfp.o)
 .text.__fp_unlock
                0x00000000800178cc        0x8 c:/intelfpga_pro/18.1/nios2eds/bin/gnu/h-x86_64-mingw32/bin/../lib/gcc/nios2-elf/7.3.1/../../../../../H-x86_64-mingw32/nios2-elf/lib/mhw-mulx\libc.a(lib_a-findfp.o)
 .text.__sfmoreglue
                0x00000000800178d4       0x68 c:/intelfpga_pro/18.1/nios2eds/bin/gnu/h-x86_64-mingw32/bin/../lib/gcc/nios2-elf/7.3.1/../../../../../H-x86_64-mingw32/nios2-elf/lib/mhw-mulx\libc.a(lib_a-findfp.o)
                0x00000000800178d4                __sfmoreglue
 .text.__sfp    0x000000008001793c       0xfc c:/intelfpga_pro/18.1/nios2eds/bin/gnu/h-x86_64-mingw32/bin/../lib/gcc/nios2-elf/7.3.1/../../../../../H-x86_64-mingw32/nios2-elf/lib/mhw-mulx\libc.a(lib_a-findfp.o)
                0x000000008001793c                __sfp
 .text._cleanup
                0x0000000080017a38       0x14 c:/intelfpga_pro/18.1/nios2eds/bin/gnu/h-x86_64-mingw32/bin/../lib/gcc/nios2-elf/7.3.1/../../../../../H-x86_64-mingw32/nios2-elf/lib/mhw-mulx\libc.a(lib_a-findfp.o)
                0x0000000080017a38                _cleanup
 .text.__sinit  0x0000000080017a4c       0x10 c:/intelfpga_pro/18.1/nios2eds/bin/gnu/h-x86_64-mingw32/bin/../lib/gcc/nios2-elf/7.3.1/../../../../../H-x86_64-mingw32/nios2-elf/lib/mhw-mulx\libc.a(lib_a-findfp.o)
                0x0000000080017a4c                __sinit
 .text.__sfp_lock_acquire
                0x0000000080017a5c        0x4 c:/intelfpga_pro/18.1/nios2eds/bin/gnu/h-x86_64-mingw32/bin/../lib/gcc/nios2-elf/7.3.1/../../../../../H-x86_64-mingw32/nios2-elf/lib/mhw-mulx\libc.a(lib_a-findfp.o)
                0x0000000080017a5c                __sfp_lock_acquire
 .text.__sfp_lock_release
                0x0000000080017a60        0x4 c:/intelfpga_pro/18.1/nios2eds/bin/gnu/h-x86_64-mingw32/bin/../lib/gcc/nios2-elf/7.3.1/../../../../../H-x86_64-mingw32/nios2-elf/lib/mhw-mulx\libc.a(lib_a-findfp.o)
                0x0000000080017a60                __sfp_lock_release
 .text.__sinit_lock_acquire
                0x0000000080017a64        0x4 c:/intelfpga_pro/18.1/nios2eds/bin/gnu/h-x86_64-mingw32/bin/../lib/gcc/nios2-elf/7.3.1/../../../../../H-x86_64-mingw32/nios2-elf/lib/mhw-mulx\libc.a(lib_a-findfp.o)
                0x0000000080017a64                __sinit_lock_acquire
 .text.__sinit_lock_release
                0x0000000080017a68        0x4 c:/intelfpga_pro/18.1/nios2eds/bin/gnu/h-x86_64-mingw32/bin/../lib/gcc/nios2-elf/7.3.1/../../../../../H-x86_64-mingw32/nios2-elf/lib/mhw-mulx\libc.a(lib_a-findfp.o)
                0x0000000080017a68                __sinit_lock_release
 .text.__fp_lock_all
                0x0000000080017a6c       0x14 c:/intelfpga_pro/18.1/nios2eds/bin/gnu/h-x86_64-mingw32/bin/../lib/gcc/nios2-elf/7.3.1/../../../../../H-x86_64-mingw32/nios2-elf/lib/mhw-mulx\libc.a(lib_a-findfp.o)
                0x0000000080017a6c                __fp_lock_all
 .text.__fp_unlock_all
                0x0000000080017a80       0x14 c:/intelfpga_pro/18.1/nios2eds/bin/gnu/h-x86_64-mingw32/bin/../lib/gcc/nios2-elf/7.3.1/../../../../../H-x86_64-mingw32/nios2-elf/lib/mhw-mulx\libc.a(lib_a-findfp.o)
                0x0000000080017a80                __fp_unlock_all
 .text          0x0000000080017a94        0x0 c:/intelfpga_pro/18.1/nios2eds/bin/gnu/h-x86_64-mingw32/bin/../lib/gcc/nios2-elf/7.3.1/../../../../../H-x86_64-mingw32/nios2-elf/lib/mhw-mulx\libc.a(lib_a-freer.o)
 .text._malloc_trim_r
                0x0000000080017a94      0x11c c:/intelfpga_pro/18.1/nios2eds/bin/gnu/h-x86_64-mingw32/bin/../lib/gcc/nios2-elf/7.3.1/../../../../../H-x86_64-mingw32/nios2-elf/lib/mhw-mulx\libc.a(lib_a-freer.o)
                0x0000000080017a94                _malloc_trim_r
 .text._free_r  0x0000000080017bb0      0x2f0 c:/intelfpga_pro/18.1/nios2eds/bin/gnu/h-x86_64-mingw32/bin/../lib/gcc/nios2-elf/7.3.1/../../../../../H-x86_64-mingw32/nios2-elf/lib/mhw-mulx\libc.a(lib_a-freer.o)
                0x0000000080017bb0                _free_r
 .text          0x0000000080017ea0        0x0 c:/intelfpga_pro/18.1/nios2eds/bin/gnu/h-x86_64-mingw32/bin/../lib/gcc/nios2-elf/7.3.1/../../../../../H-x86_64-mingw32/nios2-elf/lib/mhw-mulx\libc.a(lib_a-fvwrite.o)
 .text.__sfvwrite_r
                0x0000000080017ea0      0x4a0 c:/intelfpga_pro/18.1/nios2eds/bin/gnu/h-x86_64-mingw32/bin/../lib/gcc/nios2-elf/7.3.1/../../../../../H-x86_64-mingw32/nios2-elf/lib/mhw-mulx\libc.a(lib_a-fvwrite.o)
                0x0000000080017ea0                __sfvwrite_r
 .text          0x0000000080018340        0x0 c:/intelfpga_pro/18.1/nios2eds/bin/gnu/h-x86_64-mingw32/bin/../lib/gcc/nios2-elf/7.3.1/../../../../../H-x86_64-mingw32/nios2-elf/lib/mhw-mulx\libc.a(lib_a-fwalk.o)
 .text._fwalk   0x0000000080018340       0xa4 c:/intelfpga_pro/18.1/nios2eds/bin/gnu/h-x86_64-mingw32/bin/../lib/gcc/nios2-elf/7.3.1/../../../../../H-x86_64-mingw32/nios2-elf/lib/mhw-mulx\libc.a(lib_a-fwalk.o)
                0x0000000080018340                _fwalk
 .text._fwalk_reent
                0x00000000800183e4       0xb4 c:/intelfpga_pro/18.1/nios2eds/bin/gnu/h-x86_64-mingw32/bin/../lib/gcc/nios2-elf/7.3.1/../../../../../H-x86_64-mingw32/nios2-elf/lib/mhw-mulx\libc.a(lib_a-fwalk.o)
                0x00000000800183e4                _fwalk_reent
 .text          0x0000000080018498        0x0 c:/intelfpga_pro/18.1/nios2eds/bin/gnu/h-x86_64-mingw32/bin/../lib/gcc/nios2-elf/7.3.1/../../../../../H-x86_64-mingw32/nios2-elf/lib/mhw-mulx\libc.a(lib_a-getenv_r.o)
 .text._findenv_r
                0x0000000080018498      0x100 c:/intelfpga_pro/18.1/nios2eds/bin/gnu/h-x86_64-mingw32/bin/../lib/gcc/nios2-elf/7.3.1/../../../../../H-x86_64-mingw32/nios2-elf/lib/mhw-mulx\libc.a(lib_a-getenv_r.o)
                0x0000000080018498                _findenv_r
 .text._getenv_r
                0x0000000080018598       0x1c c:/intelfpga_pro/18.1/nios2eds/bin/gnu/h-x86_64-mingw32/bin/../lib/gcc/nios2-elf/7.3.1/../../../../../H-x86_64-mingw32/nios2-elf/lib/mhw-mulx\libc.a(lib_a-getenv_r.o)
                0x0000000080018598                _getenv_r
 .text          0x00000000800185b4        0x0 c:/intelfpga_pro/18.1/nios2eds/bin/gnu/h-x86_64-mingw32/bin/../lib/gcc/nios2-elf/7.3.1/../../../../../H-x86_64-mingw32/nios2-elf/lib/mhw-mulx\libc.a(lib_a-gettzinfo.o)
 .text.__gettzinfo
                0x00000000800185b4        0xc c:/intelfpga_pro/18.1/nios2eds/bin/gnu/h-x86_64-mingw32/bin/../lib/gcc/nios2-elf/7.3.1/../../../../../H-x86_64-mingw32/nios2-elf/lib/mhw-mulx\libc.a(lib_a-gettzinfo.o)
                0x00000000800185b4                __gettzinfo
 .text          0x00000000800185c0        0x0 c:/intelfpga_pro/18.1/nios2eds/bin/gnu/h-x86_64-mingw32/bin/../lib/gcc/nios2-elf/7.3.1/../../../../../H-x86_64-mingw32/nios2-elf/lib/mhw-mulx\libc.a(lib_a-int_errno.o)
 .text          0x00000000800185c0        0x0 c:/intelfpga_pro/18.1/nios2eds/bin/gnu/h-x86_64-mingw32/bin/../lib/gcc/nios2-elf/7.3.1/../../../../../H-x86_64-mingw32/nios2-elf/lib/mhw-mulx\libc.a(lib_a-localeconv.o)
 .text.__localeconv_l
                0x00000000800185c0        0x8 c:/intelfpga_pro/18.1/nios2eds/bin/gnu/h-x86_64-mingw32/bin/../lib/gcc/nios2-elf/7.3.1/../../../../../H-x86_64-mingw32/nios2-elf/lib/mhw-mulx\libc.a(lib_a-localeconv.o)
                0x00000000800185c0                __localeconv_l
 .text._localeconv_r
                0x00000000800185c8       0x20 c:/intelfpga_pro/18.1/nios2eds/bin/gnu/h-x86_64-mingw32/bin/../lib/gcc/nios2-elf/7.3.1/../../../../../H-x86_64-mingw32/nios2-elf/lib/mhw-mulx\libc.a(lib_a-localeconv.o)
                0x00000000800185c8                _localeconv_r
 .text.localeconv
                0x00000000800185e8       0x20 c:/intelfpga_pro/18.1/nios2eds/bin/gnu/h-x86_64-mingw32/bin/../lib/gcc/nios2-elf/7.3.1/../../../../../H-x86_64-mingw32/nios2-elf/lib/mhw-mulx\libc.a(lib_a-localeconv.o)
                0x00000000800185e8                localeconv
 .text          0x0000000080018608        0x0 c:/intelfpga_pro/18.1/nios2eds/bin/gnu/h-x86_64-mingw32/bin/../lib/gcc/nios2-elf/7.3.1/../../../../../H-x86_64-mingw32/nios2-elf/lib/mhw-mulx\libc.a(lib_a-makebuf.o)
 .text.__swhatbuf_r
                0x0000000080018608       0x94 c:/intelfpga_pro/18.1/nios2eds/bin/gnu/h-x86_64-mingw32/bin/../lib/gcc/nios2-elf/7.3.1/../../../../../H-x86_64-mingw32/nios2-elf/lib/mhw-mulx\libc.a(lib_a-makebuf.o)
                0x0000000080018608                __swhatbuf_r
 .text.__smakebuf_r
                0x000000008001869c      0x13c c:/intelfpga_pro/18.1/nios2eds/bin/gnu/h-x86_64-mingw32/bin/../lib/gcc/nios2-elf/7.3.1/../../../../../H-x86_64-mingw32/nios2-elf/lib/mhw-mulx\libc.a(lib_a-makebuf.o)
                0x000000008001869c                __smakebuf_r
 .text          0x00000000800187d8        0x0 c:/intelfpga_pro/18.1/nios2eds/bin/gnu/h-x86_64-mingw32/bin/../lib/gcc/nios2-elf/7.3.1/../../../../../H-x86_64-mingw32/nios2-elf/lib/mhw-mulx\libc.a(lib_a-memchr.o)
 .text.memchr   0x00000000800187d8       0xe8 c:/intelfpga_pro/18.1/nios2eds/bin/gnu/h-x86_64-mingw32/bin/../lib/gcc/nios2-elf/7.3.1/../../../../../H-x86_64-mingw32/nios2-elf/lib/mhw-mulx\libc.a(lib_a-memchr.o)
                0x00000000800187d8                memchr
 .text          0x00000000800188c0        0x0 c:/intelfpga_pro/18.1/nios2eds/bin/gnu/h-x86_64-mingw32/bin/../lib/gcc/nios2-elf/7.3.1/../../../../../H-x86_64-mingw32/nios2-elf/lib/mhw-mulx\libc.a(lib_a-memmove.o)
 .text.memmove  0x00000000800188c0      0x11c c:/intelfpga_pro/18.1/nios2eds/bin/gnu/h-x86_64-mingw32/bin/../lib/gcc/nios2-elf/7.3.1/../../../../../H-x86_64-mingw32/nios2-elf/lib/mhw-mulx\libc.a(lib_a-memmove.o)
                0x00000000800188c0                memmove
 .text          0x00000000800189dc        0x0 c:/intelfpga_pro/18.1/nios2eds/bin/gnu/h-x86_64-mingw32/bin/../lib/gcc/nios2-elf/7.3.1/../../../../../H-x86_64-mingw32/nios2-elf/lib/mhw-mulx\libc.a(lib_a-month_lengths.o)
 .text          0x00000000800189dc        0x0 c:/intelfpga_pro/18.1/nios2eds/bin/gnu/h-x86_64-mingw32/bin/../lib/gcc/nios2-elf/7.3.1/../../../../../H-x86_64-mingw32/nios2-elf/lib/mhw-mulx\libc.a(lib_a-mprec.o)
 .text._Balloc  0x00000000800189dc       0xa4 c:/intelfpga_pro/18.1/nios2eds/bin/gnu/h-x86_64-mingw32/bin/../lib/gcc/nios2-elf/7.3.1/../../../../../H-x86_64-mingw32/nios2-elf/lib/mhw-mulx\libc.a(lib_a-mprec.o)
                0x00000000800189dc                _Balloc
 .text._Bfree   0x0000000080018a80       0x24 c:/intelfpga_pro/18.1/nios2eds/bin/gnu/h-x86_64-mingw32/bin/../lib/gcc/nios2-elf/7.3.1/../../../../../H-x86_64-mingw32/nios2-elf/lib/mhw-mulx\libc.a(lib_a-mprec.o)
                0x0000000080018a80                _Bfree
 .text.__multadd
                0x0000000080018aa4      0x114 c:/intelfpga_pro/18.1/nios2eds/bin/gnu/h-x86_64-mingw32/bin/../lib/gcc/nios2-elf/7.3.1/../../../../../H-x86_64-mingw32/nios2-elf/lib/mhw-mulx\libc.a(lib_a-mprec.o)
                0x0000000080018aa4                __multadd
 .text.__s2b    0x0000000080018bb8      0x110 c:/intelfpga_pro/18.1/nios2eds/bin/gnu/h-x86_64-mingw32/bin/../lib/gcc/nios2-elf/7.3.1/../../../../../H-x86_64-mingw32/nios2-elf/lib/mhw-mulx\libc.a(lib_a-mprec.o)
                0x0000000080018bb8                __s2b
 .text.__hi0bits
                0x0000000080018cc8       0x64 c:/intelfpga_pro/18.1/nios2eds/bin/gnu/h-x86_64-mingw32/bin/../lib/gcc/nios2-elf/7.3.1/../../../../../H-x86_64-mingw32/nios2-elf/lib/mhw-mulx\libc.a(lib_a-mprec.o)
                0x0000000080018cc8                __hi0bits
 .text.__lo0bits
                0x0000000080018d2c       0xb0 c:/intelfpga_pro/18.1/nios2eds/bin/gnu/h-x86_64-mingw32/bin/../lib/gcc/nios2-elf/7.3.1/../../../../../H-x86_64-mingw32/nios2-elf/lib/mhw-mulx\libc.a(lib_a-mprec.o)
                0x0000000080018d2c                __lo0bits
 .text.__i2b    0x0000000080018ddc       0x34 c:/intelfpga_pro/18.1/nios2eds/bin/gnu/h-x86_64-mingw32/bin/../lib/gcc/nios2-elf/7.3.1/../../../../../H-x86_64-mingw32/nios2-elf/lib/mhw-mulx\libc.a(lib_a-mprec.o)
                0x0000000080018ddc                __i2b
 .text.__multiply
                0x0000000080018e10      0x1fc c:/intelfpga_pro/18.1/nios2eds/bin/gnu/h-x86_64-mingw32/bin/../lib/gcc/nios2-elf/7.3.1/../../../../../H-x86_64-mingw32/nios2-elf/lib/mhw-mulx\libc.a(lib_a-mprec.o)
                0x0000000080018e10                __multiply
 .text.__pow5mult
                0x000000008001900c      0x124 c:/intelfpga_pro/18.1/nios2eds/bin/gnu/h-x86_64-mingw32/bin/../lib/gcc/nios2-elf/7.3.1/../../../../../H-x86_64-mingw32/nios2-elf/lib/mhw-mulx\libc.a(lib_a-mprec.o)
                0x000000008001900c                __pow5mult
 .text.__lshift
                0x0000000080019130      0x144 c:/intelfpga_pro/18.1/nios2eds/bin/gnu/h-x86_64-mingw32/bin/../lib/gcc/nios2-elf/7.3.1/../../../../../H-x86_64-mingw32/nios2-elf/lib/mhw-mulx\libc.a(lib_a-mprec.o)
                0x0000000080019130                __lshift
 .text.__mcmp   0x0000000080019274       0x58 c:/intelfpga_pro/18.1/nios2eds/bin/gnu/h-x86_64-mingw32/bin/../lib/gcc/nios2-elf/7.3.1/../../../../../H-x86_64-mingw32/nios2-elf/lib/mhw-mulx\libc.a(lib_a-mprec.o)
                0x0000000080019274                __mcmp
 .text.__mdiff  0x00000000800192cc      0x1c0 c:/intelfpga_pro/18.1/nios2eds/bin/gnu/h-x86_64-mingw32/bin/../lib/gcc/nios2-elf/7.3.1/../../../../../H-x86_64-mingw32/nios2-elf/lib/mhw-mulx\libc.a(lib_a-mprec.o)
                0x00000000800192cc                __mdiff
 .text.__ulp    0x000000008001948c       0x64 c:/intelfpga_pro/18.1/nios2eds/bin/gnu/h-x86_64-mingw32/bin/../lib/gcc/nios2-elf/7.3.1/../../../../../H-x86_64-mingw32/nios2-elf/lib/mhw-mulx\libc.a(lib_a-mprec.o)
                0x000000008001948c                __ulp
 .text.__b2d    0x00000000800194f0      0x104 c:/intelfpga_pro/18.1/nios2eds/bin/gnu/h-x86_64-mingw32/bin/../lib/gcc/nios2-elf/7.3.1/../../../../../H-x86_64-mingw32/nios2-elf/lib/mhw-mulx\libc.a(lib_a-mprec.o)
                0x00000000800194f0                __b2d
 .text.__d2b    0x00000000800195f4      0x148 c:/intelfpga_pro/18.1/nios2eds/bin/gnu/h-x86_64-mingw32/bin/../lib/gcc/nios2-elf/7.3.1/../../../../../H-x86_64-mingw32/nios2-elf/lib/mhw-mulx\libc.a(lib_a-mprec.o)
                0x00000000800195f4                __d2b
 .text.__ratio  0x000000008001973c       0xa8 c:/intelfpga_pro/18.1/nios2eds/bin/gnu/h-x86_64-mingw32/bin/../lib/gcc/nios2-elf/7.3.1/../../../../../H-x86_64-mingw32/nios2-elf/lib/mhw-mulx\libc.a(lib_a-mprec.o)
                0x000000008001973c                __ratio
 .text._mprec_log10
                0x00000000800197e4       0x74 c:/intelfpga_pro/18.1/nios2eds/bin/gnu/h-x86_64-mingw32/bin/../lib/gcc/nios2-elf/7.3.1/../../../../../H-x86_64-mingw32/nios2-elf/lib/mhw-mulx\libc.a(lib_a-mprec.o)
                0x00000000800197e4                _mprec_log10
 .text.__copybits
                0x0000000080019858       0x6c c:/intelfpga_pro/18.1/nios2eds/bin/gnu/h-x86_64-mingw32/bin/../lib/gcc/nios2-elf/7.3.1/../../../../../H-x86_64-mingw32/nios2-elf/lib/mhw-mulx\libc.a(lib_a-mprec.o)
                0x0000000080019858                __copybits
 .text.__any_on
                0x00000000800198c4       0x74 c:/intelfpga_pro/18.1/nios2eds/bin/gnu/h-x86_64-mingw32/bin/../lib/gcc/nios2-elf/7.3.1/../../../../../H-x86_64-mingw32/nios2-elf/lib/mhw-mulx\libc.a(lib_a-mprec.o)
                0x00000000800198c4                __any_on
 .text          0x0000000080019938        0x0 c:/intelfpga_pro/18.1/nios2eds/bin/gnu/h-x86_64-mingw32/bin/../lib/gcc/nios2-elf/7.3.1/../../../../../H-x86_64-mingw32/nios2-elf/lib/mhw-mulx\libc.a(lib_a-putc.o)
 .text._putc_r  0x0000000080019938       0xcc c:/intelfpga_pro/18.1/nios2eds/bin/gnu/h-x86_64-mingw32/bin/../lib/gcc/nios2-elf/7.3.1/../../../../../H-x86_64-mingw32/nios2-elf/lib/mhw-mulx\libc.a(lib_a-putc.o)
                0x0000000080019938                _putc_r
 .text.putc     0x0000000080019a04       0xe0 c:/intelfpga_pro/18.1/nios2eds/bin/gnu/h-x86_64-mingw32/bin/../lib/gcc/nios2-elf/7.3.1/../../../../../H-x86_64-mingw32/nios2-elf/lib/mhw-mulx\libc.a(lib_a-putc.o)
                0x0000000080019a04                putc
 .text          0x0000000080019ae4        0x0 c:/intelfpga_pro/18.1/nios2eds/bin/gnu/h-x86_64-mingw32/bin/../lib/gcc/nios2-elf/7.3.1/../../../../../H-x86_64-mingw32/nios2-elf/lib/mhw-mulx\libc.a(lib_a-reallocr.o)
 .text._realloc_r
                0x0000000080019ae4      0x578 c:/intelfpga_pro/18.1/nios2eds/bin/gnu/h-x86_64-mingw32/bin/../lib/gcc/nios2-elf/7.3.1/../../../../../H-x86_64-mingw32/nios2-elf/lib/mhw-mulx\libc.a(lib_a-reallocr.o)
                0x0000000080019ae4                _realloc_r
 .text          0x000000008001a05c        0x0 c:/intelfpga_pro/18.1/nios2eds/bin/gnu/h-x86_64-mingw32/bin/../lib/gcc/nios2-elf/7.3.1/../../../../../H-x86_64-mingw32/nios2-elf/lib/mhw-mulx\libc.a(lib_a-refill.o)
 .text.lflush   0x000000008001a05c       0x1c c:/intelfpga_pro/18.1/nios2eds/bin/gnu/h-x86_64-mingw32/bin/../lib/gcc/nios2-elf/7.3.1/../../../../../H-x86_64-mingw32/nios2-elf/lib/mhw-mulx\libc.a(lib_a-refill.o)
 .text.__srefill_r
                0x000000008001a078      0x1c8 c:/intelfpga_pro/18.1/nios2eds/bin/gnu/h-x86_64-mingw32/bin/../lib/gcc/nios2-elf/7.3.1/../../../../../H-x86_64-mingw32/nios2-elf/lib/mhw-mulx\libc.a(lib_a-refill.o)
                0x000000008001a078                __srefill_r
 .text          0x000000008001a240        0x0 c:/intelfpga_pro/18.1/nios2eds/bin/gnu/h-x86_64-mingw32/bin/../lib/gcc/nios2-elf/7.3.1/../../../../../H-x86_64-mingw32/nios2-elf/lib/mhw-mulx\libc.a(lib_a-siscanf.o)
 .text.siscanf  0x000000008001a240       0x78 c:/intelfpga_pro/18.1/nios2eds/bin/gnu/h-x86_64-mingw32/bin/../lib/gcc/nios2-elf/7.3.1/../../../../../H-x86_64-mingw32/nios2-elf/lib/mhw-mulx\libc.a(lib_a-siscanf.o)
                0x000000008001a240                siscanf
 .text._siscanf_r
                0x000000008001a2b8       0x78 c:/intelfpga_pro/18.1/nios2eds/bin/gnu/h-x86_64-mingw32/bin/../lib/gcc/nios2-elf/7.3.1/../../../../../H-x86_64-mingw32/nios2-elf/lib/mhw-mulx\libc.a(lib_a-siscanf.o)
                0x000000008001a2b8                _siscanf_r
 .text          0x000000008001a330        0x0 c:/intelfpga_pro/18.1/nios2eds/bin/gnu/h-x86_64-mingw32/bin/../lib/gcc/nios2-elf/7.3.1/../../../../../H-x86_64-mingw32/nios2-elf/lib/mhw-mulx\libc.a(lib_a-stdio.o)
 .text.__sread  0x000000008001a330       0x54 c:/intelfpga_pro/18.1/nios2eds/bin/gnu/h-x86_64-mingw32/bin/../lib/gcc/nios2-elf/7.3.1/../../../../../H-x86_64-mingw32/nios2-elf/lib/mhw-mulx\libc.a(lib_a-stdio.o)
                0x000000008001a330                __sread
 .text.__seofread
                0x000000008001a384        0x8 c:/intelfpga_pro/18.1/nios2eds/bin/gnu/h-x86_64-mingw32/bin/../lib/gcc/nios2-elf/7.3.1/../../../../../H-x86_64-mingw32/nios2-elf/lib/mhw-mulx\libc.a(lib_a-stdio.o)
                0x000000008001a384                __seofread
 .text.__swrite
                0x000000008001a38c       0x7c c:/intelfpga_pro/18.1/nios2eds/bin/gnu/h-x86_64-mingw32/bin/../lib/gcc/nios2-elf/7.3.1/../../../../../H-x86_64-mingw32/nios2-elf/lib/mhw-mulx\libc.a(lib_a-stdio.o)
                0x000000008001a38c                __swrite
 .text.__sseek  0x000000008001a408       0x5c c:/intelfpga_pro/18.1/nios2eds/bin/gnu/h-x86_64-mingw32/bin/../lib/gcc/nios2-elf/7.3.1/../../../../../H-x86_64-mingw32/nios2-elf/lib/mhw-mulx\libc.a(lib_a-stdio.o)
                0x000000008001a408                __sseek
 .text.__sclose
                0x000000008001a464        0x8 c:/intelfpga_pro/18.1/nios2eds/bin/gnu/h-x86_64-mingw32/bin/../lib/gcc/nios2-elf/7.3.1/../../../../../H-x86_64-mingw32/nios2-elf/lib/mhw-mulx\libc.a(lib_a-stdio.o)
                0x000000008001a464                __sclose
 .text          0x000000008001a46c        0x0 c:/intelfpga_pro/18.1/nios2eds/bin/gnu/h-x86_64-mingw32/bin/../lib/gcc/nios2-elf/7.3.1/../../../../../H-x86_64-mingw32/nios2-elf/lib/mhw-mulx\libc.a(lib_a-strncmp.o)
 .text.strncmp  0x000000008001a46c       0xc4 c:/intelfpga_pro/18.1/nios2eds/bin/gnu/h-x86_64-mingw32/bin/../lib/gcc/nios2-elf/7.3.1/../../../../../H-x86_64-mingw32/nios2-elf/lib/mhw-mulx\libc.a(lib_a-strncmp.o)
                0x000000008001a46c                strncmp
 .text          0x000000008001a530        0x0 c:/intelfpga_pro/18.1/nios2eds/bin/gnu/h-x86_64-mingw32/bin/../lib/gcc/nios2-elf/7.3.1/../../../../../H-x86_64-mingw32/nios2-elf/lib/mhw-mulx\libc.a(lib_a-strtoul.o)
 .text._strtoul_l.isra.0
                0x000000008001a530      0x254 c:/intelfpga_pro/18.1/nios2eds/bin/gnu/h-x86_64-mingw32/bin/../lib/gcc/nios2-elf/7.3.1/../../../../../H-x86_64-mingw32/nios2-elf/lib/mhw-mulx\libc.a(lib_a-strtoul.o)
 .text._strtoul_r
                0x000000008001a784       0x34 c:/intelfpga_pro/18.1/nios2eds/bin/gnu/h-x86_64-mingw32/bin/../lib/gcc/nios2-elf/7.3.1/../../../../../H-x86_64-mingw32/nios2-elf/lib/mhw-mulx\libc.a(lib_a-strtoul.o)
                0x000000008001a784                _strtoul_r
 .text.strtoul_l
                0x000000008001a7b8       0x30 c:/intelfpga_pro/18.1/nios2eds/bin/gnu/h-x86_64-mingw32/bin/../lib/gcc/nios2-elf/7.3.1/../../../../../H-x86_64-mingw32/nios2-elf/lib/mhw-mulx\libc.a(lib_a-strtoul.o)
                0x000000008001a7b8                strtoul_l
 .text.strtoul  0x000000008001a7e8       0x44 c:/intelfpga_pro/18.1/nios2eds/bin/gnu/h-x86_64-mingw32/bin/../lib/gcc/nios2-elf/7.3.1/../../../../../H-x86_64-mingw32/nios2-elf/lib/mhw-mulx\libc.a(lib_a-strtoul.o)
                0x000000008001a7e8                strtoul
 .text          0x000000008001a82c        0x0 c:/intelfpga_pro/18.1/nios2eds/bin/gnu/h-x86_64-mingw32/bin/../lib/gcc/nios2-elf/7.3.1/../../../../../H-x86_64-mingw32/nios2-elf/lib/mhw-mulx\libc.a(lib_a-svfiprintf.o)
 .text.__ssprint_r
                0x000000008001a82c      0x1c0 c:/intelfpga_pro/18.1/nios2eds/bin/gnu/h-x86_64-mingw32/bin/../lib/gcc/nios2-elf/7.3.1/../../../../../H-x86_64-mingw32/nios2-elf/lib/mhw-mulx\libc.a(lib_a-svfiprintf.o)
                0x000000008001a82c                __ssprint_r
 .text.___svfiprintf_internal_r
                0x000000008001a9ec     0x1024 c:/intelfpga_pro/18.1/nios2eds/bin/gnu/h-x86_64-mingw32/bin/../lib/gcc/nios2-elf/7.3.1/../../../../../H-x86_64-mingw32/nios2-elf/lib/mhw-mulx\libc.a(lib_a-svfiprintf.o)
                0x000000008001a9ec                ___svfiprintf_internal_r
 .text          0x000000008001ba10        0x0 c:/intelfpga_pro/18.1/nios2eds/bin/gnu/h-x86_64-mingw32/bin/../lib/gcc/nios2-elf/7.3.1/../../../../../H-x86_64-mingw32/nios2-elf/lib/mhw-mulx\libc.a(lib_a-svfiscanf.o)
 .text._sungetc_r
                0x000000008001ba10       0xf0 c:/intelfpga_pro/18.1/nios2eds/bin/gnu/h-x86_64-mingw32/bin/../lib/gcc/nios2-elf/7.3.1/../../../../../H-x86_64-mingw32/nios2-elf/lib/mhw-mulx\libc.a(lib_a-svfiscanf.o)
                0x000000008001ba10                _sungetc_r
 .text.__ssrefill_r
                0x000000008001bb00       0x70 c:/intelfpga_pro/18.1/nios2eds/bin/gnu/h-x86_64-mingw32/bin/../lib/gcc/nios2-elf/7.3.1/../../../../../H-x86_64-mingw32/nios2-elf/lib/mhw-mulx\libc.a(lib_a-svfiscanf.o)
                0x000000008001bb00                __ssrefill_r
 .text._sfread_r
                0x000000008001bb70       0xf8 c:/intelfpga_pro/18.1/nios2eds/bin/gnu/h-x86_64-mingw32/bin/../lib/gcc/nios2-elf/7.3.1/../../../../../H-x86_64-mingw32/nios2-elf/lib/mhw-mulx\libc.a(lib_a-svfiscanf.o)
                0x000000008001bb70                _sfread_r
 .text.__ssvfiscanf_r
                0x000000008001bc68      0xf40 c:/intelfpga_pro/18.1/nios2eds/bin/gnu/h-x86_64-mingw32/bin/../lib/gcc/nios2-elf/7.3.1/../../../../../H-x86_64-mingw32/nios2-elf/lib/mhw-mulx\libc.a(lib_a-svfiscanf.o)
                0x000000008001bc68                __ssvfiscanf_r
 .text          0x000000008001cba8        0x0 c:/intelfpga_pro/18.1/nios2eds/bin/gnu/h-x86_64-mingw32/bin/../lib/gcc/nios2-elf/7.3.1/../../../../../H-x86_64-mingw32/nios2-elf/lib/mhw-mulx\libc.a(lib_a-ungetc.o)
 .text.__submore
                0x000000008001cba8       0xd4 c:/intelfpga_pro/18.1/nios2eds/bin/gnu/h-x86_64-mingw32/bin/../lib/gcc/nios2-elf/7.3.1/../../../../../H-x86_64-mingw32/nios2-elf/lib/mhw-mulx\libc.a(lib_a-ungetc.o)
                0x000000008001cba8                __submore
 .text._ungetc_r
                0x000000008001cc7c      0x184 c:/intelfpga_pro/18.1/nios2eds/bin/gnu/h-x86_64-mingw32/bin/../lib/gcc/nios2-elf/7.3.1/../../../../../H-x86_64-mingw32/nios2-elf/lib/mhw-mulx\libc.a(lib_a-ungetc.o)
                0x000000008001cc7c                _ungetc_r
 .text.ungetc   0x000000008001ce00       0x14 c:/intelfpga_pro/18.1/nios2eds/bin/gnu/h-x86_64-mingw32/bin/../lib/gcc/nios2-elf/7.3.1/../../../../../H-x86_64-mingw32/nios2-elf/lib/mhw-mulx\libc.a(lib_a-ungetc.o)
                0x000000008001ce00                ungetc
 .text          0x000000008001ce14        0x0 c:/intelfpga_pro/18.1/nios2eds/bin/gnu/h-x86_64-mingw32/bin/../lib/gcc/nios2-elf/7.3.1/../../../../../H-x86_64-mingw32/nios2-elf/lib/mhw-mulx\libc.a(lib_a-vfiprintf.o)
 .text.__sprint_r.part.0
                0x000000008001ce14       0xf4 c:/intelfpga_pro/18.1/nios2eds/bin/gnu/h-x86_64-mingw32/bin/../lib/gcc/nios2-elf/7.3.1/../../../../../H-x86_64-mingw32/nios2-elf/lib/mhw-mulx\libc.a(lib_a-vfiprintf.o)
 .text.__sprint_r
                0x000000008001cf08       0x18 c:/intelfpga_pro/18.1/nios2eds/bin/gnu/h-x86_64-mingw32/bin/../lib/gcc/nios2-elf/7.3.1/../../../../../H-x86_64-mingw32/nios2-elf/lib/mhw-mulx\libc.a(lib_a-vfiprintf.o)
                0x000000008001cf08                __sprint_r
 .text.___vfiprintf_internal_r
                0x000000008001cf20     0x1220 c:/intelfpga_pro/18.1/nios2eds/bin/gnu/h-x86_64-mingw32/bin/../lib/gcc/nios2-elf/7.3.1/../../../../../H-x86_64-mingw32/nios2-elf/lib/mhw-mulx\libc.a(lib_a-vfiprintf.o)
                0x000000008001cf20                ___vfiprintf_internal_r
 .text.__vfiprintf_internal
                0x000000008001e140       0x18 c:/intelfpga_pro/18.1/nios2eds/bin/gnu/h-x86_64-mingw32/bin/../lib/gcc/nios2-elf/7.3.1/../../../../../H-x86_64-mingw32/nios2-elf/lib/mhw-mulx\libc.a(lib_a-vfiprintf.o)
                0x000000008001e140                __vfiprintf_internal
 .text.__sbprintf
                0x000000008001e158       0xc0 c:/intelfpga_pro/18.1/nios2eds/bin/gnu/h-x86_64-mingw32/bin/../lib/gcc/nios2-elf/7.3.1/../../../../../H-x86_64-mingw32/nios2-elf/lib/mhw-mulx\libc.a(lib_a-vfiprintf.o)
 .text          0x000000008001e218        0x0 c:/intelfpga_pro/18.1/nios2eds/bin/gnu/h-x86_64-mingw32/bin/../lib/gcc/nios2-elf/7.3.1/../../../../../H-x86_64-mingw32/nios2-elf/lib/mhw-mulx\libc.a(lib_a-wbuf.o)
 .text.__swbuf_r
                0x000000008001e218      0x148 c:/intelfpga_pro/18.1/nios2eds/bin/gnu/h-x86_64-mingw32/bin/../lib/gcc/nios2-elf/7.3.1/../../../../../H-x86_64-mingw32/nios2-elf/lib/mhw-mulx\libc.a(lib_a-wbuf.o)
                0x000000008001e218                __swbuf_r
 .text.__swbuf  0x000000008001e360       0x14 c:/intelfpga_pro/18.1/nios2eds/bin/gnu/h-x86_64-mingw32/bin/../lib/gcc/nios2-elf/7.3.1/../../../../../H-x86_64-mingw32/nios2-elf/lib/mhw-mulx\libc.a(lib_a-wbuf.o)
                0x000000008001e360                __swbuf
 .text          0x000000008001e374        0x0 c:/intelfpga_pro/18.1/nios2eds/bin/gnu/h-x86_64-mingw32/bin/../lib/gcc/nios2-elf/7.3.1/../../../../../H-x86_64-mingw32/nios2-elf/lib/mhw-mulx\libc.a(lib_a-writer.o)
 .text._write_r
                0x000000008001e374       0x64 c:/intelfpga_pro/18.1/nios2eds/bin/gnu/h-x86_64-mingw32/bin/../lib/gcc/nios2-elf/7.3.1/../../../../../H-x86_64-mingw32/nios2-elf/lib/mhw-mulx\libc.a(lib_a-writer.o)
                0x000000008001e374                _write_r
 .text          0x000000008001e3d8        0x0 c:/intelfpga_pro/18.1/nios2eds/bin/gnu/h-x86_64-mingw32/bin/../lib/gcc/nios2-elf/7.3.1/../../../../../H-x86_64-mingw32/nios2-elf/lib/mhw-mulx\libc.a(closer.o)
 .text._close_r
                0x000000008001e3d8       0x58 c:/intelfpga_pro/18.1/nios2eds/bin/gnu/h-x86_64-mingw32/bin/../lib/gcc/nios2-elf/7.3.1/../../../../../H-x86_64-mingw32/nios2-elf/lib/mhw-mulx\libc.a(closer.o)
                0x000000008001e3d8                _close_r
 .text          0x000000008001e430        0x0 c:/intelfpga_pro/18.1/nios2eds/bin/gnu/h-x86_64-mingw32/bin/../lib/gcc/nios2-elf/7.3.1/../../../../../H-x86_64-mingw32/nios2-elf/lib/mhw-mulx\libc.a(lib_a-environ.o)
 .text          0x000000008001e430        0x0 c:/intelfpga_pro/18.1/nios2eds/bin/gnu/h-x86_64-mingw32/bin/../lib/gcc/nios2-elf/7.3.1/../../../../../H-x86_64-mingw32/nios2-elf/lib/mhw-mulx\libc.a(lib_a-fclose.o)
 .text._fclose_r
                0x000000008001e430       0xf0 c:/intelfpga_pro/18.1/nios2eds/bin/gnu/h-x86_64-mingw32/bin/../lib/gcc/nios2-elf/7.3.1/../../../../../H-x86_64-mingw32/nios2-elf/lib/mhw-mulx\libc.a(lib_a-fclose.o)
                0x000000008001e430                _fclose_r
 .text.fclose   0x000000008001e520       0x10 c:/intelfpga_pro/18.1/nios2eds/bin/gnu/h-x86_64-mingw32/bin/../lib/gcc/nios2-elf/7.3.1/../../../../../H-x86_64-mingw32/nios2-elf/lib/mhw-mulx\libc.a(lib_a-fclose.o)
                0x000000008001e520                fclose
 .text          0x000000008001e530        0x0 c:/intelfpga_pro/18.1/nios2eds/bin/gnu/h-x86_64-mingw32/bin/../lib/gcc/nios2-elf/7.3.1/../../../../../H-x86_64-mingw32/nios2-elf/lib/mhw-mulx\libc.a(lib_a-fputwc.o)
 .text.__fputwc
                0x000000008001e530      0x164 c:/intelfpga_pro/18.1/nios2eds/bin/gnu/h-x86_64-mingw32/bin/../lib/gcc/nios2-elf/7.3.1/../../../../../H-x86_64-mingw32/nios2-elf/lib/mhw-mulx\libc.a(lib_a-fputwc.o)
                0x000000008001e530                __fputwc
 .text._fputwc_r
                0x000000008001e694       0x24 c:/intelfpga_pro/18.1/nios2eds/bin/gnu/h-x86_64-mingw32/bin/../lib/gcc/nios2-elf/7.3.1/../../../../../H-x86_64-mingw32/nios2-elf/lib/mhw-mulx\libc.a(lib_a-fputwc.o)
                0x000000008001e694                _fputwc_r
 .text.fputwc   0x000000008001e6b8       0x7c c:/intelfpga_pro/18.1/nios2eds/bin/gnu/h-x86_64-mingw32/bin/../lib/gcc/nios2-elf/7.3.1/../../../../../H-x86_64-mingw32/nios2-elf/lib/mhw-mulx\libc.a(lib_a-fputwc.o)
                0x000000008001e6b8                fputwc
 .text          0x000000008001e734        0x0 c:/intelfpga_pro/18.1/nios2eds/bin/gnu/h-x86_64-mingw32/bin/../lib/gcc/nios2-elf/7.3.1/../../../../../H-x86_64-mingw32/nios2-elf/lib/mhw-mulx\libc.a(lib_a-fstatr.o)
 .text._fstat_r
                0x000000008001e734       0x60 c:/intelfpga_pro/18.1/nios2eds/bin/gnu/h-x86_64-mingw32/bin/../lib/gcc/nios2-elf/7.3.1/../../../../../H-x86_64-mingw32/nios2-elf/lib/mhw-mulx\libc.a(lib_a-fstatr.o)
                0x000000008001e734                _fstat_r
 .text          0x000000008001e794        0x0 c:/intelfpga_pro/18.1/nios2eds/bin/gnu/h-x86_64-mingw32/bin/../lib/gcc/nios2-elf/7.3.1/../../../../../H-x86_64-mingw32/nios2-elf/lib/mhw-mulx\libc.a(lib_a-isattyr.o)
 .text._isatty_r
                0x000000008001e794       0x58 c:/intelfpga_pro/18.1/nios2eds/bin/gnu/h-x86_64-mingw32/bin/../lib/gcc/nios2-elf/7.3.1/../../../../../H-x86_64-mingw32/nios2-elf/lib/mhw-mulx\libc.a(lib_a-isattyr.o)
                0x000000008001e794                _isatty_r
 .text          0x000000008001e7ec        0x0 c:/intelfpga_pro/18.1/nios2eds/bin/gnu/h-x86_64-mingw32/bin/../lib/gcc/nios2-elf/7.3.1/../../../../../H-x86_64-mingw32/nios2-elf/lib/mhw-mulx\libc.a(lib_a-iswspace.o)
 .text.iswspace
                0x000000008001e7ec       0x40 c:/intelfpga_pro/18.1/nios2eds/bin/gnu/h-x86_64-mingw32/bin/../lib/gcc/nios2-elf/7.3.1/../../../../../H-x86_64-mingw32/nios2-elf/lib/mhw-mulx\libc.a(lib_a-iswspace.o)
                0x000000008001e7ec                iswspace
 .text          0x000000008001e82c        0x0 c:/intelfpga_pro/18.1/nios2eds/bin/gnu/h-x86_64-mingw32/bin/../lib/gcc/nios2-elf/7.3.1/../../../../../H-x86_64-mingw32/nios2-elf/lib/mhw-mulx\libc.a(lib_a-lseekr.o)
 .text._lseek_r
                0x000000008001e82c       0x64 c:/intelfpga_pro/18.1/nios2eds/bin/gnu/h-x86_64-mingw32/bin/../lib/gcc/nios2-elf/7.3.1/../../../../../H-x86_64-mingw32/nios2-elf/lib/mhw-mulx\libc.a(lib_a-lseekr.o)
                0x000000008001e82c                _lseek_r
 .text          0x000000008001e890        0x0 c:/intelfpga_pro/18.1/nios2eds/bin/gnu/h-x86_64-mingw32/bin/../lib/gcc/nios2-elf/7.3.1/../../../../../H-x86_64-mingw32/nios2-elf/lib/mhw-mulx\libc.a(lib_a-mbrtowc.o)
 .text._mbrtowc_r
                0x000000008001e890       0xb0 c:/intelfpga_pro/18.1/nios2eds/bin/gnu/h-x86_64-mingw32/bin/../lib/gcc/nios2-elf/7.3.1/../../../../../H-x86_64-mingw32/nios2-elf/lib/mhw-mulx\libc.a(lib_a-mbrtowc.o)
                0x000000008001e890                _mbrtowc_r
 .text.mbrtowc  0x000000008001e940       0xb8 c:/intelfpga_pro/18.1/nios2eds/bin/gnu/h-x86_64-mingw32/bin/../lib/gcc/nios2-elf/7.3.1/../../../../../H-x86_64-mingw32/nios2-elf/lib/mhw-mulx\libc.a(lib_a-mbrtowc.o)
                0x000000008001e940                mbrtowc
 .text          0x000000008001e9f8        0x0 c:/intelfpga_pro/18.1/nios2eds/bin/gnu/h-x86_64-mingw32/bin/../lib/gcc/nios2-elf/7.3.1/../../../../../H-x86_64-mingw32/nios2-elf/lib/mhw-mulx\libc.a(lib_a-readr.o)
 .text._read_r  0x000000008001e9f8       0x64 c:/intelfpga_pro/18.1/nios2eds/bin/gnu/h-x86_64-mingw32/bin/../lib/gcc/nios2-elf/7.3.1/../../../../../H-x86_64-mingw32/nios2-elf/lib/mhw-mulx\libc.a(lib_a-readr.o)
                0x000000008001e9f8                _read_r
 .text          0x000000008001ea5c        0x0 c:/intelfpga_pro/18.1/nios2eds/bin/gnu/h-x86_64-mingw32/bin/../lib/gcc/nios2-elf/7.3.1/../../../../../H-x86_64-mingw32/nios2-elf/lib/mhw-mulx\libc.a(lib_a-sccl.o)
 .text.__sccl   0x000000008001ea5c       0xd0 c:/intelfpga_pro/18.1/nios2eds/bin/gnu/h-x86_64-mingw32/bin/../lib/gcc/nios2-elf/7.3.1/../../../../../H-x86_64-mingw32/nios2-elf/lib/mhw-mulx\libc.a(lib_a-sccl.o)
                0x000000008001ea5c                __sccl
 .text          0x000000008001eb2c        0x0 c:/intelfpga_pro/18.1/nios2eds/bin/gnu/h-x86_64-mingw32/bin/../lib/gcc/nios2-elf/7.3.1/../../../../../H-x86_64-mingw32/nios2-elf/lib/mhw-mulx\libc.a(lib_a-strtol.o)
 .text._strtol_l.isra.0
                0x000000008001eb2c      0x230 c:/intelfpga_pro/18.1/nios2eds/bin/gnu/h-x86_64-mingw32/bin/../lib/gcc/nios2-elf/7.3.1/../../../../../H-x86_64-mingw32/nios2-elf/lib/mhw-mulx\libc.a(lib_a-strtol.o)
 .text._strtol_r
                0x000000008001ed5c       0x34 c:/intelfpga_pro/18.1/nios2eds/bin/gnu/h-x86_64-mingw32/bin/../lib/gcc/nios2-elf/7.3.1/../../../../../H-x86_64-mingw32/nios2-elf/lib/mhw-mulx\libc.a(lib_a-strtol.o)
                0x000000008001ed5c                _strtol_r
 .text.strtol_l
                0x000000008001ed90       0x30 c:/intelfpga_pro/18.1/nios2eds/bin/gnu/h-x86_64-mingw32/bin/../lib/gcc/nios2-elf/7.3.1/../../../../../H-x86_64-mingw32/nios2-elf/lib/mhw-mulx\libc.a(lib_a-strtol.o)
                0x000000008001ed90                strtol_l
 .text.strtol   0x000000008001edc0       0x44 c:/intelfpga_pro/18.1/nios2eds/bin/gnu/h-x86_64-mingw32/bin/../lib/gcc/nios2-elf/7.3.1/../../../../../H-x86_64-mingw32/nios2-elf/lib/mhw-mulx\libc.a(lib_a-strtol.o)
                0x000000008001edc0                strtol
 .text          0x000000008001ee04        0x0 c:/intelfpga_pro/18.1/nios2eds/bin/gnu/h-x86_64-mingw32/bin/../lib/gcc/nios2-elf/7.3.1/../../../../../H-x86_64-mingw32/nios2-elf/lib/mhw-mulx\libc.a(lib_a-strtoll.o)
 .text._strtoll_l.isra.0
                0x000000008001ee04      0x2d4 c:/intelfpga_pro/18.1/nios2eds/bin/gnu/h-x86_64-mingw32/bin/../lib/gcc/nios2-elf/7.3.1/../../../../../H-x86_64-mingw32/nios2-elf/lib/mhw-mulx\libc.a(lib_a-strtoll.o)
 .text._strtoll_r
                0x000000008001f0d8       0x34 c:/intelfpga_pro/18.1/nios2eds/bin/gnu/h-x86_64-mingw32/bin/../lib/gcc/nios2-elf/7.3.1/../../../../../H-x86_64-mingw32/nios2-elf/lib/mhw-mulx\libc.a(lib_a-strtoll.o)
                0x000000008001f0d8                _strtoll_r
 .text.strtoll_l
                0x000000008001f10c       0x30 c:/intelfpga_pro/18.1/nios2eds/bin/gnu/h-x86_64-mingw32/bin/../lib/gcc/nios2-elf/7.3.1/../../../../../H-x86_64-mingw32/nios2-elf/lib/mhw-mulx\libc.a(lib_a-strtoll.o)
                0x000000008001f10c                strtoll_l
 .text.strtoll  0x000000008001f13c       0x44 c:/intelfpga_pro/18.1/nios2eds/bin/gnu/h-x86_64-mingw32/bin/../lib/gcc/nios2-elf/7.3.1/../../../../../H-x86_64-mingw32/nios2-elf/lib/mhw-mulx\libc.a(lib_a-strtoll.o)
                0x000000008001f13c                strtoll
 .text          0x000000008001f180        0x0 c:/intelfpga_pro/18.1/nios2eds/bin/gnu/h-x86_64-mingw32/bin/../lib/gcc/nios2-elf/7.3.1/../../../../../H-x86_64-mingw32/nios2-elf/lib/mhw-mulx\libc.a(lib_a-strtoull.o)
 .text._strtoull_l.isra.0
                0x000000008001f180      0x318 c:/intelfpga_pro/18.1/nios2eds/bin/gnu/h-x86_64-mingw32/bin/../lib/gcc/nios2-elf/7.3.1/../../../../../H-x86_64-mingw32/nios2-elf/lib/mhw-mulx\libc.a(lib_a-strtoull.o)
 .text._strtoull_r
                0x000000008001f498       0x34 c:/intelfpga_pro/18.1/nios2eds/bin/gnu/h-x86_64-mingw32/bin/../lib/gcc/nios2-elf/7.3.1/../../../../../H-x86_64-mingw32/nios2-elf/lib/mhw-mulx\libc.a(lib_a-strtoull.o)
                0x000000008001f498                _strtoull_r
 .text.strtoull_l
                0x000000008001f4cc       0x30 c:/intelfpga_pro/18.1/nios2eds/bin/gnu/h-x86_64-mingw32/bin/../lib/gcc/nios2-elf/7.3.1/../../../../../H-x86_64-mingw32/nios2-elf/lib/mhw-mulx\libc.a(lib_a-strtoull.o)
                0x000000008001f4cc                strtoull_l
 .text.strtoull
                0x000000008001f4fc       0x44 c:/intelfpga_pro/18.1/nios2eds/bin/gnu/h-x86_64-mingw32/bin/../lib/gcc/nios2-elf/7.3.1/../../../../../H-x86_64-mingw32/nios2-elf/lib/mhw-mulx\libc.a(lib_a-strtoull.o)
                0x000000008001f4fc                strtoull
 .text          0x000000008001f540        0x0 c:/intelfpga_pro/18.1/nios2eds/bin/gnu/h-x86_64-mingw32/bin/../lib/gcc/nios2-elf/7.3.1/../../../../../H-x86_64-mingw32/nios2-elf/lib/mhw-mulx\libc.a(lib_a-wcrtomb.o)
 .text._wcrtomb_r
                0x000000008001f540       0xa8 c:/intelfpga_pro/18.1/nios2eds/bin/gnu/h-x86_64-mingw32/bin/../lib/gcc/nios2-elf/7.3.1/../../../../../H-x86_64-mingw32/nios2-elf/lib/mhw-mulx\libc.a(lib_a-wcrtomb.o)
                0x000000008001f540                _wcrtomb_r
 .text.wcrtomb  0x000000008001f5e8       0xac c:/intelfpga_pro/18.1/nios2eds/bin/gnu/h-x86_64-mingw32/bin/../lib/gcc/nios2-elf/7.3.1/../../../../../H-x86_64-mingw32/nios2-elf/lib/mhw-mulx\libc.a(lib_a-wcrtomb.o)
                0x000000008001f5e8                wcrtomb
 .text          0x000000008001f694       0x80 c:/intelfpga_pro/18.1/nios2eds/bin/gnu/h-x86_64-mingw32/bin/../lib/gcc/nios2-elf/7.3.1/mhw-mulx\libgcc.a(eqdf2.o)
                0x000000008001f694                __nedf2
                0x000000008001f694                __eqdf2
 .text          0x000000008001f714       0xe0 c:/intelfpga_pro/18.1/nios2eds/bin/gnu/h-x86_64-mingw32/bin/../lib/gcc/nios2-elf/7.3.1/mhw-mulx\libgcc.a(ledf2.o)
                0x000000008001f714                __ledf2
                0x000000008001f714                __ltdf2
 .text          0x000000008001f7f4       0x54 c:/intelfpga_pro/18.1/nios2eds/bin/gnu/h-x86_64-mingw32/bin/../lib/gcc/nios2-elf/7.3.1/mhw-mulx\libgcc.a(unorddf2.o)
                0x000000008001f7f4                __unorddf2
 .text          0x000000008001f848       0xc8 c:/intelfpga_pro/18.1/nios2eds/bin/gnu/h-x86_64-mingw32/bin/../lib/gcc/nios2-elf/7.3.1/mhw-mulx\libgcc.a(floatsidf.o)
                0x000000008001f848                __floatsidf
 .text          0x000000008001f910      0x10c C:/Developer/fpga/ArrowESC/Cyclone10GX_Demo/software/Cyclone10GX_Demo_bsp/\libhal_bsp.a(alt_close.o)
                0x000000008001f94c                close
 .text          0x000000008001fa1c       0x60 C:/Developer/fpga/ArrowESC/Cyclone10GX_Demo/software/Cyclone10GX_Demo_bsp/\libhal_bsp.a(alt_dev.o)
                0x000000008001fa48                alt_dev_reg
 .text          0x000000008001fa7c       0xe0 C:/Developer/fpga/ArrowESC/Cyclone10GX_Demo/software/Cyclone10GX_Demo_bsp/\libhal_bsp.a(alt_dev_llist_insert.o)
                0x000000008001fab8                alt_dev_llist_insert
 .text          0x000000008001fb5c       0x48 C:/Developer/fpga/ArrowESC/Cyclone10GX_Demo/software/Cyclone10GX_Demo_bsp/\libhal_bsp.a(alt_env_lock.o)
                0x000000008001fb5c                __env_lock
                0x000000008001fb80                __env_unlock
 .text          0x000000008001fba4        0x0 C:/Developer/fpga/ArrowESC/Cyclone10GX_Demo/software/Cyclone10GX_Demo_bsp/\libhal_bsp.a(alt_errno.o)
 .text          0x000000008001fba4       0xec C:/Developer/fpga/ArrowESC/Cyclone10GX_Demo/software/Cyclone10GX_Demo_bsp/\libhal_bsp.a(alt_fstat.o)
                0x000000008001fbe0                fstat
 .text          0x000000008001fc90       0x34 C:/Developer/fpga/ArrowESC/Cyclone10GX_Demo/software/Cyclone10GX_Demo_bsp/\libhal_bsp.a(alt_icache_flush_all.o)
                0x000000008001fc90                alt_icache_flush_all
 .text          0x000000008001fcc4       0xe4 C:/Developer/fpga/ArrowESC/Cyclone10GX_Demo/software/Cyclone10GX_Demo_bsp/\libhal_bsp.a(alt_isatty.o)
                0x000000008001fd00                isatty
 .text          0x000000008001fda8       0xec C:/Developer/fpga/ArrowESC/Cyclone10GX_Demo/software/Cyclone10GX_Demo_bsp/\libhal_bsp.a(alt_load.o)
                0x000000008001fe10                alt_load
 .text          0x000000008001fe94      0x110 C:/Developer/fpga/ArrowESC/Cyclone10GX_Demo/software/Cyclone10GX_Demo_bsp/\libhal_bsp.a(alt_lseek.o)
                0x000000008001fed0                lseek
 .text          0x000000008001ffa4       0x7c C:/Developer/fpga/ArrowESC/Cyclone10GX_Demo/software/Cyclone10GX_Demo_bsp/\libhal_bsp.a(alt_main.o)
                0x000000008001ffa4                alt_main
 .text          0x0000000080020020       0x48 C:/Developer/fpga/ArrowESC/Cyclone10GX_Demo/software/Cyclone10GX_Demo_bsp/\libhal_bsp.a(alt_malloc_lock.o)
                0x0000000080020020                __malloc_lock
                0x0000000080020044                __malloc_unlock
 .text          0x0000000080020068      0x22c C:/Developer/fpga/ArrowESC/Cyclone10GX_Demo/software/Cyclone10GX_Demo_bsp/\libhal_bsp.a(alt_printf.o)
                0x0000000080020068                alt_printf
 .text          0x0000000080020294       0x30 C:/Developer/fpga/ArrowESC/Cyclone10GX_Demo/software/Cyclone10GX_Demo_bsp/\libhal_bsp.a(alt_putchar.o)
                0x0000000080020294                alt_putchar
 .text          0x00000000800202c4      0x138 C:/Developer/fpga/ArrowESC/Cyclone10GX_Demo/software/Cyclone10GX_Demo_bsp/\libhal_bsp.a(alt_read.o)
                0x0000000080020300                read
 .text          0x00000000800203fc       0x58 C:/Developer/fpga/ArrowESC/Cyclone10GX_Demo/software/Cyclone10GX_Demo_bsp/\libhal_bsp.a(alt_release_fd.o)
                0x00000000800203fc                alt_release_fd
 .text          0x0000000080020454       0xb0 C:/Developer/fpga/ArrowESC/Cyclone10GX_Demo/software/Cyclone10GX_Demo_bsp/\libhal_bsp.a(alt_sbrk.o)
                0x0000000080020454                sbrk
 .text          0x0000000080020504       0x30 C:/Developer/fpga/ArrowESC/Cyclone10GX_Demo/software/Cyclone10GX_Demo_bsp/\libhal_bsp.a(alt_usleep.o)
                0x0000000080020504                usleep
 .text          0x0000000080020534      0x134 C:/Developer/fpga/ArrowESC/Cyclone10GX_Demo/software/Cyclone10GX_Demo_bsp/\libhal_bsp.a(alt_write.o)
                0x0000000080020570                write
 .text          0x0000000080020668       0xb4 C:/Developer/fpga/ArrowESC/Cyclone10GX_Demo/software/Cyclone10GX_Demo_bsp/\libhal_bsp.a(alt_sys_init.o)
                0x0000000080020668                alt_irq_init
                0x00000000800206a0                alt_sys_init
 .text          0x000000008002071c     0x1bf0 C:/Developer/fpga/ArrowESC/Cyclone10GX_Demo/software/Cyclone10GX_Demo_bsp/\libhal_bsp.a(altera_avalon_i2c.o)
                0x000000008002082c                alt_avalon_i2c_register_optional_irq_handler
                0x0000000080020918                alt_avalon_i2c_register_callback
                0x000000008002096c                alt_avalon_i2c_init
                0x0000000080020a58                alt_avalon_i2c_open
                0x0000000080020a98                alt_avalon_i2c_enable
                0x0000000080020b30                alt_avalon_i2c_disable
                0x0000000080020b7c                alt_avalon_i2c_master_config_get
                0x0000000080020c2c                alt_avalon_i2c_master_config_set
                0x0000000080020cf8                alt_avalon_i2c_master_config_speed_get
                0x0000000080020d7c                alt_avalon_i2c_master_config_speed_set
                0x0000000080020e68                alt_avalon_i2c_is_busy
                0x0000000080020eac                alt_avalon_i2c_rx_read_available
                0x0000000080020f58                alt_avalon_i2c_rx_read
                0x0000000080021000                alt_avalon_i2c_cmd_write
                0x00000000800210ec                alt_avalon_i2c_send_address
                0x00000000800211dc                alt_avalon_i2c_master_target_get
                0x0000000080021214                alt_avalon_i2c_master_target_set
                0x0000000080021248                alt_avalon_i2c_check_nack
                0x0000000080021294                alt_avalon_i2c_check_arblost
                0x00000000800212e0                alt_avalon_i2c_interrupt_transaction_status
                0x0000000080021414                alt_avalon_i2c_master_tx
                0x00000000800214fc                alt_avalon_i2c_master_rx
                0x0000000080021638                alt_avalon_i2c_master_tx_rx
                0x0000000080021800                alt_avalon_i2c_master_transmit
                0x00000000800219bc                alt_avalon_i2c_master_transmit_using_interrupts
                0x0000000080021bc4                alt_avalon_i2c_master_receive
                0x0000000080021dd0                alt_avalon_i2c_master_receive_using_interrupts
                0x0000000080021fbc                alt_avalon_i2c_int_status_get
                0x0000000080022014                alt_avalon_i2c_int_raw_status_get
                0x0000000080022058                alt_avalon_i2c_int_clear
                0x0000000080022094                alt_avalon_i2c_int_disable
                0x0000000080022100                alt_avalon_i2c_int_enable
                0x0000000080022168                alt_avalon_i2c_enabled_ints_get
                0x00000000800221ac                alt_avalon_i2c_rx_fifo_threshold_get
                0x00000000800221f8                alt_avalon_i2c_rx_fifo_threshold_set
                0x000000008002225c                alt_avalon_i2c_tfr_cmd_fifo_threshold_get
                0x00000000800222a8                alt_avalon_i2c_tfr_cmd_fifo_threshold_set
 .text          0x000000008002230c      0x164 C:/Developer/fpga/ArrowESC/Cyclone10GX_Demo/software/Cyclone10GX_Demo_bsp/\libhal_bsp.a(altera_avalon_jtag_uart_fd.o)
                0x000000008002230c                altera_avalon_jtag_uart_read_fd
                0x000000008002236c                altera_avalon_jtag_uart_write_fd
                0x00000000800223cc                altera_avalon_jtag_uart_close_fd
                0x000000008002241c                altera_avalon_jtag_uart_ioctl_fd
 .text          0x0000000080022470      0x3e0 C:/Developer/fpga/ArrowESC/Cyclone10GX_Demo/software/Cyclone10GX_Demo_bsp/\libhal_bsp.a(altera_avalon_jtag_uart_init.o)
                0x0000000080022470                altera_avalon_jtag_uart_init
                0x00000000800227e8                altera_avalon_jtag_uart_close
 .text          0x0000000080022850       0xf0 C:/Developer/fpga/ArrowESC/Cyclone10GX_Demo/software/Cyclone10GX_Demo_bsp/\libhal_bsp.a(altera_avalon_jtag_uart_ioctl.o)
                0x0000000080022850                altera_avalon_jtag_uart_ioctl
 .text          0x0000000080022940      0x21c C:/Developer/fpga/ArrowESC/Cyclone10GX_Demo/software/Cyclone10GX_Demo_bsp/\libhal_bsp.a(altera_avalon_jtag_uart_read.o)
                0x0000000080022940                altera_avalon_jtag_uart_read