Archive member included to satisfy reference by file (symbol)

c:/intelfpga_pro/18.1/nios2eds/bin/gnu/h-x86_64-mingw32/bin/../lib/gcc/nios2-elf/7.3.1/mhw-mulx\libgcc.a(_bswapsi2.o)
                              obj/default/fmc/common_drivers/fru_tools/fru_tools.o (__bswapsi2)
c:/intelfpga_pro/18.1/nios2eds/bin/gnu/h-x86_64-mingw32/bin/../lib/gcc/nios2-elf/7.3.1/mhw-mulx\libgcc.a(_fixunsdfsi.o)
                              obj/default/fmc/common_drivers/xcvr_core/xcvr_modules/altera_a10_fpll.o (__fixunsdfsi)
c:/intelfpga_pro/18.1/nios2eds/bin/gnu/h-x86_64-mingw32/bin/../lib/gcc/nios2-elf/7.3.1/mhw-mulx\libgcc.a(_fixunsdfdi.o)
                              obj/default/fmc/common_drivers/xcvr_core/xcvr_modules/altera_a10_atx_pll.o (__fixunsdfdi)
c:/intelfpga_pro/18.1/nios2eds/bin/gnu/h-x86_64-mingw32/bin/../lib/gcc/nios2-elf/7.3.1/mhw-mulx\libgcc.a(_udivdi3.o)
                              obj/default/fmc/common_drivers/dac_core/dac_core.o (__udivdi3)
c:/intelfpga_pro/18.1/nios2eds/bin/gnu/h-x86_64-mingw32/bin/../lib/gcc/nios2-elf/7.3.1/mhw-mulx\libgcc.a(_umoddi3.o)
                              obj/default/fmc/common_drivers/platform_drivers/platform_drivers.o (__umoddi3)
c:/intelfpga_pro/18.1/nios2eds/bin/gnu/h-x86_64-mingw32/bin/../lib/gcc/nios2-elf/7.3.1/mhw-mulx\libgcc.a(lib2-divmod.o)
                              c:/intelfpga_pro/18.1/nios2eds/bin/gnu/h-x86_64-mingw32/bin/../lib/gcc/nios2-elf/7.3.1/mhw-mulx\libgcc.a(_udivdi3.o) (__divsi3)
c:/intelfpga_pro/18.1/nios2eds/bin/gnu/h-x86_64-mingw32/bin/../lib/gcc/nios2-elf/7.3.1/mhw-mulx\libgcc.a(adddf3.o)
                              obj/default/fmc/common_drivers/xcvr_core/xcvr_modules/altera_a10_atx_pll.o (__adddf3)
c:/intelfpga_pro/18.1/nios2eds/bin/gnu/h-x86_64-mingw32/bin/../lib/gcc/nios2-elf/7.3.1/mhw-mulx\libgcc.a(divdf3.o)
                              obj/default/fmc/common_drivers/xcvr_core/xcvr_modules/altera_a10_atx_pll.o (__divdf3)
c:/intelfpga_pro/18.1/nios2eds/bin/gnu/h-x86_64-mingw32/bin/../lib/gcc/nios2-elf/7.3.1/mhw-mulx\libgcc.a(gedf2.o)
                              c:/intelfpga_pro/18.1/nios2eds/bin/gnu/h-x86_64-mingw32/bin/../lib/gcc/nios2-elf/7.3.1/mhw-mulx\libgcc.a(_fixunsdfsi.o) (__gedf2)
c:/intelfpga_pro/18.1/nios2eds/bin/gnu/h-x86_64-mingw32/bin/../lib/gcc/nios2-elf/7.3.1/mhw-mulx\libgcc.a(muldf3.o)
                              c:/intelfpga_pro/18.1/nios2eds/bin/gnu/h-x86_64-mingw32/bin/../lib/gcc/nios2-elf/7.3.1/mhw-mulx\libgcc.a(_fixunsdfdi.o) (__muldf3)
c:/intelfpga_pro/18.1/nios2eds/bin/gnu/h-x86_64-mingw32/bin/../lib/gcc/nios2-elf/7.3.1/mhw-mulx\libgcc.a(subdf3.o)
                              c:/intelfpga_pro/18.1/nios2eds/bin/gnu/h-x86_64-mingw32/bin/../lib/gcc/nios2-elf/7.3.1/mhw-mulx\libgcc.a(_fixunsdfsi.o) (__subdf3)
c:/intelfpga_pro/18.1/nios2eds/bin/gnu/h-x86_64-mingw32/bin/../lib/gcc/nios2-elf/7.3.1/mhw-mulx\libgcc.a(fixdfsi.o)
                              c:/intelfpga_pro/18.1/nios2eds/bin/gnu/h-x86_64-mingw32/bin/../lib/gcc/nios2-elf/7.3.1/mhw-mulx\libgcc.a(_fixunsdfsi.o) (__fixdfsi)
c:/intelfpga_pro/18.1/nios2eds/bin/gnu/h-x86_64-mingw32/bin/../lib/gcc/nios2-elf/7.3.1/mhw-mulx\libgcc.a(floatunsidf.o)
                              obj/default/fmc/common_drivers/xcvr_core/xcvr_modules/altera_a10_atx_pll.o (__floatunsidf)
c:/intelfpga_pro/18.1/nios2eds/bin/gnu/h-x86_64-mingw32/bin/../lib/gcc/nios2-elf/7.3.1/mhw-mulx\libgcc.a(_clz.o)
                              c:/intelfpga_pro/18.1/nios2eds/bin/gnu/h-x86_64-mingw32/bin/../lib/gcc/nios2-elf/7.3.1/mhw-mulx\libgcc.a(_udivdi3.o) (__clz_tab)
c:/intelfpga_pro/18.1/nios2eds/bin/gnu/h-x86_64-mingw32/bin/../lib/gcc/nios2-elf/7.3.1/mhw-mulx\libgcc.a(_clzsi2.o)
                              c:/intelfpga_pro/18.1/nios2eds/bin/gnu/h-x86_64-mingw32/bin/../lib/gcc/nios2-elf/7.3.1/mhw-mulx\libgcc.a(adddf3.o) (__clzsi2)
c:/intelfpga_pro/18.1/nios2eds/bin/gnu/h-x86_64-mingw32/bin/../lib/gcc/nios2-elf/7.3.1/../../../../../H-x86_64-mingw32/nios2-elf/lib/mhw-mulx\libc.a(lib_a-calloc.o)
                              obj/default/fmc/common_drivers/fru_tools/fru_tools.o (calloc)
c:/intelfpga_pro/18.1/nios2eds/bin/gnu/h-x86_64-mingw32/bin/../lib/gcc/nios2-elf/7.3.1/../../../../../H-x86_64-mingw32/nios2-elf/lib/mhw-mulx\libc.a(lib_a-callocr.o)
                              c:/intelfpga_pro/18.1/nios2eds/bin/gnu/h-x86_64-mingw32/bin/../lib/gcc/nios2-elf/7.3.1/../../../../../H-x86_64-mingw32/nios2-elf/lib/mhw-mulx\libc.a(lib_a-calloc.o) (_calloc_r)
c:/intelfpga_pro/18.1/nios2eds/bin/gnu/h-x86_64-mingw32/bin/../lib/gcc/nios2-elf/7.3.1/../../../../../H-x86_64-mingw32/nios2-elf/lib/mhw-mulx\libc.a(lib_a-getc.o)
                              obj/default/fmc/common_drivers/platform_drivers/platform_drivers.o (getc)
c:/intelfpga_pro/18.1/nios2eds/bin/gnu/h-x86_64-mingw32/bin/../lib/gcc/nios2-elf/7.3.1/../../../../../H-x86_64-mingw32/nios2-elf/lib/mhw-mulx\libc.a(lib_a-impure.o)
[...]
Memory Configuration

Name             Origin             Length             Attributes
reset            0x0000000000000000 0x0000000000000020
ddr3_ctrl_amm_0  0x0000000000000020 0x000000007fffffe0
qspi_controller2_0_avl_mem 0x0000000080000000 0x0000000008000000
mcu_subsystem_ram_0 0x0000000088020000 0x0000000000020000
*default*        0x0000000000000000 0xffffffffffffffff

Linker script and memory map

LOAD C:/Developer/fpga/ArrowESC/Cyclone10GX_Demo/software/Cyclone10GX_Demo_bsp//obj/HAL/src/crt0.o
LOAD obj/default/fmc/ad9144/ad9144.o
LOAD obj/default/fmc/ad9523/ad9523.o
LOAD obj/default/fmc/ad9680/ad9680.o
LOAD obj/default/fmc/common_drivers/adc_core/adc_core.o
LOAD obj/default/fmc/common_drivers/communication/generic/Communication.o
LOAD obj/default/fmc/common_drivers/dac_buffer/dac_buffer.o
LOAD obj/default/fmc/common_drivers/dac_core/dac_core.o
LOAD obj/default/fmc/common_drivers/dmac_core/dmac_core.o
LOAD obj/default/fmc/common_drivers/fru_tools/fru_tools.o
LOAD obj/default/fmc/common_drivers/jesd_core/jesd_core.o
LOAD obj/default/fmc/common_drivers/platform_drivers/platform_drivers.o
LOAD obj/default/fmc/common_drivers/xcvr_core/xcvr_core.o
LOAD obj/default/fmc/common_drivers/xcvr_core/xcvr_modules/altera_a10_atx_pll.o
LOAD obj/default/fmc/common_drivers/xcvr_core/xcvr_modules/altera_a10_fpll.o
LOAD obj/default/fmc/common_drivers/xcvr_core/xcvr_modules/altera_a10_xcvr_channel.o
LOAD obj/default/fmc/common_drivers/xcvr_core/xcvr_modules/altera_pll_common.o
LOAD obj/default/fmc/common_drivers/xcvr_core/xcvr_modules/xilinx_qpll.o
LOAD obj/default/fmc/common_drivers/xcvr_core/xcvr_modules/xilinx_xcvr_channel.o
LOAD obj/default/main.o
LOAD c:/intelfpga_pro/18.1/nios2eds/bin/gnu/h-x86_64-mingw32/bin/../lib/gcc/nios2-elf/7.3.1/../../../../../H-x86_64-mingw32/nios2-elf/lib/mhw-mulx\libstdc++.a
LOAD c:/intelfpga_pro/18.1/nios2eds/bin/gnu/h-x86_64-mingw32/bin/../lib/gcc/nios2-elf/7.3.1/../../../../../H-x86_64-mingw32/nios2-elf/lib/mhw-mulx\libm.a
LOAD c:/intelfpga_pro/18.1/nios2eds/bin/gnu/h-x86_64-mingw32/bin/../lib/gcc/nios2-elf/7.3.1/mhw-mulx\libgcc.a
START GROUP
LOAD c:/intelfpga_pro/18.1/nios2eds/bin/gnu/h-x86_64-mingw32/bin/../lib/gcc/nios2-elf/7.3.1/../../../../../H-x86_64-mingw32/nios2-elf/lib/mhw-mulx\libc.a
LOAD c:/intelfpga_pro/18.1/nios2eds/bin/gnu/h-x86_64-mingw32/bin/../lib/gcc/nios2-elf/7.3.1/mhw-mulx\libgcc.a
LOAD C:/Developer/fpga/ArrowESC/Cyclone10GX_Demo/software/Cyclone10GX_Demo_bsp/\libhal_bsp.a
LOAD c:/intelfpga_pro/18.1/nios2eds/bin/gnu/h-x86_64-mingw32/bin/../lib/gcc/nios2-elf/7.3.1/../../../../../H-x86_64-mingw32/nios2-elf/lib/mhw-mulx\libm.a
END GROUP
LOAD c:/intelfpga_pro/18.1/nios2eds/bin/gnu/h-x86_64-mingw32/bin/../lib/gcc/nios2-elf/7.3.1/mhw-mulx\libgcc.a
                0x0000000000000000                __alt_mem_ddr3_ctrl_amm_0 = 0x0
                0x0000000080000000                __alt_mem_qspi_controller2_0_avl_mem = 0x80000000
                0x0000000088020000                __alt_mem_mcu_subsystem_ram_0 = 0x88020000

.entry          0x0000000000000000       0x20
 *(.entry)
 .entry         0x0000000000000000       0x20 C:/Developer/fpga/ArrowESC/Cyclone10GX_Demo/software/Cyclone10GX_Demo_bsp//obj/HAL/src/crt0.o
                0x0000000000000000                __reset

.exceptions     0x0000000000000020      0x218
                0x0000000000000020                PROVIDE (__ram_exceptions_start, ABSOLUTE (.))
                0x0000000000000020                . = ALIGN (0x20)
 *(.irq)
 *(.exceptions.entry.label)
 .exceptions.entry.label
                0x0000000000000020        0x0 C:/Developer/fpga/ArrowESC/Cyclone10GX_Demo/software/Cyclone10GX_Demo_bsp/\libhal_bsp.a(alt_irq_entry.o)
                0x0000000000000020                alt_irq_entry
 .exceptions.entry.label
                0x0000000000000020        0x0 C:/Developer/fpga/ArrowESC/Cyclone10GX_Demo/software/Cyclone10GX_Demo_bsp/\libhal_bsp.a(alt_exception_entry.o)
                0x0000000000000020                alt_exception
 *(.exceptions.entry.user)
 *(.exceptions.entry.ecc_fatal)
 *(.exceptions.entry)
 .exceptions.entry
                0x0000000000000020       0x54 C:/Developer/fpga/ArrowESC/Cyclone10GX_Demo/software/Cyclone10GX_Demo_bsp/\libhal_bsp.a(alt_exception_entry.o)
 *(.exceptions.irqtest.user)
 *(.exceptions.irqtest)
 .exceptions.irqtest
                0x0000000000000074       0x10 C:/Developer/fpga/ArrowESC/Cyclone10GX_Demo/software/Cyclone10GX_Demo_bsp/\libhal_bsp.a(alt_irq_entry.o)
 *(.exceptions.irqhandler.user)
 *(.exceptions.irqhandler)
 .exceptions.irqhandler
                0x0000000000000084        0x4 C:/Developer/fpga/ArrowESC/Cyclone10GX_Demo/software/Cyclone10GX_Demo_bsp/\libhal_bsp.a(alt_irq_entry.o)
 *(.exceptions.irqreturn.user)
 *(.exceptions.irqreturn)
 .exceptions.irqreturn
                0x0000000000000088        0x4 C:/Developer/fpga/ArrowESC/Cyclone10GX_Demo/software/Cyclone10GX_Demo_bsp/\libhal_bsp.a(alt_irq_entry.o)
 *(.exceptions.notirq.label)
 .exceptions.notirq.label
                0x000000000000008c        0x0 C:/Developer/fpga/ArrowESC/Cyclone10GX_Demo/software/Cyclone10GX_Demo_bsp/\libhal_bsp.a(alt_irq_entry.o)
 *(.exceptions.notirq.user)
 *(.exceptions.notirq)
 .exceptions.notirq
                0x000000000000008c        0x8 C:/Developer/fpga/ArrowESC/Cyclone10GX_Demo/software/Cyclone10GX_Demo_bsp/\libhal_bsp.a(alt_exception_entry.o)
 *(.exceptions.soft.user)
 *(.exceptions.soft)
 *(.exceptions.unknown.user)
 *(.exceptions.unknown)
 .exceptions.unknown
                0x0000000000000094       0x14 C:/Developer/fpga/ArrowESC/Cyclone10GX_Demo/software/Cyclone10GX_Demo_bsp/\libhal_bsp.a(alt_exception_entry.o)
 *(.exceptions.exit.label)
 .exceptions.exit.label
                0x00000000000000a8        0x0 C:/Developer/fpga/ArrowESC/Cyclone10GX_Demo/software/Cyclone10GX_Demo_bsp/\libhal_bsp.a(alt_irq_entry.o)
 .exceptions.exit.label
                0x00000000000000a8        0x0 C:/Developer/fpga/ArrowESC/Cyclone10GX_Demo/software/Cyclone10GX_Demo_bsp/\libhal_bsp.a(alt_exception_entry.o)
 *(.exceptions.exit.user)
 *(.exceptions.exit)
 .exceptions.exit
                0x00000000000000a8       0x54 C:/Developer/fpga/ArrowESC/Cyclone10GX_Demo/software/Cyclone10GX_Demo_bsp/\libhal_bsp.a(alt_exception_entry.o)
 *(.exceptions)
 .exceptions    0x00000000000000fc       0xc8 C:/Developer/fpga/ArrowESC/Cyclone10GX_Demo/software/Cyclone10GX_Demo_bsp/\libhal_bsp.a(alt_irq_handler.o)
                0x00000000000000fc                alt_irq_handler
 .exceptions    0x00000000000001c4       0x74 C:/Developer/fpga/ArrowESC/Cyclone10GX_Demo/software/Cyclone10GX_Demo_bsp/\libhal_bsp.a(alt_instruction_exception_entry.o)
                0x00000000000001c4                alt_instruction_exception_entry
                0x0000000000000238                PROVIDE (__ram_exceptions_end, ABSOLUTE (.))
                0x0000000000000020                PROVIDE (__flash_exceptions_start, LOADADDR (.exceptions))

.text           0x0000000000000238    0x24cf0
                [!provide]                        PROVIDE (stext, ABSOLUTE (.))
 *(.interp)
 *(.hash)
 *(.dynsym)
 *(.dynstr)
 *(.gnu.version)
 *(.gnu.version_d)
 *(.gnu.version_r)
 *(.rel.init)
 *(.rela.init)
 *(.rel.text .rel.text.* .rel.gnu.linkonce.t.*)
 *(.rela.text .rela.text.* .rela.gnu.linkonce.t.*)
 *(.rel.fini)
 *(.rela.fini)
 *(.rel.rodata .rel.rodata.* .rel.gnu.linkonce.r.*)
 *(.rela.rodata .rela.rodata.* .rela.gnu.linkonce.r.*)
 *(.rel.data .rel.data.* .rel.gnu.linkonce.d.*)
 *(.rela.data .rela.data.* .rela.gnu.linkonce.d.*)
 *(.rel.tdata .rel.tdata.* .rel.gnu.linkonce.td.*)
 *(.rela.tdata .rela.tdata.* .rela.gnu.linkonce.td.*)
 *(.rel.tbss .rel.tbss.* .rel.gnu.linkonce.tb.*)
 *(.rela.tbss .rela.tbss.* .rela.gnu.linkonce.tb.*)
 *(.rel.ctors)
 *(.rela.ctors)
 *(.rel.dtors)
 *(.rela.dtors)
 *(.rel.got)
 *(.rela.got)
 *(.rel.sdata .rel.sdata.* .rel.gnu.linkonce.s.*)
 *(.rela.sdata .rela.sdata.* .rela.gnu.linkonce.s.*)
 *(.rel.sbss .rel.sbss.* .rel.gnu.linkonce.sb.*)
 *(.rela.sbss .rela.sbss.* .rela.gnu.linkonce.sb.*)
 *(.rel.sdata2 .rel.sdata2.* .rel.gnu.linkonce.s2.*)
 *(.rela.sdata2 .rela.sdata2.* .rela.gnu.linkonce.s2.*)
 *(.rel.sbss2 .rel.sbss2.* .rel.gnu.linkonce.sb2.*)
 *(.rela.sbss2 .rela.sbss2.* .rela.gnu.linkonce.sb2.*)
 *(.rel.bss .rel.bss.* .rel.gnu.linkonce.b.*)
 *(.rela.bss .rela.bss.* .rela.gnu.linkonce.b.*)
 *(.rel.plt)
 *(.rela.plt)
 *(.rel.dyn)
 *(.init)
 *(.plt)
 *(.text .stub .text.* .gnu.linkonce.t.*)
 .text          0x0000000000000238       0x4c C:/Developer/fpga/ArrowESC/Cyclone10GX_Demo/software/Cyclone10GX_Demo_bsp//obj/HAL/src/crt0.o
                0x0000000000000238                _start
 .text          0x0000000000000284     0x1484 obj/default/fmc/ad9144/ad9144.o
                0x0000000000000284                ad9144_spi_read
                0x000000000000030c                ad9144_spi_write
                0x0000000000000388                ad9144_spi_check_status
                0x0000000000000434                ad9144_spi_write_seq
                0x00000000000004c8                ad9144_setup_jesd204_link
                0x0000000000000aa4                ad9144_setup
                0x0000000000001060                ad9144_dac_calibrate
                0x000000000000119c                ad9144_remove
                0x00000000000011e4                ad9144_status
                0x0000000000001364                ad9144_short_pattern_test
                0x000000000000158c                ad9144_datapath_prbs_test
 .text          0x0000000000001708     0x16b0 obj/default/fmc/ad9523/ad9523.o
                0x0000000000001708                ad9523_spi_read
                0x00000000000017f8                ad9523_spi_write
                0x00000000000018cc                ad9523_io_update
                0x0000000000001908                ad9523_vco_out_map
                0x0000000000001b58                ad9523_calibrate
                0x0000000000001c34                ad9523_status
                0x0000000000001d88                ad9523_sync
                0x0000000000001e6c                ad9523_init
                0x000000000000213c                ad9523_setup
                0x0000000000002d70                ad9523_remove
 .text          0x0000000000002db8      0x374 obj/default/fmc/ad9680/ad9680.o
                0x0000000000002db8                ad9680_spi_read
                0x0000000000002e40                ad9680_spi_write
                0x0000000000002ebc                ad9680_test
                0x0000000000002f30                ad9680_setup
                0x00000000000030e4                ad9680_remove
 .text          0x000000000000312c      0xdf8 obj/default/fmc/common_drivers/adc_core/adc_core.o
                0x000000000000312c                adc_read
                0x0000000000003194                adc_write
                0x00000000000031dc                adc_setup
                0x0000000000003360                adc_set_delay
                0x000000000000347c                adc_delay_calibrate
                0x00000000000037f8                adc_set_pnsel
                0x00000000000038b0                adc_pn_mon
                0x0000000000003a34                adc_ramp_test
 .text          0x0000000000003f24      0x160 obj/default/fmc/common_drivers/communication/generic/Communication.o
                0x0000000000003f24                I2C_Init
                0x0000000000003f48                I2C_Write
                0x0000000000003f8c                I2C_Read
                0x0000000000003fd0                SPI_Init
                0x0000000000004014                SPI_Read
                0x000000000000404c                SPI_Write
 .text          0x0000000000004084      0x274 obj/default/fmc/common_drivers/dac_buffer/dac_buffer.o
                0x0000000000004084                dac_buffer_load
 .text          0x00000000000042f8      0x9b8 obj/default/fmc/common_drivers/dac_core/dac_core.o
                0x00000000000042f8                dac_read
                0x0000000000004364                dac_write
                0x00000000000043b0                dds_set_frequency
                0x00000000000045a8                dds_set_phase
                0x0000000000004710                dds_set_scale
                0x0000000000004890                dac_data_src_sel
                0x00000000000049a4                dac_setup
                0x0000000000004aa4                dac_data_setup
 .text          0x0000000000004cb0      0x420 obj/default/fmc/common_drivers/dmac_core/dmac_core.o
                0x0000000000004cb0                dmac_read
                0x0000000000004cfc                dmac_write
                0x0000000000004d44                dmac_start_transaction
 .text          0x00000000000050d0     0x2034 obj/default/fmc/common_drivers/fru_tools/fru_tools.o
                0x00000000000050d0                calc_zero_checksum
                0x0000000000005138                min2date
                0x00000000000051ac                ascii2six
                0x0000000000005490                six2ascii
                0x00000000000056d4                parse_string
                0x0000000000005a84                parse_board_area
                0x0000000000005f2c                parse_multiboard_area
                0x0000000000006408                parse_FRU
                0x00000000000065dc                free_FRU
                0x00000000000069a8                build_FRU_blob
 .text          0x0000000000007104      0xa80 obj/default/fmc/common_drivers/jesd_core/jesd_core.o
                0x0000000000007104                jesd_read
                0x0000000000007150                jesd_write
                0x0000000000007198                jesd_setup
                0x0000000000007238                jesd_sysref_control
                0x00000000000072d0                jesd_status
                0x00000000000073d4                axi_jesd204_rx_status_read
                0x00000000000075cc                axi_jesd204_tx_status_read
                0x00000000000077c4                axi_jesd204_rx_laneinfo_read
 .text          0x0000000000007b84      0x8c4 obj/default/fmc/common_drivers/platform_drivers/platform_drivers.o
                0x0000000000007b84                i2c_init
                0x0000000000007bac                i2c_remove
                0x0000000000007bd0                i2c_write
                0x0000000000007c0c                i2c_read
                0x0000000000007c48                spi_init
                0x0000000000007d0c                spi_remove
                0x0000000000007d40                spi_write_and_read
                0x0000000000007e2c                gpio_get
                0x0000000000007ebc                gpio_remove
                0x0000000000007ef0                gpio_direction_input
                0x0000000000007f14                gpio_direction_output
                0x0000000000007f40                gpio_get_direction
                0x0000000000007f68                gpio_set_value
                0x0000000000008014                gpio_get_value
                0x000000000000809c                ad_gpio_set_range
                0x000000000000815c                ad_gpio_get_range
                0x0000000000008204                do_div
                0x00000000000082c0                ad_reg_write_16
                0x0000000000008350                ad_platform_init
                0x0000000000008370                ad_platform_close
                0x00000000000083a8                ad_uart_read
                0x00000000000083e8                ad_pow2
 .text          0x0000000000008448      0x498 obj/default/fmc/common_drivers/xcvr_core/xcvr_core.o
                0x0000000000008448                xcvr_read
                0x0000000000008494                xcvr_write
                0x00000000000084dc                xcvr_setup
                0x0000000000008654                xcvr_getconfig
                0x0000000000008768                xcvr_reset
                0x0000000000008828                xcvr_finalize_lane_rate_change
 .text          0x00000000000088e0      0xc28 obj/default/fmc/common_drivers/xcvr_core/xcvr_modules/altera_a10_atx_pll.o
                0x00000000000088e0                atx_lookup_band
                0x000000000000896c                atx_lookup_tank
                0x00000000000089c0                atx_lookup_cp_current
                0x0000000000008bd4                atx_lookup_lf_resistance
                0x0000000000008d58                atx_calc_params
                0x0000000000008f6c                atx_pll_round_rate
                0x00000000000090a4                atx_pll_set_rate
                0x0000000000009358                atx_pll_recalc_rate
 .text          0x0000000000009508      0xe80 obj/default/fmc/common_drivers/xcvr_core/xcvr_modules/altera_a10_fpll.o
                0x0000000000009508                fpll_lookup_lf_resistance
                0x0000000000009600                fpll_lookup_cp_current
                0x0000000000009b5c                fpll_calc_params
                0x0000000000009ea8                fpll_round_rate
                0x0000000000009fd4                fpll_set_rate
                0x000000000000a1bc                fpll_recalc_rate
 .text          0x000000000000a388     0x1198 obj/default/fmc/common_drivers/xcvr_core/xcvr_modules/altera_a10_xcvr_channel.o
                0x000000000000a388                altera_a10_cdr_lookup_vco_speed
                0x000000000000a3dc                altera_a10_cdr_lookup_vco_speed_fix
                0x000000000000a490                altera_a10_cdr_lookup_cp_current_pd
                0x000000000000a4dc                altera_a10_cdr_lookup_clklow_div
                0x000000000000a518                altera_a10_cdr_lookup_fastlock
                0x000000000000a550                altera_a10_cdr_lookup_lf_resistor_pd
                0x000000000000a5dc                altera_a10_cdr_lookup_lf_resistor_pfd
                0x000000000000a750                altera_a10_cdr_lookup_cp_current_pfd
                0x000000000000aaec                altera_a10_cdr_calc_params
                0x000000000000ad7c                altera_a10_cdr_pll_round_rate
                0x000000000000aecc                altera_a10_cdr_pll_set_rate
                0x000000000000b40c                altera_a10_calib_tx_pll
 .text          0x000000000000b520      0x594 obj/default/fmc/common_drivers/xcvr_core/xcvr_modules/altera_pll_common.o
                0x000000000000b520                a10_pll_read
                0x000000000000b578                a10_pll_write
                0x000000000000b5cc                pll_update
                0x000000000000b650                altera_a10_acquire_arbitration
                0x000000000000b738                altera_a10_release_arbitration
                0x000000000000b790                pll_calibration_check
                0x000000000000b8f8                pll_is_enabled
                0x000000000000b994                pll_enable
                0x000000000000ba24                pll_disable
 .text          0x000000000000bab4        0x0 obj/default/fmc/common_drivers/xcvr_core/xcvr_modules/xilinx_qpll.o
 .text          0x000000000000bab4        0x0 obj/default/fmc/common_drivers/xcvr_core/xcvr_modules/xilinx_xcvr_channel.o
 .text          0x000000000000bab4      0xf0c obj/default/main.o
                0x000000000000bab4                fmcdaq2_reconfig
                0x000000000000bf70                daq2_init
                0x000000000000c7a4                mem_writing
                0x000000000000c824                mem_reading
                0x000000000000c8a0                mem_testing
                0x000000000000c8e8                main
 .text          0x000000000000c9c0       0x28 c:/intelfpga_pro/18.1/nios2eds/bin/gnu/h-x86_64-mingw32/bin/../lib/gcc/nios2-elf/7.3.1/mhw-mulx\libgcc.a(_bswapsi2.o)
                0x000000000000c9c0                __bswapsi2
 .text          0x000000000000c9e8       0x74 c:/intelfpga_pro/18.1/nios2eds/bin/gnu/h-x86_64-mingw32/bin/../lib/gcc/nios2-elf/7.3.1/mhw-mulx\libgcc.a(_fixunsdfsi.o)
                0x000000000000c9e8                __fixunsdfsi
 .text          0x000000000000ca5c       0x90 c:/intelfpga_pro/18.1/nios2eds/bin/gnu/h-x86_64-mingw32/bin/../lib/gcc/nios2-elf/7.3.1/mhw-mulx\libgcc.a(_fixunsdfdi.o)
                0x000000000000ca5c                __fixunsdfdi
 .text          0x000000000000caec      0x598 c:/intelfpga_pro/18.1/nios2eds/bin/gnu/h-x86_64-mingw32/bin/../lib/gcc/nios2-elf/7.3.1/mhw-mulx\libgcc.a(_udivdi3.o)
                0x000000000000caec                __udivdi3
 .text          0x000000000000d084      0x554 c:/intelfpga_pro/18.1/nios2eds/bin/gnu/h-x86_64-mingw32/bin/../lib/gcc/nios2-elf/7.3.1/mhw-mulx\libgcc.a(_umoddi3.o)
                0x000000000000d084                __umoddi3
 .text          0x000000000000d5d8      0x1bc c:/intelfpga_pro/18.1/nios2eds/bin/gnu/h-x86_64-mingw32/bin/../lib/gcc/nios2-elf/7.3.1/mhw-mulx\libgcc.a(lib2-divmod.o)
                0x000000000000d5d8                __divsi3
                0x000000000000d660                __modsi3
                0x000000000000d6d8                __udivsi3
                0x000000000000d73c                __umodsi3
 .text          0x000000000000d794      0x8c0 c:/intelfpga_pro/18.1/nios2eds/bin/gnu/h-x86_64-mingw32/bin/../lib/gcc/nios2-elf/7.3.1/mhw-mulx\libgcc.a(adddf3.o)
                0x000000000000d794                __adddf3
 .text          0x000000000000e054      0x8cc c:/intelfpga_pro/18.1/nios2eds/bin/gnu/h-x86_64-mingw32/bin/../lib/gcc/nios2-elf/7.3.1/mhw-mulx\libgcc.a(divdf3.o)
                0x000000000000e054                __divdf3
 .text          0x000000000000e920       0xe0 c:/intelfpga_pro/18.1/nios2eds/bin/gnu/h-x86_64-mingw32/bin/../lib/gcc/nios2-elf/7.3.1/mhw-mulx\libgcc.a(gedf2.o)
                0x000000000000e920                __gedf2
                0x000000000000e920                __gtdf2
 .text          0x000000000000ea00      0x6dc c:/intelfpga_pro/18.1/nios2eds/bin/gnu/h-x86_64-mingw32/bin/../lib/gcc/nios2-elf/7.3.1/mhw-mulx\libgcc.a(muldf3.o)
                0x000000000000ea00                __muldf3
 .text          0x000000000000f0dc      0x8d4 c:/intelfpga_pro/18.1/nios2eds/bin/gnu/h-x86_64-mingw32/bin/../lib/gcc/nios2-elf/7.3.1/mhw-mulx\libgcc.a(subdf3.o)
                0x000000000000f0dc                __subdf3
 .text          0x000000000000f9b0       0x80 c:/intelfpga_pro/18.1/nios2eds/bin/gnu/h-x86_64-mingw32/bin/../lib/gcc/nios2-elf/7.3.1/mhw-mulx\libgcc.a(fixdfsi.o)
                0x000000000000f9b0                __fixdfsi
 .text          0x000000000000fa30       0x9c c:/intelfpga_pro/18.1/nios2eds/bin/gnu/h-x86_64-mingw32/bin/../lib/gcc/nios2-elf/7.3.1/mhw-mulx\libgcc.a(floatunsidf.o)
                0x000000000000fa30                __floatunsidf
 .text          0x000000000000facc        0x0 c:/intelfpga_pro/18.1/nios2eds/bin/gnu/h-x86_64-mingw32/bin/../lib/gcc/nios2-elf/7.3.1/mhw-mulx\libgcc.a(_clz.o)
 .text          0x000000000000facc       0x54 c:/intelfpga_pro/18.1/nios2eds/bin/gnu/h-x86_64-mingw32/bin/../lib/gcc/nios2-elf/7.3.1/mhw-mulx\libgcc.a(_clzsi2.o)
                0x000000000000facc                __clzsi2
 .text          0x000000000000fb20        0x0 c:/intelfpga_pro/18.1/nios2eds/bin/gnu/h-x86_64-mingw32/bin/../lib/gcc/nios2-elf/7.3.1/../../../../../H-x86_64-mingw32/nios2-elf/lib/mhw-mulx\libc.a(lib_a-calloc.o)
 .text.calloc   0x000000000000fb20       0x14 c:/intelfpga_pro/18.1/nios2eds/bin/gnu/h-x86_64-mingw32/bin/../lib/gcc/nios2-elf/7.3.1/../../../../../H-x86_64-mingw32/nios2-elf/lib/mhw-mulx\libc.a(lib_a-calloc.o)
                0x000000000000fb20                calloc
 .text          0x000000000000fb34        0x0 c:/intelfpga_pro/18.1/nios2eds/bin/gnu/h-x86_64-mingw32/bin/../lib/gcc/nios2-elf/7.3.1/../../../../../H-x86_64-mingw32/nios2-elf/lib/mhw-mulx\libc.a(lib_a-callocr.o)
 .text._calloc_r
                0x000000000000fb34       0xbc c:/intelfpga_pro/18.1/nios2eds/bin/gnu/h-x86_64-mingw32/bin/../lib/gcc/nios2-elf/7.3.1/../../../../../H-x86_64-mingw32/nios2-elf/lib/mhw-mulx\libc.a(lib_a-callocr.o)
                0x000000000000fb34                _calloc_r
 .text          0x000000000000fbf0        0x0 c:/intelfpga_pro/18.1/nios2eds/bin/gnu/h-x86_64-mingw32/bin/../lib/gcc/nios2-elf/7.3.1/../../../../../H-x86_64-mingw32/nios2-elf/lib/mhw-mulx\libc.a(lib_a-getc.o)
 .text._getc_r  0x000000000000fbf0       0x7c c:/intelfpga_pro/18.1/nios2eds/bin/gnu/h-x86_64-mingw32/bin/../lib/gcc/nios2-elf/7.3.1/../../../../../H-x86_64-mingw32/nios2-elf/lib/mhw-mulx\libc.a(lib_a-getc.o)
                0x000000000000fbf0                _getc_r
 .text.getc     0x000000000000fc6c       0x90 c:/intelfpga_pro/18.1/nios2eds/bin/gnu/h-x86_64-mingw32/bin/../lib/gcc/nios2-elf/7.3.1/../../../../../H-x86_64-mingw32/nios2-elf/lib/mhw-mulx\libc.a(lib_a-getc.o)
                0x000000000000fc6c                getc
 .text          0x000000000000fcfc        0x0 c:/intelfpga_pro/18.1/nios2eds/bin/gnu/h-x86_64-mingw32/bin/../lib/gcc/nios2-elf/7.3.1/../../../../../H-x86_64-mingw32/nios2-elf/lib/mhw-mulx\libc.a(lib_a-impure.o)
 .text          0x000000000000fcfc        0x0 c:/intelfpga_pro/18.1/nios2eds/bin/gnu/h-x86_64-mingw32/bin/../lib/gcc/nios2-elf/7.3.1/../../../../../H-x86_64-mingw32/nios2-elf/lib/mhw-mulx\libc.a(lib_a-locale.o)
 .text._setlocale_r
                0x000000000000fcfc       0x7c c:/intelfpga_pro/18.1/nios2eds/bin/gnu/h-x86_64-mingw32/bin/../lib/gcc/nios2-elf/7.3.1/../../../../../H-x86_64-mingw32/nios2-elf/lib/mhw-mulx\libc.a(lib_a-locale.o)
                0x000000000000fcfc                _setlocale_r
 .text.__locale_mb_cur_max
                0x000000000000fd78       0x20 c:/intelfpga_pro/18.1/nios2eds/bin/gnu/h-x86_64-mingw32/bin/../lib/gcc/nios2-elf/7.3.1/../../../../../H-x86_64-mingw32/nios2-elf/lib/mhw-mulx\libc.a(lib_a-locale.o)
                0x000000000000fd78                __locale_mb_cur_max
 .text.__locale_ctype_ptr_l
                0x000000000000fd98        0x8 c:/intelfpga_pro/18.1/nios2eds/bin/gnu/h-x86_64-mingw32/bin/../lib/gcc/nios2-elf/7.3.1/../../../../../H-x86_64-mingw32/nios2-elf/lib/mhw-mulx\libc.a(lib_a-locale.o)
                0x000000000000fd98                __locale_ctype_ptr_l
 .text.__locale_ctype_ptr
                0x000000000000fda0       0x20 c:/intelfpga_pro/18.1/nios2eds/bin/gnu/h-x86_64-mingw32/bin/../lib/gcc/nios2-elf/7.3.1/../../../../../H-x86_64-mingw32/nios2-elf/lib/mhw-mulx\libc.a(lib_a-locale.o)
                0x000000000000fda0                __locale_ctype_ptr
 .text.setlocale
                0x000000000000fdc0       0x14 c:/intelfpga_pro/18.1/nios2eds/bin/gnu/h-x86_64-mingw32/bin/../lib/gcc/nios2-elf/7.3.1/../../../../../H-x86_64-mingw32/nios2-elf/lib/mhw-mulx\libc.a(lib_a-locale.o)
                0x000000000000fdc0                setlocale
 .text          0x000000000000fdd4        0x0 c:/intelfpga_pro/18.1/nios2eds/bin/gnu/h-x86_64-mingw32/bin/../lib/gcc/nios2-elf/7.3.1/../../../../../H-x86_64-mingw32/nios2-elf/lib/mhw-mulx\libc.a(lib_a-malloc.o)
 .text.malloc   0x000000000000fdd4       0x10 c:/intelfpga_pro/18.1/nios2eds/bin/gnu/h-x86_64-mingw32/bin/../lib/gcc/nios2-elf/7.3.1/../../../../../H-x86_64-mingw32/nios2-elf/lib/mhw-mulx\libc.a(lib_a-malloc.o)
                0x000000000000fdd4                malloc
 .text.free     0x000000000000fde4       0x10 c:/intelfpga_pro/18.1/nios2eds/bin/gnu/h-x86_64-mingw32/bin/../lib/gcc/nios2-elf/7.3.1/../../../../../H-x86_64-mingw32/nios2-elf/lib/mhw-mulx\libc.a(lib_a-malloc.o)
                0x000000000000fde4                free
 .text          0x000000000000fdf4        0x0 c:/intelfpga_pro/18.1/nios2eds/bin/gnu/h-x86_64-mingw32/bin/../lib/gcc/nios2-elf/7.3.1/../../../../../H-x86_64-mingw32/nios2-elf/lib/mhw-mulx\libc.a(lib_a-mallocr.o)
 .text._malloc_r
                0x000000000000fdf4      0x7d8 c:/intelfpga_pro/18.1/nios2eds/bin/gnu/h-x86_64-mingw32/bin/../lib/gcc/nios2-elf/7.3.1/../../../../../H-x86_64-mingw32/nios2-elf/lib/mhw-mulx\libc.a(lib_a-mallocr.o)
                0x000000000000fdf4                _malloc_r
 .text          0x00000000000105cc        0x0 c:/intelfpga_pro/18.1/nios2eds/bin/gnu/h-x86_64-mingw32/bin/../lib/gcc/nios2-elf/7.3.1/../../../../../H-x86_64-mingw32/nios2-elf/lib/mhw-mulx\libc.a(lib_a-mbtowc_r.o)
 .text._mbtowc_r
                0x00000000000105cc       0x28 c:/intelfpga_pro/18.1/nios2eds/bin/gnu/h-x86_64-mingw32/bin/../lib/gcc/nios2-elf/7.3.1/../../../../../H-x86_64-mingw32/nios2-elf/lib/mhw-mulx\libc.a(lib_a-mbtowc_r.o)
                0x00000000000105cc                _mbtowc_r
 .text.__ascii_mbtowc
                0x00000000000105f4       0x44 c:/intelfpga_pro/18.1/nios2eds/bin/gnu/h-x86_64-mingw32/bin/../lib/gcc/nios2-elf/7.3.1/../../../../../H-x86_64-mingw32/nios2-elf/lib/mhw-mulx\libc.a(lib_a-mbtowc_r.o)
                0x00000000000105f4                __ascii_mbtowc
 .text          0x0000000000010638        0x0 c:/intelfpga_pro/18.1/nios2eds/bin/gnu/h-x86_64-mingw32/bin/../lib/gcc/nios2-elf/7.3.1/../../../../../H-x86_64-mingw32/nios2-elf/lib/mhw-mulx\libc.a(lib_a-memcpy.o)
 .text.memcpy   0x0000000000010638       0xf0 c:/intelfpga_pro/18.1/nios2eds/bin/gnu/h-x86_64-mingw32/bin/../lib/gcc/nios2-elf/7.3.1/../../../../../H-x86_64-mingw32/nios2-elf/lib/mhw-mulx\libc.a(lib_a-memcpy.o)
                0x0000000000010638                memcpy
 .text          0x0000000000010728        0x0 c:/intelfpga_pro/18.1/nios2eds/bin/gnu/h-x86_64-mingw32/bin/../lib/gcc/nios2-elf/7.3.1/../../../../../H-x86_64-mingw32/nios2-elf/lib/mhw-mulx\libc.a(lib_a-memset.o)
 .text.memset   0x0000000000010728       0xfc c:/intelfpga_pro/18.1/nios2eds/bin/gnu/h-x86_64-mingw32/bin/../lib/gcc/nios2-elf/7.3.1/../../../../../H-x86_64-mingw32/nios2-elf/lib/mhw-mulx\libc.a(lib_a-memset.o)
                0x0000000000010728                memset
 .text          0x0000000000010824        0x0 c:/intelfpga_pro/18.1/nios2eds/bin/gnu/h-x86_64-mingw32/bin/../lib/gcc/nios2-elf/7.3.1/../../../../../H-x86_64-mingw32/nios2-elf/lib/mhw-mulx\libc.a(lib_a-mktime.o)
 .text.validate_structure
                0x0000000000010824      0x2b0 c:/intelfpga_pro/18.1/nios2eds/bin/gnu/h-x86_64-mingw32/bin/../lib/gcc/nios2-elf/7.3.1/../../../../../H-x86_64-mingw32/nios2-elf/lib/mhw-mulx\libc.a(lib_a-mktime.o)
 .text.mktime   0x0000000000010ad4      0x3c0 c:/intelfpga_pro/18.1/nios2eds/bin/gnu/h-x86_64-mingw32/bin/../lib/gcc/nios2-elf/7.3.1/../../../../../H-x86_64-mingw32/nios2-elf/lib/mhw-mulx\libc.a(lib_a-mktime.o)
                0x0000000000010ad4                mktime
 .text          0x0000000000010e94        0x0 c:/intelfpga_pro/18.1/nios2eds/bin/gnu/h-x86_64-mingw32/bin/../lib/gcc/nios2-elf/7.3.1/../../../../../H-x86_64-mingw32/nios2-elf/lib/mhw-mulx\libc.a(lib_a-printf.o)
 .text._printf_r
                0x0000000000010e94       0x30 c:/intelfpga_pro/18.1/nios2eds/bin/gnu/h-x86_64-mingw32/bin/../lib/gcc/nios2-elf/7.3.1/../../../../../H-x86_64-mingw32/nios2-elf/lib/mhw-mulx\libc.a(lib_a-printf.o)
                0x0000000000010e94                _printf_r
 .text.printf   0x0000000000010ec4       0x38 c:/intelfpga_pro/18.1/nios2eds/bin/gnu/h-x86_64-mingw32/bin/../lib/gcc/nios2-elf/7.3.1/../../../../../H-x86_64-mingw32/nios2-elf/lib/mhw-mulx\libc.a(lib_a-printf.o)
                0x0000000000010ec4                printf
 .text          0x0000000000010efc        0x0 c:/intelfpga_pro/18.1/nios2eds/bin/gnu/h-x86_64-mingw32/bin/../lib/gcc/nios2-elf/7.3.1/../../../../../H-x86_64-mingw32/nios2-elf/lib/mhw-mulx\libc.a(lib_a-putchar.o)
 .text._putchar_r
                0x0000000000010efc        0x8 c:/intelfpga_pro/18.1/nios2eds/bin/gnu/h-x86_64-mingw32/bin/../lib/gcc/nios2-elf/7.3.1/../../../../../H-x86_64-mingw32/nios2-elf/lib/mhw-mulx\libc.a(lib_a-putchar.o)
                0x0000000000010efc                _putchar_r
 .text.putchar  0x0000000000010f04       0x18 c:/intelfpga_pro/18.1/nios2eds/bin/gnu/h-x86_64-mingw32/bin/../lib/gcc/nios2-elf/7.3.1/../../../../../H-x86_64-mingw32/nios2-elf/lib/mhw-mulx\libc.a(lib_a-putchar.o)
                0x0000000000010f04                putchar
 .text          0x0000000000010f1c        0x0 c:/intelfpga_pro/18.1/nios2eds/bin/gnu/h-x86_64-mingw32/bin/../lib/gcc/nios2-elf/7.3.1/../../../../../H-x86_64-mingw32/nios2-elf/lib/mhw-mulx\libc.a(lib_a-puts.o)
 .text._puts_r  0x0000000000010f1c       0xcc c:/intelfpga_pro/18.1/nios2eds/bin/gnu/h-x86_64-mingw32/bin/../lib/gcc/nios2-elf/7.3.1/../../../../../H-x86_64-mingw32/nios2-elf/lib/mhw-mulx\libc.a(lib_a-puts.o)
                0x0000000000010f1c                _puts_r
 .text.puts     0x0000000000010fe8       0x10 c:/intelfpga_pro/18.1/nios2eds/bin/gnu/h-x86_64-mingw32/bin/../lib/gcc/nios2-elf/7.3.1/../../../../../H-x86_64-mingw32/nios2-elf/lib/mhw-mulx\libc.a(lib_a-puts.o)
                0x0000000000010fe8                puts
 .text          0x0000000000010ff8        0x0 c:/intelfpga_pro/18.1/nios2eds/bin/gnu/h-x86_64-mingw32/bin/../lib/gcc/nios2-elf/7.3.1/../../../../../H-x86_64-mingw32/nios2-elf/lib/mhw-mulx\libc.a(lib_a-rget.o)
 .text.__srget_r
                0x0000000000010ff8       0x74 c:/intelfpga_pro/18.1/nios2eds/bin/gnu/h-x86_64-mingw32/bin/../lib/gcc/nios2-elf/7.3.1/../../../../../H-x86_64-mingw32/nios2-elf/lib/mhw-mulx\libc.a(lib_a-rget.o)
                0x0000000000010ff8                __srget_r
 .text.__srget  0x000000000001106c       0x10 c:/intelfpga_pro/18.1/nios2eds/bin/gnu/h-x86_64-mingw32/bin/../lib/gcc/nios2-elf/7.3.1/../../../../../H-x86_64-mingw32/nios2-elf/lib/mhw-mulx\libc.a(lib_a-rget.o)
                0x000000000001106c                __srget
 .text          0x000000000001107c        0x0 c:/intelfpga_pro/18.1/nios2eds/bin/gnu/h-x86_64-mingw32/bin/../lib/gcc/nios2-elf/7.3.1/../../../../../H-x86_64-mingw32/nios2-elf/lib/mhw-mulx\libc.a(lib_a-sbrkr.o)
 .text._sbrk_r  0x000000000001107c       0x58 c:/intelfpga_pro/18.1/nios2eds/bin/gnu/h-x86_64-mingw32/bin/../lib/gcc/nios2-elf/7.3.1/../../../../../H-x86_64-mingw32/nios2-elf/lib/mhw-mulx\libc.a(lib_a-sbrkr.o)
                0x000000000001107c                _sbrk_r
 .text          0x00000000000110d4        0x0 c:/intelfpga_pro/18.1/nios2eds/bin/gnu/h-x86_64-mingw32/bin/../lib/gcc/nios2-elf/7.3.1/../../../../../H-x86_64-mingw32/nios2-elf/lib/mhw-mulx\libc.a(lib_a-sprintf.o)
 .text._sprintf_r
                0x00000000000110d4       0x54 c:/intelfpga_pro/18.1/nios2eds/bin/gnu/h-x86_64-mingw32/bin/../lib/gcc/nios2-elf/7.3.1/../../../../../H-x86_64-mingw32/nios2-elf/lib/mhw-mulx\libc.a(lib_a-sprintf.o)
                0x00000000000110d4                _sprintf_r
 .text.sprintf  0x0000000000011128       0x64 c:/intelfpga_pro/18.1/nios2eds/bin/gnu/h-x86_64-mingw32/bin/../lib/gcc/nios2-elf/7.3.1/../../../../../H-x86_64-mingw32/nios2-elf/lib/mhw-mulx\libc.a(lib_a-sprintf.o)
                0x0000000000011128                sprintf
 .text          0x000000000001118c        0x0 c:/intelfpga_pro/18.1/nios2eds/bin/gnu/h-x86_64-mingw32/bin/../lib/gcc/nios2-elf/7.3.1/../../../../../H-x86_64-mingw32/nios2-elf/lib/mhw-mulx\libc.a(lib_a-strcmp.o)
 .text.strcmp   0x000000000001118c       0xcc c:/intelfpga_pro/18.1/nios2eds/bin/gnu/h-x86_64-mingw32/bin/../lib/gcc/nios2-elf/7.3.1/../../../../../H-x86_64-mingw32/nios2-elf/lib/mhw-mulx\libc.a(lib_a-strcmp.o)
                0x000000000001118c                strcmp
 .text          0x0000000000011258        0x0 c:/intelfpga_pro/18.1/nios2eds/bin/gnu/h-x86_64-mingw32/bin/../lib/gcc/nios2-elf/7.3.1/../../../../../H-x86_64-mingw32/nios2-elf/lib/mhw-mulx\libc.a(lib_a-strcpy.o)
 .text.strcpy   0x0000000000011258       0x8c c:/intelfpga_pro/18.1/nios2eds/bin/gnu/h-x86_64-mingw32/bin/../lib/gcc/nios2-elf/7.3.1/../../../../../H-x86_64-mingw32/nios2-elf/lib/mhw-mulx\libc.a(lib_a-strcpy.o)
                0x0000000000011258                strcpy
 .text          0x00000000000112e4        0x0 c:/intelfpga_pro/18.1/nios2eds/bin/gnu/h-x86_64-mingw32/bin/../lib/gcc/nios2-elf/7.3.1/../../../../../H-x86_64-mingw32/nios2-elf/lib/mhw-mulx\libc.a(lib_a-strlen.o)
 .text.strlen   0x00000000000112e4       0x90 c:/intelfpga_pro/18.1/nios2eds/bin/gnu/h-x86_64-mingw32/bin/../lib/gcc/nios2-elf/7.3.1/../../../../../H-x86_64-mingw32/nios2-elf/lib/mhw-mulx\libc.a(lib_a-strlen.o)
                0x00000000000112e4                strlen
 .text          0x0000000000011374        0x0 c:/intelfpga_pro/18.1/nios2eds/bin/gnu/h-x86_64-mingw32/bin/../lib/gcc/nios2-elf/7.3.1/../../../../../H-x86_64-mingw32/nios2-elf/lib/mhw-mulx\libc.a(lib_a-svfprintf.o)
 .text.___svfprintf_internal_r
                0x0000000000011374     0x1fb4 c:/intelfpga_pro/18.1/nios2eds/bin/gnu/h-x86_64-mingw32/bin/../lib/gcc/nios2-elf/7.3.1/../../../../../H-x86_64-mingw32/nios2-elf/lib/mhw-mulx\libc.a(lib_a-svfprintf.o)
                0x0000000000011374                ___svfprintf_internal_r
 .text          0x0000000000013328        0x0 c:/intelfpga_pro/18.1/nios2eds/bin/gnu/h-x86_64-mingw32/bin/../lib/gcc/nios2-elf/7.3.1/../../../../../H-x86_64-mingw32/nios2-elf/lib/mhw-mulx\libc.a(lib_a-tzcalc_limits.o)
 .text.__tzcalc_limits
                0x0000000000013328      0x228 c:/intelfpga_pro/18.1/nios2eds/bin/gnu/h-x86_64-mingw32/bin/../lib/gcc/nios2-elf/7.3.1/../../../../../H-x86_64-mingw32/nios2-elf/lib/mhw-mulx\libc.a(lib_a-tzcalc_limits.o)
                0x0000000000013328                __tzcalc_limits
 .text          0x0000000000013550        0x0 c:/intelfpga_pro/18.1/nios2eds/bin/gnu/h-x86_64-mingw32/bin/../lib/gcc/nios2-elf/7.3.1/../../../../../H-x86_64-mingw32/nios2-elf/lib/mhw-mulx\libc.a(lib_a-tzlock.o)
 .text.__tz_lock
                0x0000000000013550        0x4 c:/intelfpga_pro/18.1/nios2eds/bin/gnu/h-x86_64-mingw32/bin/../lib/gcc/nios2-elf/7.3.1/../../../../../H-x86_64-mingw32/nios2-elf/lib/mhw-mulx\libc.a(lib_a-tzlock.o)
                0x0000000000013550                __tz_lock
 .text.__tz_unlock
                0x0000000000013554        0x4 c:/intelfpga_pro/18.1/nios2eds/bin/gnu/h-x86_64-mingw32/bin/../lib/gcc/nios2-elf/7.3.1/../../../../../H-x86_64-mingw32/nios2-elf/lib/mhw-mulx\libc.a(lib_a-tzlock.o)
                0x0000000000013554                __tz_unlock
 .text          0x0000000000013558        0x0 c:/intelfpga_pro/18.1/nios2eds/bin/gnu/h-x86_64-mingw32/bin/../lib/gcc/nios2-elf/7.3.1/../../../../../H-x86_64-mingw32/nios2-elf/lib/mhw-mulx\libc.a(lib_a-tzset.o)
 .text._tzset_unlocked
                0x0000000000013558        0xc c:/intelfpga_pro/18.1/nios2eds/bin/gnu/h-x86_64-mingw32/bin/../lib/gcc/nios2-elf/7.3.1/../../../../../H-x86_64-mingw32/nios2-elf/lib/mhw-mulx\libc.a(lib_a-tzset.o)
                0x0000000000013558                _tzset_unlocked
 .text.tzset    0x0000000000013564       0x24 c:/intelfpga_pro/18.1/nios2eds/bin/gnu/h-x86_64-mingw32/bin/../lib/gcc/nios2-elf/7.3.1/../../../../../H-x86_64-mingw32/nios2-elf/lib/mhw-mulx\libc.a(lib_a-tzset.o)
                0x0000000000013564                tzset
 .text          0x0000000000013588        0x0 c:/intelfpga_pro/18.1/nios2eds/bin/gnu/h-x86_64-mingw32/bin/../lib/gcc/nios2-elf/7.3.1/../../../../../H-x86_64-mingw32/nios2-elf/lib/mhw-mulx\libc.a(lib_a-tzset_r.o)
 .text._tzset_unlocked_r
                0x0000000000013588      0x4e8 c:/intelfpga_pro/18.1/nios2eds/bin/gnu/h-x86_64-mingw32/bin/../lib/gcc/nios2-elf/7.3.1/../../../../../H-x86_64-mingw32/nios2-elf/lib/mhw-mulx\libc.a(lib_a-tzset_r.o)
                0x0000000000013588                _tzset_unlocked_r
 .text._tzset_r
                0x0000000000013a70       0x24 c:/intelfpga_pro/18.1/nios2eds/bin/gnu/h-x86_64-mingw32/bin/../lib/gcc/nios2-elf/7.3.1/../../../../../H-x86_64-mingw32/nios2-elf/lib/mhw-mulx\libc.a(lib_a-tzset_r.o)
                0x0000000000013a70                _tzset_r
 .text          0x0000000000013a94        0x0 c:/intelfpga_pro/18.1/nios2eds/bin/gnu/h-x86_64-mingw32/bin/../lib/gcc/nios2-elf/7.3.1/../../../../../H-x86_64-mingw32/nios2-elf/lib/mhw-mulx\libc.a(lib_a-tzvars.o)
 .text          0x0000000000013a94        0x0 c:/intelfpga_pro/18.1/nios2eds/bin/gnu/h-x86_64-mingw32/bin/../lib/gcc/nios2-elf/7.3.1/../../../../../H-x86_64-mingw32/nios2-elf/lib/mhw-mulx\libc.a(lib_a-vfprintf.o)
 .text.___vfprintf_internal_r
                0x0000000000013a94     0x1fb4 c:/intelfpga_pro/18.1/nios2eds/bin/gnu/h-x86_64-mingw32/bin/../lib/gcc/nios2-elf/7.3.1/../../../../../H-x86_64-mingw32/nios2-elf/lib/mhw-mulx\libc.a(lib_a-vfprintf.o)
                0x0000000000013a94                ___vfprintf_internal_r
 .text.__vfprintf_internal
                0x0000000000015a48       0x18 c:/intelfpga_pro/18.1/nios2eds/bin/gnu/h-x86_64-mingw32/bin/../lib/gcc/nios2-elf/7.3.1/../../../../../H-x86_64-mingw32/nios2-elf/lib/mhw-mulx\libc.a(lib_a-vfprintf.o)
                0x0000000000015a48                __vfprintf_internal
 .text.__sbprintf
                0x0000000000015a60       0xc0 c:/intelfpga_pro/18.1/nios2eds/bin/gnu/h-x86_64-mingw32/bin/../lib/gcc/nios2-elf/7.3.1/../../../../../H-x86_64-mingw32/nios2-elf/lib/mhw-mulx\libc.a(lib_a-vfprintf.o)
 .text          0x0000000000015b20        0x0 c:/intelfpga_pro/18.1/nios2eds/bin/gnu/h-x86_64-mingw32/bin/../lib/gcc/nios2-elf/7.3.1/../../../../../H-x86_64-mingw32/nios2-elf/lib/mhw-mulx\libc.a(lib_a-wctomb_r.o)
 .text._wctomb_r
                0x0000000000015b20       0x20 c:/intelfpga_pro/18.1/nios2eds/bin/gnu/h-x86_64-mingw32/bin/../lib/gcc/nios2-elf/7.3.1/../../../../../H-x86_64-mingw32/nios2-elf/lib/mhw-mulx\libc.a(lib_a-wctomb_r.o)
                0x0000000000015b20                _wctomb_r
 .text.__ascii_wctomb
                0x0000000000015b40       0x30 c:/intelfpga_pro/18.1/nios2eds/bin/gnu/h-x86_64-mingw32/bin/../lib/gcc/nios2-elf/7.3.1/../../../../../H-x86_64-mingw32/nios2-elf/lib/mhw-mulx\libc.a(lib_a-wctomb_r.o)
                0x0000000000015b40                __ascii_wctomb
 .text          0x0000000000015b70        0x0 c:/intelfpga_pro/18.1/nios2eds/bin/gnu/h-x86_64-mingw32/bin/../lib/gcc/nios2-elf/7.3.1/../../../../../H-x86_64-mingw32/nios2-elf/lib/mhw-mulx\libc.a(lib_a-wsetup.o)
 .text.__swsetup_r
                0x0000000000015b70      0x158 c:/intelfpga_pro/18.1/nios2eds/bin/gnu/h-x86_64-mingw32/bin/../lib/gcc/nios2-elf/7.3.1/../../../../../H-x86_64-mingw32/nios2-elf/lib/mhw-mulx\libc.a(lib_a-wsetup.o)
                0x0000000000015b70                __swsetup_r
 .text          0x0000000000015cc8        0x0 c:/intelfpga_pro/18.1/nios2eds/bin/gnu/h-x86_64-mingw32/bin/../lib/gcc/nios2-elf/7.3.1/../../../../../H-x86_64-mingw32/nios2-elf/lib/mhw-mulx\libc.a(lib_a-ctype_.o)
 .text          0x0000000000015cc8        0x0 c:/intelfpga_pro/18.1/nios2eds/bin/gnu/h-x86_64-mingw32/bin/../lib/gcc/nios2-elf/7.3.1/../../../../../H-x86_64-mingw32/nios2-elf/lib/mhw-mulx\libc.a(lib_a-div.o)
 .text.div      0x0000000000015cc8       0x74 c:/intelfpga_pro/18.1/nios2eds/bin/gnu/h-x86_64-mingw32/bin/../lib/gcc/nios2-elf/7.3.1/../../../../../H-x86_64-mingw32/nios2-elf/lib/mhw-mulx\libc.a(lib_a-div.o)
                0x0000000000015cc8                div
 .text          0x0000000000015d3c        0x0 c:/intelfpga_pro/18.1/nios2eds/bin/gnu/h-x86_64-mingw32/bin/../lib/gcc/nios2-elf/7.3.1/../../../../../H-x86_64-mingw32/nios2-elf/lib/mhw-mulx\libc.a(lib_a-dtoa.o)
 .text.quorem   0x0000000000015d3c      0x1f8 c:/intelfpga_pro/18.1/nios2eds/bin/gnu/h-x86_64-mingw32/bin/../lib/gcc/nios2-elf/7.3.1/../../../../../H-x86_64-mingw32/nios2-elf/lib/mhw-mulx\libc.a(lib_a-dtoa.o)
 .text._dtoa_r  0x0000000000015f34     0x16a8 c:/intelfpga_pro/18.1/nios2eds/bin/gnu/h-x86_64-mingw32/bin/../lib/gcc/nios2-elf/7.3.1/../../../../../H-x86_64-mingw32/nios2-elf/lib/mhw-mulx\libc.a(lib_a-dtoa.o)
                0x0000000000015f34                _dtoa_r
 .text          0x00000000000175dc        0x0 c:/intelfpga_pro/18.1/nios2eds/bin/gnu/h-x86_64-mingw32/bin/../lib/gcc/nios2-elf/7.3.1/../../../../../H-x86_64-mingw32/nios2-elf/lib/mhw-mulx\libc.a(lib_a-fflush.o)
 .text.__sflush_r
                0x00000000000175dc      0x220 c:/intelfpga_pro/18.1/nios2eds/bin/gnu/h-x86_64-mingw32/bin/../lib/gcc/nios2-elf/7.3.1/../../../../../H-x86_64-mingw32/nios2-elf/lib/mhw-mulx\libc.a(lib_a-fflush.o)
                0x00000000000175dc                __sflush_r
 .text._fflush_r
                0x00000000000177fc       0x60 c:/intelfpga_pro/18.1/nios2eds/bin/gnu/h-x86_64-mingw32/bin/../lib/gcc/nios2-elf/7.3.1/../../../../../H-x86_64-mingw32/nios2-elf/lib/mhw-mulx\libc.a(lib_a-fflush.o)
                0x00000000000177fc                _fflush_r
 .text.fflush   0x000000000001785c       0x28 c:/intelfpga_pro/18.1/nios2eds/bin/gnu/h-x86_64-mingw32/bin/../lib/gcc/nios2-elf/7.3.1/../../../../../H-x86_64-mingw32/nios2-elf/lib/mhw-mulx\libc.a(lib_a-fflush.o)
                0x000000000001785c                fflush
 .text          0x0000000000017884        0x0 c:/intelfpga_pro/18.1/nios2eds/bin/gnu/h-x86_64-mingw32/bin/../lib/gcc/nios2-elf/7.3.1/../../../../../H-x86_64-mingw32/nios2-elf/lib/mhw-mulx\libc.a(lib_a-findfp.o)
 .text.__fp_lock
                0x0000000000017884        0x8 c:/intelfpga_pro/18.1/nios2eds/bin/gnu/h-x86_64-mingw32/bin/../lib/gcc/nios2-elf/7.3.1/../../../../../H-x86_64-mingw32/nios2-elf/lib/mhw-mulx\libc.a(lib_a-findfp.o)
 .text._cleanup_r
                0x000000000001788c        0xc c:/intelfpga_pro/18.1/nios2eds/bin/gnu/h-x86_64-mingw32/bin/../lib/gcc/nios2-elf/7.3.1/../../../../../H-x86_64-mingw32/nios2-elf/lib/mhw-mulx\libc.a(lib_a-findfp.o)
                0x000000000001788c                _cleanup_r
 .text.__sinit.part.0
                0x0000000000017898      0x184 c:/intelfpga_pro/18.1/nios2eds/bin/gnu/h-x86_64-mingw32/bin/../lib/gcc/nios2-elf/7.3.1/../../../../../H-x86_64-mingw32/nios2-elf/lib/mhw-mulx\libc.a(lib_a-findfp.o)
 .text.__fp_unlock
                0x0000000000017a1c        0x8 c:/intelfpga_pro/18.1/nios2eds/bin/gnu/h-x86_64-mingw32/bin/../lib/gcc/nios2-elf/7.3.1/../../../../../H-x86_64-mingw32/nios2-elf/lib/mhw-mulx\libc.a(lib_a-findfp.o)
 .text.__sfmoreglue
                0x0000000000017a24       0x68 c:/intelfpga_pro/18.1/nios2eds/bin/gnu/h-x86_64-mingw32/bin/../lib/gcc/nios2-elf/7.3.1/../../../../../H-x86_64-mingw32/nios2-elf/lib/mhw-mulx\libc.a(lib_a-findfp.o)
                0x0000000000017a24                __sfmoreglue
 .text.__sfp    0x0000000000017a8c       0xfc c:/intelfpga_pro/18.1/nios2eds/bin/gnu/h-x86_64-mingw32/bin/../lib/gcc/nios2-elf/7.3.1/../../../../../H-x86_64-mingw32/nios2-elf/lib/mhw-mulx\libc.a(lib_a-findfp.o)
                0x0000000000017a8c                __sfp
 .text._cleanup
                0x0000000000017b88       0x14 c:/intelfpga_pro/18.1/nios2eds/bin/gnu/h-x86_64-mingw32/bin/../lib/gcc/nios2-elf/7.3.1/../../../../../H-x86_64-mingw32/nios2-elf/lib/mhw-mulx\libc.a(lib_a-findfp.o)
                0x0000000000017b88                _cleanup
 .text.__sinit  0x0000000000017b9c       0x10 c:/intelfpga_pro/18.1/nios2eds/bin/gnu/h-x86_64-mingw32/bin/../lib/gcc/nios2-elf/7.3.1/../../../../../H-x86_64-mingw32/nios2-elf/lib/mhw-mulx\libc.a(lib_a-findfp.o)
                0x0000000000017b9c                __sinit
 .text.__sfp_lock_acquire
                0x0000000000017bac        0x4 c:/intelfpga_pro/18.1/nios2eds/bin/gnu/h-x86_64-mingw32/bin/../lib/gcc/nios2-elf/7.3.1/../../../../../H-x86_64-mingw32/nios2-elf/lib/mhw-mulx\libc.a(lib_a-findfp.o)
                0x0000000000017bac                __sfp_lock_acquire
 .text.__sfp_lock_release
                0x0000000000017bb0        0x4 c:/intelfpga_pro/18.1/nios2eds/bin/gnu/h-x86_64-mingw32/bin/../lib/gcc/nios2-elf/7.3.1/../../../../../H-x86_64-mingw32/nios2-elf/lib/mhw-mulx\libc.a(lib_a-findfp.o)
                0x0000000000017bb0                __sfp_lock_release
 .text.__sinit_lock_acquire
                0x0000000000017bb4        0x4 c:/intelfpga_pro/18.1/nios2eds/bin/gnu/h-x86_64-mingw32/bin/../lib/gcc/nios2-elf/7.3.1/../../../../../H-x86_64-mingw32/nios2-elf/lib/mhw-mulx\libc.a(lib_a-findfp.o)
                0x0000000000017bb4                __sinit_lock_acquire
 .text.__sinit_lock_release
                0x0000000000017bb8        0x4 c:/intelfpga_pro/18.1/nios2eds/bin/gnu/h-x86_64-mingw32/bin/../lib/gcc/nios2-elf/7.3.1/../../../../../H-x86_64-mingw32/nios2-elf/lib/mhw-mulx\libc.a(lib_a-findfp.o)
                0x0000000000017bb8                __sinit_lock_release
 .text.__fp_lock_all
                0x0000000000017bbc       0x14 c:/intelfpga_pro/18.1/nios2eds/bin/gnu/h-x86_64-mingw32/bin/../lib/gcc/nios2-elf/7.3.1/../../../../../H-x86_64-mingw32/nios2-elf/lib/mhw-mulx\libc.a(lib_a-findfp.o)
                0x0000000000017bbc                __fp_lock_all
 .text.__fp_unlock_all
                0x0000000000017bd0       0x14 c:/intelfpga_pro/18.1/nios2eds/bin/gnu/h-x86_64-mingw32/bin/../lib/gcc/nios2-elf/7.3.1/../../../../../H-x86_64-mingw32/nios2-elf/lib/mhw-mulx\libc.a(lib_a-findfp.o)
                0x0000000000017bd0                __fp_unlock_all
 .text          0x0000000000017be4        0x0 c:/intelfpga_pro/18.1/nios2eds/bin/gnu/h-x86_64-mingw32/bin/../lib/gcc/nios2-elf/7.3.1/../../../../../H-x86_64-mingw32/nios2-elf/lib/mhw-mulx\libc.a(lib_a-freer.o)
 .text._malloc_trim_r
                0x0000000000017be4      0x11c c:/intelfpga_pro/18.1/nios2eds/bin/gnu/h-x86_64-mingw32/bin/../lib/gcc/nios2-elf/7.3.1/../../../../../H-x86_64-mingw32/nios2-elf/lib/mhw-mulx\libc.a(lib_a-freer.o)
                0x0000000000017be4                _malloc_trim_r
 .text._free_r  0x0000000000017d00      0x2f0 c:/intelfpga_pro/18.1/nios2eds/bin/gnu/h-x86_64-mingw32/bin/../lib/gcc/nios2-elf/7.3.1/../../../../../H-x86_64-mingw32/nios2-elf/lib/mhw-mulx\libc.a(lib_a-freer.o)
                0x0000000000017d00                _free_r
 .text          0x0000000000017ff0        0x0 c:/intelfpga_pro/18.1/nios2eds/bin/gnu/h-x86_64-mingw32/bin/../lib/gcc/nios2-elf/7.3.1/../../../../../H-x86_64-mingw32/nios2-elf/lib/mhw-mulx\libc.a(lib_a-fvwrite.o)
 .text.__sfvwrite_r
                0x0000000000017ff0      0x4a0 c:/intelfpga_pro/18.1/nios2eds/bin/gnu/h-x86_64-mingw32/bin/../lib/gcc/nios2-elf/7.3.1/../../../../../H-x86_64-mingw32/nios2-elf/lib/mhw-mulx\libc.a(lib_a-fvwrite.o)
                0x0000000000017ff0                __sfvwrite_r
 .text          0x0000000000018490        0x0 c:/intelfpga_pro/18.1/nios2eds/bin/gnu/h-x86_64-mingw32/bin/../lib/gcc/nios2-elf/7.3.1/../../../../../H-x86_64-mingw32/nios2-elf/lib/mhw-mulx\libc.a(lib_a-fwalk.o)
 .text._fwalk   0x0000000000018490       0xa4 c:/intelfpga_pro/18.1/nios2eds/bin/gnu/h-x86_64-mingw32/bin/../lib/gcc/nios2-elf/7.3.1/../../../../../H-x86_64-mingw32/nios2-elf/lib/mhw-mulx\libc.a(lib_a-fwalk.o)
                0x0000000000018490                _fwalk
 .text._fwalk_reent
                0x0000000000018534       0xb4 c:/intelfpga_pro/18.1/nios2eds/bin/gnu/h-x86_64-mingw32/bin/../lib/gcc/nios2-elf/7.3.1/../../../../../H-x86_64-mingw32/nios2-elf/lib/mhw-mulx\libc.a(lib_a-fwalk.o)
                0x0000000000018534                _fwalk_reent
 .text          0x00000000000185e8        0x0 c:/intelfpga_pro/18.1/nios2eds/bin/gnu/h-x86_64-mingw32/bin/../lib/gcc/nios2-elf/7.3.1/../../../../../H-x86_64-mingw32/nios2-elf/lib/mhw-mulx\libc.a(lib_a-getenv_r.o)
 .text._findenv_r
                0x00000000000185e8      0x100 c:/intelfpga_pro/18.1/nios2eds/bin/gnu/h-x86_64-mingw32/bin/../lib/gcc/nios2-elf/7.3.1/../../../../../H-x86_64-mingw32/nios2-elf/lib/mhw-mulx\libc.a(lib_a-getenv_r.o)
                0x00000000000185e8                _findenv_r
 .text._getenv_r
                0x00000000000186e8       0x1c c:/intelfpga_pro/18.1/nios2eds/bin/gnu/h-x86_64-mingw32/bin/../lib/gcc/nios2-elf/7.3.1/../../../../../H-x86_64-mingw32/nios2-elf/lib/mhw-mulx\libc.a(lib_a-getenv_r.o)
                0x00000000000186e8                _getenv_r
 .text          0x0000000000018704        0x0 c:/intelfpga_pro/18.1/nios2eds/bin/gnu/h-x86_64-mingw32/bin/../lib/gcc/nios2-elf/7.3.1/../../../../../H-x86_64-mingw32/nios2-elf/lib/mhw-mulx\libc.a(lib_a-gettzinfo.o)
 .text.__gettzinfo
                0x0000000000018704        0xc c:/intelfpga_pro/18.1/nios2eds/bin/gnu/h-x86_64-mingw32/bin/../lib/gcc/nios2-elf/7.3.1/../../../../../H-x86_64-mingw32/nios2-elf/lib/mhw-mulx\libc.a(lib_a-gettzinfo.o)
                0x0000000000018704                __gettzinfo
 .text          0x0000000000018710        0x0 c:/intelfpga_pro/18.1/nios2eds/bin/gnu/h-x86_64-mingw32/bin/../lib/gcc/nios2-elf/7.3.1/../../../../../H-x86_64-mingw32/nios2-elf/lib/mhw-mulx\libc.a(lib_a-int_errno.o)
 .text          0x0000000000018710        0x0 c:/intelfpga_pro/18.1/nios2eds/bin/gnu/h-x86_64-mingw32/bin/../lib/gcc/nios2-elf/7.3.1/../../../../../H-x86_64-mingw32/nios2-elf/lib/mhw-mulx\libc.a(lib_a-localeconv.o)
 .text.__localeconv_l
                0x0000000000018710        0x8 c:/intelfpga_pro/18.1/nios2eds/bin/gnu/h-x86_64-mingw32/bin/../lib/gcc/nios2-elf/7.3.1/../../../../../H-x86_64-mingw32/nios2-elf/lib/mhw-mulx\libc.a(lib_a-localeconv.o)
                0x0000000000018710                __localeconv_l
 .text._localeconv_r
                0x0000000000018718       0x20 c:/intelfpga_pro/18.1/nios2eds/bin/gnu/h-x86_64-mingw32/bin/../lib/gcc/nios2-elf/7.3.1/../../../../../H-x86_64-mingw32/nios2-elf/lib/mhw-mulx\libc.a(lib_a-localeconv.o)
                0x0000000000018718                _localeconv_r
 .text.localeconv
                0x0000000000018738       0x20 c:/intelfpga_pro/18.1/nios2eds/bin/gnu/h-x86_64-mingw32/bin/../lib/gcc/nios2-elf/7.3.1/../../../../../H-x86_64-mingw32/nios2-elf/lib/mhw-mulx\libc.a(lib_a-localeconv.o)
                0x0000000000018738                localeconv
 .text          0x0000000000018758        0x0 c:/intelfpga_pro/18.1/nios2eds/bin/gnu/h-x86_64-mingw32/bin/../lib/gcc/nios2-elf/7.3.1/../../../../../H-x86_64-mingw32/nios2-elf/lib/mhw-mulx\libc.a(lib_a-makebuf.o)
 .text.__swhatbuf_r
                0x0000000000018758       0x94 c:/intelfpga_pro/18.1/nios2eds/bin/gnu/h-x86_64-mingw32/bin/../lib/gcc/nios2-elf/7.3.1/../../../../../H-x86_64-mingw32/nios2-elf/lib/mhw-mulx\libc.a(lib_a-makebuf.o)
                0x0000000000018758                __swhatbuf_r
 .text.__smakebuf_r
                0x00000000000187ec      0x13c c:/intelfpga_pro/18.1/nios2eds/bin/gnu/h-x86_64-mingw32/bin/../lib/gcc/nios2-elf/7.3.1/../../../../../H-x86_64-mingw32/nios2-elf/lib/mhw-mulx\libc.a(lib_a-makebuf.o)
                0x00000000000187ec                __smakebuf_r
 .text          0x0000000000018928        0x0 c:/intelfpga_pro/18.1/nios2eds/bin/gnu/h-x86_64-mingw32/bin/../lib/gcc/nios2-elf/7.3.1/../../../../../H-x86_64-mingw32/nios2-elf/lib/mhw-mulx\libc.a(lib_a-memchr.o)
 .text.memchr   0x0000000000018928       0xe8 c:/intelfpga_pro/18.1/nios2eds/bin/gnu/h-x86_64-mingw32/bin/../lib/gcc/nios2-elf/7.3.1/../../../../../H-x86_64-mingw32/nios2-elf/lib/mhw-mulx\libc.a(lib_a-memchr.o)
                0x0000000000018928                memchr
 .text          0x0000000000018a10        0x0 c:/intelfpga_pro/18.1/nios2eds/bin/gnu/h-x86_64-mingw32/bin/../lib/gcc/nios2-elf/7.3.1/../../../../../H-x86_64-mingw32/nios2-elf/lib/mhw-mulx\libc.a(lib_a-memmove.o)
 .text.memmove  0x0000000000018a10      0x11c c:/intelfpga_pro/18.1/nios2eds/bin/gnu/h-x86_64-mingw32/bin/../lib/gcc/nios2-elf/7.3.1/../../../../../H-x86_64-mingw32/nios2-elf/lib/mhw-mulx\libc.a(lib_a-memmove.o)
                0x0000000000018a10                memmove
 .text          0x0000000000018b2c        0x0 c:/intelfpga_pro/18.1/nios2eds/bin/gnu/h-x86_64-mingw32/bin/../lib/gcc/nios2-elf/7.3.1/../../../../../H-x86_64-mingw32/nios2-elf/lib/mhw-mulx\libc.a(lib_a-month_lengths.o)
 .text          0x0000000000018b2c        0x0 c:/intelfpga_pro/18.1/nios2eds/bin/gnu/h-x86_64-mingw32/bin/../lib/gcc/nios2-elf/7.3.1/../../../../../H-x86_64-mingw32/nios2-elf/lib/mhw-mulx\libc.a(lib_a-mprec.o)
 .text._Balloc  0x0000000000018b2c       0xa4 c:/intelfpga_pro/18.1/nios2eds/bin/gnu/h-x86_64-mingw32/bin/../lib/gcc/nios2-elf/7.3.1/../../../../../H-x86_64-mingw32/nios2-elf/lib/mhw-mulx\libc.a(lib_a-mprec.o)
                0x0000000000018b2c                _Balloc
 .text._Bfree   0x0000000000018bd0       0x24 c:/intelfpga_pro/18.1/nios2eds/bin/gnu/h-x86_64-mingw32/bin/../lib/gcc/nios2-elf/7.3.1/../../../../../H-x86_64-mingw32/nios2-elf/lib/mhw-mulx\libc.a(lib_a-mprec.o)
                0x0000000000018bd0                _Bfree
 .text.__multadd
                0x0000000000018bf4      0x114 c:/intelfpga_pro/18.1/nios2eds/bin/gnu/h-x86_64-mingw32/bin/../lib/gcc/nios2-elf/7.3.1/../../../../../H-x86_64-mingw32/nios2-elf/lib/mhw-mulx\libc.a(lib_a-mprec.o)
                0x0000000000018bf4                __multadd
 .text.__s2b    0x0000000000018d08      0x110 c:/intelfpga_pro/18.1/nios2eds/bin/gnu/h-x86_64-mingw32/bin/../lib/gcc/nios2-elf/7.3.1/../../../../../H-x86_64-mingw32/nios2-elf/lib/mhw-mulx\libc.a(lib_a-mprec.o)
                0x0000000000018d08                __s2b
 .text.__hi0bits
                0x0000000000018e18       0x64 c:/intelfpga_pro/18.1/nios2eds/bin/gnu/h-x86_64-mingw32/bin/../lib/gcc/nios2-elf/7.3.1/../../../../../H-x86_64-mingw32/nios2-elf/lib/mhw-mulx\libc.a(lib_a-mprec.o)
                0x0000000000018e18                __hi0bits
 .text.__lo0bits
                0x0000000000018e7c       0xb0 c:/intelfpga_pro/18.1/nios2eds/bin/gnu/h-x86_64-mingw32/bin/../lib/gcc/nios2-elf/7.3.1/../../../../../H-x86_64-mingw32/nios2-elf/lib/mhw-mulx\libc.a(lib_a-mprec.o)
                0x0000000000018e7c                __lo0bits
 .text.__i2b    0x0000000000018f2c       0x34 c:/intelfpga_pro/18.1/nios2eds/bin/gnu/h-x86_64-mingw32/bin/../lib/gcc/nios2-elf/7.3.1/../../../../../H-x86_64-mingw32/nios2-elf/lib/mhw-mulx\libc.a(lib_a-mprec.o)
                0x0000000000018f2c                __i2b
 .text.__multiply
                0x0000000000018f60      0x1fc c:/intelfpga_pro/18.1/nios2eds/bin/gnu/h-x86_64-mingw32/bin/../lib/gcc/nios2-elf/7.3.1/../../../../../H-x86_64-mingw32/nios2-elf/lib/mhw-mulx\libc.a(lib_a-mprec.o)
                0x0000000000018f60                __multiply
 .text.__pow5mult
                0x000000000001915c      0x124 c:/intelfpga_pro/18.1/nios2eds/bin/gnu/h-x86_64-mingw32/bin/../lib/gcc/nios2-elf/7.3.1/../../../../../H-x86_64-mingw32/nios2-elf/lib/mhw-mulx\libc.a(lib_a-mprec.o)
                0x000000000001915c                __pow5mult
 .text.__lshift
                0x0000000000019280      0x144 c:/intelfpga_pro/18.1/nios2eds/bin/gnu/h-x86_64-mingw32/bin/../lib/gcc/nios2-elf/7.3.1/../../../../../H-x86_64-mingw32/nios2-elf/lib/mhw-mulx\libc.a(lib_a-mprec.o)
                0x0000000000019280                __lshift
 .text.__mcmp   0x00000000000193c4       0x58 c:/intelfpga_pro/18.1/nios2eds/bin/gnu/h-x86_64-mingw32/bin/../lib/gcc/nios2-elf/7.3.1/../../../../../H-x86_64-mingw32/nios2-elf/lib/mhw-mulx\libc.a(lib_a-mprec.o)
                0x00000000000193c4                __mcmp
 .text.__mdiff  0x000000000001941c      0x1c0 c:/intelfpga_pro/18.1/nios2eds/bin/gnu/h-x86_64-mingw32/bin/../lib/gcc/nios2-elf/7.3.1/../../../../../H-x86_64-mingw32/nios2-elf/lib/mhw-mulx\libc.a(lib_a-mprec.o)
                0x000000000001941c                __mdiff
 .text.__ulp    0x00000000000195dc       0x64 c:/intelfpga_pro/18.1/nios2eds/bin/gnu/h-x86_64-mingw32/bin/../lib/gcc/nios2-elf/7.3.1/../../../../../H-x86_64-mingw32/nios2-elf/lib/mhw-mulx\libc.a(lib_a-mprec.o)
                0x00000000000195dc                __ulp
 .text.__b2d    0x0000000000019640      0x104 c:/intelfpga_pro/18.1/nios2eds/bin/gnu/h-x86_64-mingw32/bin/../lib/gcc/nios2-elf/7.3.1/../../../../../H-x86_64-mingw32/nios2-elf/lib/mhw-mulx\libc.a(lib_a-mprec.o)
                0x0000000000019640                __b2d
 .text.__d2b    0x0000000000019744      0x148 c:/intelfpga_pro/18.1/nios2eds/bin/gnu/h-x86_64-mingw32/bin/../lib/gcc/nios2-elf/7.3.1/../../../../../H-x86_64-mingw32/nios2-elf/lib/mhw-mulx\libc.a(lib_a-mprec.o)
                0x0000000000019744                __d2b
 .text.__ratio  0x000000000001988c       0xa8 c:/intelfpga_pro/18.1/nios2eds/bin/gnu/h-x86_64-mingw32/bin/../lib/gcc/nios2-elf/7.3.1/../../../../../H-x86_64-mingw32/nios2-elf/lib/mhw-mulx\libc.a(lib_a-mprec.o)
                0x000000000001988c                __ratio
 .text._mprec_log10
                0x0000000000019934       0x74 c:/intelfpga_pro/18.1/nios2eds/bin/gnu/h-x86_64-mingw32/bin/../lib/gcc/nios2-elf/7.3.1/../../../../../H-x86_64-mingw32/nios2-elf/lib/mhw-mulx\libc.a(lib_a-mprec.o)
                0x0000000000019934                _mprec_log10
 .text.__copybits
                0x00000000000199a8       0x6c c:/intelfpga_pro/18.1/nios2eds/bin/gnu/h-x86_64-mingw32/bin/../lib/gcc/nios2-elf/7.3.1/../../../../../H-x86_64-mingw32/nios2-elf/lib/mhw-mulx\libc.a(lib_a-mprec.o)
                0x00000000000199a8                __copybits
 .text.__any_on
                0x0000000000019a14       0x74 c:/intelfpga_pro/18.1/nios2eds/bin/gnu/h-x86_64-mingw32/bin/../lib/gcc/nios2-elf/7.3.1/../../../../../H-x86_64-mingw32/nios2-elf/lib/mhw-mulx\libc.a(lib_a-mprec.o)
                0x0000000000019a14                __any_on
 .text          0x0000000000019a88        0x0 c:/intelfpga_pro/18.1/nios2eds/bin/gnu/h-x86_64-mingw32/bin/../lib/gcc/nios2-elf/7.3.1/../../../../../H-x86_64-mingw32/nios2-elf/lib/mhw-mulx\libc.a(lib_a-putc.o)
 .text._putc_r  0x0000000000019a88       0xcc c:/intelfpga_pro/18.1/nios2eds/bin/gnu/h-x86_64-mingw32/bin/../lib/gcc/nios2-elf/7.3.1/../../../../../H-x86_64-mingw32/nios2-elf/lib/mhw-mulx\libc.a(lib_a-putc.o)
                0x0000000000019a88                _putc_r
 .text.putc     0x0000000000019b54       0xe0 c:/intelfpga_pro/18.1/nios2eds/bin/gnu/h-x86_64-mingw32/bin/../lib/gcc/nios2-elf/7.3.1/../../../../../H-x86_64-mingw32/nios2-elf/lib/mhw-mulx\libc.a(lib_a-putc.o)
                0x0000000000019b54                putc
 .text          0x0000000000019c34        0x0 c:/intelfpga_pro/18.1/nios2eds/bin/gnu/h-x86_64-mingw32/bin/../lib/gcc/nios2-elf/7.3.1/../../../../../H-x86_64-mingw32/nios2-elf/lib/mhw-mulx\libc.a(lib_a-reallocr.o)
 .text._realloc_r
                0x0000000000019c34      0x578 c:/intelfpga_pro/18.1/nios2eds/bin/gnu/h-x86_64-mingw32/bin/../lib/gcc/nios2-elf/7.3.1/../../../../../H-x86_64-mingw32/nios2-elf/lib/mhw-mulx\libc.a(lib_a-reallocr.o)
                0x0000000000019c34                _realloc_r
 .text          0x000000000001a1ac        0x0 c:/intelfpga_pro/18.1/nios2eds/bin/gnu/h-x86_64-mingw32/bin/../lib/gcc/nios2-elf/7.3.1/../../../../../H-x86_64-mingw32/nios2-elf/lib/mhw-mulx\libc.a(lib_a-refill.o)
 .text.lflush   0x000000000001a1ac       0x1c c:/intelfpga_pro/18.1/nios2eds/bin/gnu/h-x86_64-mingw32/bin/../lib/gcc/nios2-elf/7.3.1/../../../../../H-x86_64-mingw32/nios2-elf/lib/mhw-mulx\libc.a(lib_a-refill.o)
 .text.__srefill_r
                0x000000000001a1c8      0x1c8 c:/intelfpga_pro/18.1/nios2eds/bin/gnu/h-x86_64-mingw32/bin/../lib/gcc/nios2-elf/7.3.1/../../../../../H-x86_64-mingw32/nios2-elf/lib/mhw-mulx\libc.a(lib_a-refill.o)
                0x000000000001a1c8                __srefill_r
 .text          0x000000000001a390        0x0 c:/intelfpga_pro/18.1/nios2eds/bin/gnu/h-x86_64-mingw32/bin/../lib/gcc/nios2-elf/7.3.1/../../../../../H-x86_64-mingw32/nios2-elf/lib/mhw-mulx\libc.a(lib_a-siscanf.o)
 .text.siscanf  0x000000000001a390       0x78 c:/intelfpga_pro/18.1/nios2eds/bin/gnu/h-x86_64-mingw32/bin/../lib/gcc/nios2-elf/7.3.1/../../../../../H-x86_64-mingw32/nios2-elf/lib/mhw-mulx\libc.a(lib_a-siscanf.o)
                0x000000000001a390                siscanf
 .text._siscanf_r
                0x000000000001a408       0x78 c:/intelfpga_pro/18.1/nios2eds/bin/gnu/h-x86_64-mingw32/bin/../lib/gcc/nios2-elf/7.3.1/../../../../../H-x86_64-mingw32/nios2-elf/lib/mhw-mulx\libc.a(lib_a-siscanf.o)
                0x000000000001a408                _siscanf_r
 .text          0x000000000001a480        0x0 c:/intelfpga_pro/18.1/nios2eds/bin/gnu/h-x86_64-mingw32/bin/../lib/gcc/nios2-elf/7.3.1/../../../../../H-x86_64-mingw32/nios2-elf/lib/mhw-mulx\libc.a(lib_a-stdio.o)
 .text.__sread  0x000000000001a480       0x54 c:/intelfpga_pro/18.1/nios2eds/bin/gnu/h-x86_64-mingw32/bin/../lib/gcc/nios2-elf/7.3.1/../../../../../H-x86_64-mingw32/nios2-elf/lib/mhw-mulx\libc.a(lib_a-stdio.o)
                0x000000000001a480                __sread
 .text.__seofread
                0x000000000001a4d4        0x8 c:/intelfpga_pro/18.1/nios2eds/bin/gnu/h-x86_64-mingw32/bin/../lib/gcc/nios2-elf/7.3.1/../../../../../H-x86_64-mingw32/nios2-elf/lib/mhw-mulx\libc.a(lib_a-stdio.o)
                0x000000000001a4d4                __seofread
 .text.__swrite
                0x000000000001a4dc       0x7c c:/intelfpga_pro/18.1/nios2eds/bin/gnu/h-x86_64-mingw32/bin/../lib/gcc/nios2-elf/7.3.1/../../../../../H-x86_64-mingw32/nios2-elf/lib/mhw-mulx\libc.a(lib_a-stdio.o)
                0x000000000001a4dc                __swrite
 .text.__sseek  0x000000000001a558       0x5c c:/intelfpga_pro/18.1/nios2eds/bin/gnu/h-x86_64-mingw32/bin/../lib/gcc/nios2-elf/7.3.1/../../../../../H-x86_64-mingw32/nios2-elf/lib/mhw-mulx\libc.a(lib_a-stdio.o)
                0x000000000001a558                __sseek
 .text.__sclose
                0x000000000001a5b4        0x8 c:/intelfpga_pro/18.1/nios2eds/bin/gnu/h-x86_64-mingw32/bin/../lib/gcc/nios2-elf/7.3.1/../../../../../H-x86_64-mingw32/nios2-elf/lib/mhw-mulx\libc.a(lib_a-stdio.o)
                0x000000000001a5b4                __sclose
 .text          0x000000000001a5bc        0x0 c:/intelfpga_pro/18.1/nios2eds/bin/gnu/h-x86_64-mingw32/bin/../lib/gcc/nios2-elf/7.3.1/../../../../../H-x86_64-mingw32/nios2-elf/lib/mhw-mulx\libc.a(lib_a-strncmp.o)
 .text.strncmp  0x000000000001a5bc       0xc4 c:/intelfpga_pro/18.1/nios2eds/bin/gnu/h-x86_64-mingw32/bin/../lib/gcc/nios2-elf/7.3.1/../../../../../H-x86_64-mingw32/nios2-elf/lib/mhw-mulx\libc.a(lib_a-strncmp.o)
                0x000000000001a5bc                strncmp
 .text          0x000000000001a680        0x0 c:/intelfpga_pro/18.1/nios2eds/bin/gnu/h-x86_64-mingw32/bin/../lib/gcc/nios2-elf/7.3.1/../../../../../H-x86_64-mingw32/nios2-elf/lib/mhw-mulx\libc.a(lib_a-strtoul.o)
 .text._strtoul_l.isra.0
                0x000000000001a680      0x254 c:/intelfpga_pro/18.1/nios2eds/bin/gnu/h-x86_64-mingw32/bin/../lib/gcc/nios2-elf/7.3.1/../../../../../H-x86_64-mingw32/nios2-elf/lib/mhw-mulx\libc.a(lib_a-strtoul.o)
 .text._strtoul_r
                0x000000000001a8d4       0x34 c:/intelfpga_pro/18.1/nios2eds/bin/gnu/h-x86_64-mingw32/bin/../lib/gcc/nios2-elf/7.3.1/../../../../../H-x86_64-mingw32/nios2-elf/lib/mhw-mulx\libc.a(lib_a-strtoul.o)
                0x000000000001a8d4                _strtoul_r
 .text.strtoul_l
                0x000000000001a908       0x30 c:/intelfpga_pro/18.1/nios2eds/bin/gnu/h-x86_64-mingw32/bin/../lib/gcc/nios2-elf/7.3.1/../../../../../H-x86_64-mingw32/nios2-elf/lib/mhw-mulx\libc.a(lib_a-strtoul.o)
                0x000000000001a908                strtoul_l
 .text.strtoul  0x000000000001a938       0x44 c:/intelfpga_pro/18.1/nios2eds/bin/gnu/h-x86_64-mingw32/bin/../lib/gcc/nios2-elf/7.3.1/../../../../../H-x86_64-mingw32/nios2-elf/lib/mhw-mulx\libc.a(lib_a-strtoul.o)
                0x000000000001a938                strtoul
 .text          0x000000000001a97c        0x0 c:/intelfpga_pro/18.1/nios2eds/bin/gnu/h-x86_64-mingw32/bin/../lib/gcc/nios2-elf/7.3.1/../../../../../H-x86_64-mingw32/nios2-elf/lib/mhw-mulx\libc.a(lib_a-svfiprintf.o)
 .text.__ssprint_r
                0x000000000001a97c      0x1c0 c:/intelfpga_pro/18.1/nios2eds/bin/gnu/h-x86_64-mingw32/bin/../lib/gcc/nios2-elf/7.3.1/../../../../../H-x86_64-mingw32/nios2-elf/lib/mhw-mulx\libc.a(lib_a-svfiprintf.o)
                0x000000000001a97c                __ssprint_r
 .text.___svfiprintf_internal_r
                0x000000000001ab3c     0x1024 c:/intelfpga_pro/18.1/nios2eds/bin/gnu/h-x86_64-mingw32/bin/../lib/gcc/nios2-elf/7.3.1/../../../../../H-x86_64-mingw32/nios2-elf/lib/mhw-mulx\libc.a(lib_a-svfiprintf.o)
                0x000000000001ab3c                ___svfiprintf_internal_r
 .text          0x000000000001bb60        0x0 c:/intelfpga_pro/18.1/nios2eds/bin/gnu/h-x86_64-mingw32/bin/../lib/gcc/nios2-elf/7.3.1/../../../../../H-x86_64-mingw32/nios2-elf/lib/mhw-mulx\libc.a(lib_a-svfiscanf.o)
 .text._sungetc_r
                0x000000000001bb60       0xf0 c:/intelfpga_pro/18.1/nios2eds/bin/gnu/h-x86_64-mingw32/bin/../lib/gcc/nios2-elf/7.3.1/../../../../../H-x86_64-mingw32/nios2-elf/lib/mhw-mulx\libc.a(lib_a-svfiscanf.o)
                0x000000000001bb60                _sungetc_r
 .text.__ssrefill_r
                0x000000000001bc50       0x70 c:/intelfpga_pro/18.1/nios2eds/bin/gnu/h-x86_64-mingw32/bin/../lib/gcc/nios2-elf/7.3.1/../../../../../H-x86_64-mingw32/nios2-elf/lib/mhw-mulx\libc.a(lib_a-svfiscanf.o)
                0x000000000001bc50                __ssrefill_r
 .text._sfread_r
                0x000000000001bcc0       0xf8 c:/intelfpga_pro/18.1/nios2eds/bin/gnu/h-x86_64-mingw32/bin/../lib/gcc/nios2-elf/7.3.1/../../../../../H-x86_64-mingw32/nios2-elf/lib/mhw-mulx\libc.a(lib_a-svfiscanf.o)
                0x000000000001bcc0                _sfread_r
 .text.__ssvfiscanf_r
                0x000000000001bdb8      0xf40 c:/intelfpga_pro/18.1/nios2eds/bin/gnu/h-x86_64-mingw32/bin/../lib/gcc/nios2-elf/7.3.1/../../../../../H-x86_64-mingw32/nios2-elf/lib/mhw-mulx\libc.a(lib_a-svfiscanf.o)
                0x000000000001bdb8                __ssvfiscanf_r
 .text          0x000000000001ccf8        0x0 c:/intelfpga_pro/18.1/nios2eds/bin/gnu/h-x86_64-mingw32/bin/../lib/gcc/nios2-elf/7.3.1/../../../../../H-x86_64-mingw32/nios2-elf/lib/mhw-mulx\libc.a(lib_a-ungetc.o)
 .text.__submore
                0x000000000001ccf8       0xd4 c:/intelfpga_pro/18.1/nios2eds/bin/gnu/h-x86_64-mingw32/bin/../lib/gcc/nios2-elf/7.3.1/../../../../../H-x86_64-mingw32/nios2-elf/lib/mhw-mulx\libc.a(lib_a-ungetc.o)
                0x000000000001ccf8                __submore
 .text._ungetc_r
                0x000000000001cdcc      0x184 c:/intelfpga_pro/18.1/nios2eds/bin/gnu/h-x86_64-mingw32/bin/../lib/gcc/nios2-elf/7.3.1/../../../../../H-x86_64-mingw32/nios2-elf/lib/mhw-mulx\libc.a(lib_a-ungetc.o)
                0x000000000001cdcc                _ungetc_r
 .text.ungetc   0x000000000001cf50       0x14 c:/intelfpga_pro/18.1/nios2eds/bin/gnu/h-x86_64-mingw32/bin/../lib/gcc/nios2-elf/7.3.1/../../../../../H-x86_64-mingw32/nios2-elf/lib/mhw-mulx\libc.a(lib_a-ungetc.o)
                0x000000000001cf50                ungetc
 .text          0x000000000001cf64        0x0 c:/intelfpga_pro/18.1/nios2eds/bin/gnu/h-x86_64-mingw32/bin/../lib/gcc/nios2-elf/7.3.1/../../../../../H-x86_64-mingw32/nios2-elf/lib/mhw-mulx\libc.a(lib_a-vfiprintf.o)
 .text.__sprint_r.part.0
                0x000000000001cf64       0xf4 c:/intelfpga_pro/18.1/nios2eds/bin/gnu/h-x86_64-mingw32/bin/../lib/gcc/nios2-elf/7.3.1/../../../../../H-x86_64-mingw32/nios2-elf/lib/mhw-mulx\libc.a(lib_a-vfiprintf.o)
 .text.__sprint_r
                0x000000000001d058       0x18 c:/intelfpga_pro/18.1/nios2eds/bin/gnu/h-x86_64-mingw32/bin/../lib/gcc/nios2-elf/7.3.1/../../../../../H-x86_64-mingw32/nios2-elf/lib/mhw-mulx\libc.a(lib_a-vfiprintf.o)
                0x000000000001d058                __sprint_r
 .text.___vfiprintf_internal_r
                0x000000000001d070     0x1220 c:/intelfpga_pro/18.1/nios2eds/bin/gnu/h-x86_64-mingw32/bin/../lib/gcc/nios2-elf/7.3.1/../../../../../H-x86_64-mingw32/nios2-elf/lib/mhw-mulx\libc.a(lib_a-vfiprintf.o)
                0x000000000001d070                ___vfiprintf_internal_r
 .text.__vfiprintf_internal
                0x000000000001e290       0x18 c:/intelfpga_pro/18.1/nios2eds/bin/gnu/h-x86_64-mingw32/bin/../lib/gcc/nios2-elf/7.3.1/../../../../../H-x86_64-mingw32/nios2-elf/lib/mhw-mulx\libc.a(lib_a-vfiprintf.o)
                0x000000000001e290                __vfiprintf_internal
 .text.__sbprintf
                0x000000000001e2a8       0xc0 c:/intelfpga_pro/18.1/nios2eds/bin/gnu/h-x86_64-mingw32/bin/../lib/gcc/nios2-elf/7.3.1/../../../../../H-x86_64-mingw32/nios2-elf/lib/mhw-mulx\libc.a(lib_a-vfiprintf.o)
 .text          0x000000000001e368        0x0 c:/intelfpga_pro/18.1/nios2eds/bin/gnu/h-x86_64-mingw32/bin/../lib/gcc/nios2-elf/7.3.1/../../../../../H-x86_64-mingw32/nios2-elf/lib/mhw-mulx\libc.a(lib_a-wbuf.o)
 .text.__swbuf_r
                0x000000000001e368      0x148 c:/intelfpga_pro/18.1/nios2eds/bin/gnu/h-x86_64-mingw32/bin/../lib/gcc/nios2-elf/7.3.1/../../../../../H-x86_64-mingw32/nios2-elf/lib/mhw-mulx\libc.a(lib_a-wbuf.o)
                0x000000000001e368                __swbuf_r
 .text.__swbuf  0x000000000001e4b0       0x14 c:/intelfpga_pro/18.1/nios2eds/bin/gnu/h-x86_64-mingw32/bin/../lib/gcc/nios2-elf/7.3.1/../../../../../H-x86_64-mingw32/nios2-elf/lib/mhw-mulx\libc.a(lib_a-wbuf.o)
                0x000000000001e4b0                __swbuf
 .text          0x000000000001e4c4        0x0 c:/intelfpga_pro/18.1/nios2eds/bin/gnu/h-x86_64-mingw32/bin/../lib/gcc/nios2-elf/7.3.1/../../../../../H-x86_64-mingw32/nios2-elf/lib/mhw-mulx\libc.a(lib_a-writer.o)
 .text._write_r
                0x000000000001e4c4       0x64 c:/intelfpga_pro/18.1/nios2eds/bin/gnu/h-x86_64-mingw32/bin/../lib/gcc/nios2-elf/7.3.1/../../../../../H-x86_64-mingw32/nios2-elf/lib/mhw-mulx\libc.a(lib_a-writer.o)
                0x000000000001e4c4                _write_r
 .text          0x000000000001e528        0x0 c:/intelfpga_pro/18.1/nios2eds/bin/gnu/h-x86_64-mingw32/bin/../lib/gcc/nios2-elf/7.3.1/../../../../../H-x86_64-mingw32/nios2-elf/lib/mhw-mulx\libc.a(closer.o)
 .text._close_r
                0x000000000001e528       0x58 c:/intelfpga_pro/18.1/nios2eds/bin/gnu/h-x86_64-mingw32/bin/../lib/gcc/nios2-elf/7.3.1/../../../../../H-x86_64-mingw32/nios2-elf/lib/mhw-mulx\libc.a(closer.o)
                0x000000000001e528                _close_r
 .text          0x000000000001e580        0x0 c:/intelfpga_pro/18.1/nios2eds/bin/gnu/h-x86_64-mingw32/bin/../lib/gcc/nios2-elf/7.3.1/../../../../../H-x86_64-mingw32/nios2-elf/lib/mhw-mulx\libc.a(lib_a-environ.o)
 .text          0x000000000001e580        0x0 c:/intelfpga_pro/18.1/nios2eds/bin/gnu/h-x86_64-mingw32/bin/../lib/gcc/nios2-elf/7.3.1/../../../../../H-x86_64-mingw32/nios2-elf/lib/mhw-mulx\libc.a(lib_a-fclose.o)
 .text._fclose_r
                0x000000000001e580       0xf0 c:/intelfpga_pro/18.1/nios2eds/bin/gnu/h-x86_64-mingw32/bin/../lib/gcc/nios2-elf/7.3.1/../../../../../H-x86_64-mingw32/nios2-elf/lib/mhw-mulx\libc.a(lib_a-fclose.o)
                0x000000000001e580                _fclose_r
 .text.fclose   0x000000000001e670       0x10 c:/intelfpga_pro/18.1/nios2eds/bin/gnu/h-x86_64-mingw32/bin/../lib/gcc/nios2-elf/7.3.1/../../../../../H-x86_64-mingw32/nios2-elf/lib/mhw-mulx\libc.a(lib_a-fclose.o)
                0x000000000001e670                fclose
 .text          0x000000000001e680        0x0 c:/intelfpga_pro/18.1/nios2eds/bin/gnu/h-x86_64-mingw32/bin/../lib/gcc/nios2-elf/7.3.1/../../../../../H-x86_64-mingw32/nios2-elf/lib/mhw-mulx\libc.a(lib_a-fputwc.o)
 .text.__fputwc
                0x000000000001e680      0x164 c:/intelfpga_pro/18.1/nios2eds/bin/gnu/h-x86_64-mingw32/bin/../lib/gcc/nios2-elf/7.3.1/../../../../../H-x86_64-mingw32/nios2-elf/lib/mhw-mulx\libc.a(lib_a-fputwc.o)
                0x000000000001e680                __fputwc
 .text._fputwc_r
                0x000000000001e7e4       0x24 c:/intelfpga_pro/18.1/nios2eds/bin/gnu/h-x86_64-mingw32/bin/../lib/gcc/nios2-elf/7.3.1/../../../../../H-x86_64-mingw32/nios2-elf/lib/mhw-mulx\libc.a(lib_a-fputwc.o)
                0x000000000001e7e4                _fputwc_r
 .text.fputwc   0x000000000001e808       0x7c c:/intelfpga_pro/18.1/nios2eds/bin/gnu/h-x86_64-mingw32/bin/../lib/gcc/nios2-elf/7.3.1/../../../../../H-x86_64-mingw32/nios2-elf/lib/mhw-mulx\libc.a(lib_a-fputwc.o)
                0x000000000001e808                fputwc
 .text          0x000000000001e884        0x0 c:/intelfpga_pro/18.1/nios2eds/bin/gnu/h-x86_64-mingw32/bin/../lib/gcc/nios2-elf/7.3.1/../../../../../H-x86_64-mingw32/nios2-elf/lib/mhw-mulx\libc.a(lib_a-fstatr.o)
 .text._fstat_r
                0x000000000001e884       0x60 c:/intelfpga_pro/18.1/nios2eds/bin/gnu/h-x86_64-mingw32/bin/../lib/gcc/nios2-elf/7.3.1/../../../../../H-x86_64-mingw32/nios2-elf/lib/mhw-mulx\libc.a(lib_a-fstatr.o)
                0x000000000001e884                _fstat_r
 .text          0x000000000001e8e4        0x0 c:/intelfpga_pro/18.1/nios2eds/bin/gnu/h-x86_64-mingw32/bin/../lib/gcc/nios2-elf/7.3.1/../../../../../H-x86_64-mingw32/nios2-elf/lib/mhw-mulx\libc.a(lib_a-isattyr.o)
 .text._isatty_r
                0x000000000001e8e4       0x58 c:/intelfpga_pro/18.1/nios2eds/bin/gnu/h-x86_64-mingw32/bin/../lib/gcc/nios2-elf/7.3.1/../../../../../H-x86_64-mingw32/nios2-elf/lib/mhw-mulx\libc.a(lib_a-isattyr.o)
                0x000000000001e8e4                _isatty_r
 .text          0x000000000001e93c        0x0 c:/intelfpga_pro/18.1/nios2eds/bin/gnu/h-x86_64-mingw32/bin/../lib/gcc/nios2-elf/7.3.1/../../../../../H-x86_64-mingw32/nios2-elf/lib/mhw-mulx\libc.a(lib_a-iswspace.o)
 .text.iswspace
                0x000000000001e93c       0x40 c:/intelfpga_pro/18.1/nios2eds/bin/gnu/h-x86_64-mingw32/bin/../lib/gcc/nios2-elf/7.3.1/../../../../../H-x86_64-mingw32/nios2-elf/lib/mhw-mulx\libc.a(lib_a-iswspace.o)
                0x000000000001e93c                iswspace
 .text          0x000000000001e97c        0x0 c:/intelfpga_pro/18.1/nios2eds/bin/gnu/h-x86_64-mingw32/bin/../lib/gcc/nios2-elf/7.3.1/../../../../../H-x86_64-mingw32/nios2-elf/lib/mhw-mulx\libc.a(lib_a-lseekr.o)
 .text._lseek_r
                0x000000000001e97c       0x64 c:/intelfpga_pro/18.1/nios2eds/bin/gnu/h-x86_64-mingw32/bin/../lib/gcc/nios2-elf/7.3.1/../../../../../H-x86_64-mingw32/nios2-elf/lib/mhw-mulx\libc.a(lib_a-lseekr.o)
                0x000000000001e97c                _lseek_r
 .text          0x000000000001e9e0        0x0 c:/intelfpga_pro/18.1/nios2eds/bin/gnu/h-x86_64-mingw32/bin/../lib/gcc/nios2-elf/7.3.1/../../../../../H-x86_64-mingw32/nios2-elf/lib/mhw-mulx\libc.a(lib_a-mbrtowc.o)
 .text._mbrtowc_r
                0x000000000001e9e0       0xb0 c:/intelfpga_pro/18.1/nios2eds/bin/gnu/h-x86_64-mingw32/bin/../lib/gcc/nios2-elf/7.3.1/../../../../../H-x86_64-mingw32/nios2-elf/lib/mhw-mulx\libc.a(lib_a-mbrtowc.o)
                0x000000000001e9e0                _mbrtowc_r
 .text.mbrtowc  0x000000000001ea90       0xb8 c:/intelfpga_pro/18.1/nios2eds/bin/gnu/h-x86_64-mingw32/bin/../lib/gcc/nios2-elf/7.3.1/../../../../../H-x86_64-mingw32/nios2-elf/lib/mhw-mulx\libc.a(lib_a-mbrtowc.o)
                0x000000000001ea90                mbrtowc
 .text          0x000000000001eb48        0x0 c:/intelfpga_pro/18.1/nios2eds/bin/gnu/h-x86_64-mingw32/bin/../lib/gcc/nios2-elf/7.3.1/../../../../../H-x86_64-mingw32/nios2-elf/lib/mhw-mulx\libc.a(lib_a-readr.o)
 .text._read_r  0x000000000001eb48       0x64 c:/intelfpga_pro/18.1/nios2eds/bin/gnu/h-x86_64-mingw32/bin/../lib/gcc/nios2-elf/7.3.1/../../../../../H-x86_64-mingw32/nios2-elf/lib/mhw-mulx\libc.a(lib_a-readr.o)
                0x000000000001eb48                _read_r
 .text          0x000000000001ebac        0x0 c:/intelfpga_pro/18.1/nios2eds/bin/gnu/h-x86_64-mingw32/bin/../lib/gcc/nios2-elf/7.3.1/../../../../../H-x86_64-mingw32/nios2-elf/lib/mhw-mulx\libc.a(lib_a-sccl.o)
 .text.__sccl   0x000000000001ebac       0xd0 c:/intelfpga_pro/18.1/nios2eds/bin/gnu/h-x86_64-mingw32/bin/../lib/gcc/nios2-elf/7.3.1/../../../../../H-x86_64-mingw32/nios2-elf/lib/mhw-mulx\libc.a(lib_a-sccl.o)
                0x000000000001ebac                __sccl
 .text          0x000000000001ec7c        0x0 c:/intelfpga_pro/18.1/nios2eds/bin/gnu/h-x86_64-mingw32/bin/../lib/gcc/nios2-elf/7.3.1/../../../../../H-x86_64-mingw32/nios2-elf/lib/mhw-mulx\libc.a(lib_a-strtol.o)
 .text._strtol_l.isra.0
                0x000000000001ec7c      0x230 c:/intelfpga_pro/18.1/nios2eds/bin/gnu/h-x86_64-mingw32/bin/../lib/gcc/nios2-elf/7.3.1/../../../../../H-x86_64-mingw32/nios2-elf/lib/mhw-mulx\libc.a(lib_a-strtol.o)
 .text._strtol_r
                0x000000000001eeac       0x34 c:/intelfpga_pro/18.1/nios2eds/bin/gnu/h-x86_64-mingw32/bin/../lib/gcc/nios2-elf/7.3.1/../../../../../H-x86_64-mingw32/nios2-elf/lib/mhw-mulx\libc.a(lib_a-strtol.o)
                0x000000000001eeac                _strtol_r
 .text.strtol_l
                0x000000000001eee0       0x30 c:/intelfpga_pro/18.1/nios2eds/bin/gnu/h-x86_64-mingw32/bin/../lib/gcc/nios2-elf/7.3.1/../../../../../H-x86_64-mingw32/nios2-elf/lib/mhw-mulx\libc.a(lib_a-strtol.o)
                0x000000000001eee0                strtol_l
 .text.strtol   0x000000000001ef10       0x44 c:/intelfpga_pro/18.1/nios2eds/bin/gnu/h-x86_64-mingw32/bin/../lib/gcc/nios2-elf/7.3.1/../../../../../H-x86_64-mingw32/nios2-elf/lib/mhw-mulx\libc.a(lib_a-strtol.o)
                0x000000000001ef10                strtol
 .text          0x000000000001ef54        0x0 c:/intelfpga_pro/18.1/nios2eds/bin/gnu/h-x86_64-mingw32/bin/../lib/gcc/nios2-elf/7.3.1/../../../../../H-x86_64-mingw32/nios2-elf/lib/mhw-mulx\libc.a(lib_a-strtoll.o)
 .text._strtoll_l.isra.0
                0x000000000001ef54      0x2d4 c:/intelfpga_pro/18.1/nios2eds/bin/gnu/h-x86_64-mingw32/bin/../lib/gcc/nios2-elf/7.3.1/../../../../../H-x86_64-mingw32/nios2-elf/lib/mhw-mulx\libc.a(lib_a-strtoll.o)
 .text._strtoll_r
                0x000000000001f228       0x34 c:/intelfpga_pro/18.1/nios2eds/bin/gnu/h-x86_64-mingw32/bin/../lib/gcc/nios2-elf/7.3.1/../../../../../H-x86_64-mingw32/nios2-elf/lib/mhw-mulx\libc.a(lib_a-strtoll.o)
                0x000000000001f228                _strtoll_r
 .text.strtoll_l
                0x000000000001f25c       0x30 c:/intelfpga_pro/18.1/nios2eds/bin/gnu/h-x86_64-mingw32/bin/../lib/gcc/nios2-elf/7.3.1/../../../../../H-x86_64-mingw32/nios2-elf/lib/mhw-mulx\libc.a(lib_a-strtoll.o)
                0x000000000001f25c                strtoll_l
 .text.strtoll  0x000000000001f28c       0x44 c:/intelfpga_pro/18.1/nios2eds/bin/gnu/h-x86_64-mingw32/bin/../lib/gcc/nios2-elf/7.3.1/../../../../../H-x86_64-mingw32/nios2-elf/lib/mhw-mulx\libc.a(lib_a-strtoll.o)
                0x000000000001f28c                strtoll
 .text          0x000000000001f2d0        0x0 c:/intelfpga_pro/18.1/nios2eds/bin/gnu/h-x86_64-mingw32/bin/../lib/gcc/nios2-elf/7.3.1/../../../../../H-x86_64-mingw32/nios2-elf/lib/mhw-mulx\libc.a(lib_a-strtoull.o)
 .text._strtoull_l.isra.0
                0x000000000001f2d0      0x318 c:/intelfpga_pro/18.1/nios2eds/bin/gnu/h-x86_64-mingw32/bin/../lib/gcc/nios2-elf/7.3.1/../../../../../H-x86_64-mingw32/nios2-elf/lib/mhw-mulx\libc.a(lib_a-strtoull.o)
 .text._strtoull_r
                0x000000000001f5e8       0x34 c:/intelfpga_pro/18.1/nios2eds/bin/gnu/h-x86_64-mingw32/bin/../lib/gcc/nios2-elf/7.3.1/../../../../../H-x86_64-mingw32/nios2-elf/lib/mhw-mulx\libc.a(lib_a-strtoull.o)
                0x000000000001f5e8                _strtoull_r
 .text.strtoull_l
                0x000000000001f61c       0x30 c:/intelfpga_pro/18.1/nios2eds/bin/gnu/h-x86_64-mingw32/bin/../lib/gcc/nios2-elf/7.3.1/../../../../../H-x86_64-mingw32/nios2-elf/lib/mhw-mulx\libc.a(lib_a-strtoull.o)
                0x000000000001f61c                strtoull_l
 .text.strtoull
                0x000000000001f64c       0x44 c:/intelfpga_pro/18.1/nios2eds/bin/gnu/h-x86_64-mingw32/bin/../lib/gcc/nios2-elf/7.3.1/../../../../../H-x86_64-mingw32/nios2-elf/lib/mhw-mulx\libc.a(lib_a-strtoull.o)
                0x000000000001f64c                strtoull
 .text          0x000000000001f690        0x0 c:/intelfpga_pro/18.1/nios2eds/bin/gnu/h-x86_64-mingw32/bin/../lib/gcc/nios2-elf/7.3.1/../../../../../H-x86_64-mingw32/nios2-elf/lib/mhw-mulx\libc.a(lib_a-wcrtomb.o)
 .text._wcrtomb_r
                0x000000000001f690       0xa8 c:/intelfpga_pro/18.1/nios2eds/bin/gnu/h-x86_64-mingw32/bin/../lib/gcc/nios2-elf/7.3.1/../../../../../H-x86_64-mingw32/nios2-elf/lib/mhw-mulx\libc.a(lib_a-wcrtomb.o)
                0x000000000001f690                _wcrtomb_r
 .text.wcrtomb  0x000000000001f738       0xac c:/intelfpga_pro/18.1/nios2eds/bin/gnu/h-x86_64-mingw32/bin/../lib/gcc/nios2-elf/7.3.1/../../../../../H-x86_64-mingw32/nios2-elf/lib/mhw-mulx\libc.a(lib_a-wcrtomb.o)
                0x000000000001f738                wcrtomb
 .text          0x000000000001f7e4       0x80 c:/intelfpga_pro/18.1/nios2eds/bin/gnu/h-x86_64-mingw32/bin/../lib/gcc/nios2-elf/7.3.1/mhw-mulx\libgcc.a(eqdf2.o)
                0x000000000001f7e4                __nedf2
                0x000000000001f7e4                __eqdf2
 .text          0x000000000001f864       0xe0 c:/intelfpga_pro/18.1/nios2eds/bin/gnu/h-x86_64-mingw32/bin/../lib/gcc/nios2-elf/7.3.1/mhw-mulx\libgcc.a(ledf2.o)
                0x000000000001f864                __ledf2
                0x000000000001f864                __ltdf2
 .text          0x000000000001f944       0x54 c:/intelfpga_pro/18.1/nios2eds/bin/gnu/h-x86_64-mingw32/bin/../lib/gcc/nios2-elf/7.3.1/mhw-mulx\libgcc.a(unorddf2.o)
                0x000000000001f944                __unorddf2
 .text          0x000000000001f998       0xc8 c:/intelfpga_pro/18.1/nios2eds/bin/gnu/h-x86_64-mingw32/bin/../lib/gcc/nios2-elf/7.3.1/mhw-mulx\libgcc.a(floatsidf.o)
                0x000000000001f998                __floatsidf
 .text          0x000000000001fa60      0x10c C:/Developer/fpga/ArrowESC/Cyclone10GX_Demo/software/Cyclone10GX_Demo_bsp/\libhal_bsp.a(alt_close.o)
                0x000000000001fa9c                close
 .text          0x000000000001fb6c       0x60 C:/Developer/fpga/ArrowESC/Cyclone10GX_Demo/software/Cyclone10GX_Demo_bsp/\libhal_bsp.a(alt_dev.o)
                0x000000000001fb98                alt_dev_reg
 .text          0x000000000001fbcc       0xe0 C:/Developer/fpga/ArrowESC/Cyclone10GX_Demo/software/Cyclone10GX_Demo_bsp/\libhal_bsp.a(alt_dev_llist_insert.o)
                0x000000000001fc08                alt_dev_llist_insert
 .text          0x000000000001fcac       0x48 C:/Developer/fpga/ArrowESC/Cyclone10GX_Demo/software/Cyclone10GX_Demo_bsp/\libhal_bsp.a(alt_env_lock.o)
                0x000000000001fcac                __env_lock
                0x000000000001fcd0                __env_unlock
 .text          0x000000000001fcf4        0x0 C:/Developer/fpga/ArrowESC/Cyclone10GX_Demo/software/Cyclone10GX_Demo_bsp/\libhal_bsp.a(alt_errno.o)
 .text          0x000000000001fcf4       0xec C:/Developer/fpga/ArrowESC/Cyclone10GX_Demo/software/Cyclone10GX_Demo_bsp/\libhal_bsp.a(alt_fstat.o)
                0x000000000001fd30                fstat
 .text          0x000000000001fde0       0x34 C:/Developer/fpga/ArrowESC/Cyclone10GX_Demo/software/Cyclone10GX_Demo_bsp/\libhal_bsp.a(alt_icache_flush_all.o)
                0x000000000001fde0                alt_icache_flush_all
 .text          0x000000000001fe14       0xe4 C:/Developer/fpga/ArrowESC/Cyclone10GX_Demo/software/Cyclone10GX_Demo_bsp/\libhal_bsp.a(alt_isatty.o)
                0x000000000001fe50                isatty
 .text          0x000000000001fef8       0xec C:/Developer/fpga/ArrowESC/Cyclone10GX_Demo/software/Cyclone10GX_Demo_bsp/\libhal_bsp.a(alt_load.o)
                0x000000000001ff60                alt_load
 .text          0x000000000001ffe4      0x110 C:/Developer/fpga/ArrowESC/Cyclone10GX_Demo/software/Cyclone10GX_Demo_bsp/\libhal_bsp.a(alt_lseek.o)
                0x0000000000020020                lseek
 .text          0x00000000000200f4       0x7c C:/Developer/fpga/ArrowESC/Cyclone10GX_Demo/software/Cyclone10GX_Demo_bsp/\libhal_bsp.a(alt_main.o)
                0x00000000000200f4                alt_main
 .text          0x0000000000020170       0x48 C:/Developer/fpga/ArrowESC/Cyclone10GX_Demo/software/Cyclone10GX_Demo_bsp/\libhal_bsp.a(alt_malloc_lock.o)
                0x0000000000020170                __malloc_lock
                0x0000000000020194                __malloc_unlock
 .text          0x00000000000201b8      0x22c C:/Developer/fpga/ArrowESC/Cyclone10GX_Demo/software/Cyclone10GX_Demo_bsp/\libhal_bsp.a(alt_printf.o)
                0x00000000000201b8                alt_printf
 .text          0x00000000000203e4       0x30 C:/Developer/fpga/ArrowESC/Cyclone10GX_Demo/software/Cyclone10GX_Demo_bsp/\libhal_bsp.a(alt_putchar.o)
                0x00000000000203e4                alt_putchar
 .text          0x0000000000020414      0x138 C:/Developer/fpga/ArrowESC/Cyclone10GX_Demo/software/Cyclone10GX_Demo_bsp/\libhal_bsp.a(alt_read.o)
                0x0000000000020450                read
 .text          0x000000000002054c       0x58 C:/Developer/fpga/ArrowESC/Cyclone10GX_Demo/software/Cyclone10GX_Demo_bsp/\libhal_bsp.a(alt_release_fd.o)
                0x000000000002054c                alt_release_fd
 .text          0x00000000000205a4       0xb0 C:/Developer/fpga/ArrowESC/Cyclone10GX_Demo/software/Cyclone10GX_Demo_bsp/\libhal_bsp.a(alt_sbrk.o)
                0x00000000000205a4                sbrk
 .text          0x0000000000020654       0x30 C:/Developer/fpga/ArrowESC/Cyclone10GX_Demo/software/Cyclone10GX_Demo_bsp/\libhal_bsp.a(alt_usleep.o)
                0x0000000000020654                usleep
 .text          0x0000000000020684      0x134 C:/Developer/fpga/ArrowESC/Cyclone10GX_Demo/software/Cyclone10GX_Demo_bsp/\libhal_bsp.a(alt_write.o)
                0x00000000000206c0                write
 .text          0x00000000000207b8       0xb4 C:/Developer/fpga/ArrowESC/Cyclone10GX_Demo/software/Cyclone10GX_Demo_bsp/\libhal_bsp.a(alt_sys_init.o)
                0x00000000000207b8                alt_irq_init
                0x00000000000207f0                alt_sys_init
 .text          0x000000000002086c     0x1bf0 C:/Developer/fpga/ArrowESC/Cyclone10GX_Demo/software/Cyclone10GX_Demo_bsp/\libhal_bsp.a(altera_avalon_i2c.o)
                0x000000000002097c                alt_avalon_i2c_register_optional_irq_handler
                0x0000000000020a68                alt_avalon_i2c_register_callback
                0x0000000000020abc                alt_avalon_i2c_init
                0x0000000000020ba8                alt_avalon_i2c_open
                0x0000000000020be8                alt_avalon_i2c_enable
                0x0000000000020c80                alt_avalon_i2c_disable
                0x0000000000020ccc                alt_avalon_i2c_master_config_get
                0x0000000000020d7c                alt_avalon_i2c_master_config_set
                0x0000000000020e48                alt_avalon_i2c_master_config_speed_get
                0x0000000000020ecc                alt_avalon_i2c_master_config_speed_set
                0x0000000000020fb8                alt_avalon_i2c_is_busy
                0x0000000000020ffc                alt_avalon_i2c_rx_read_available
                0x00000000000210a8                alt_avalon_i2c_rx_read
                0x0000000000021150                alt_avalon_i2c_cmd_write
                0x000000000002123c                alt_avalon_i2c_send_address
                0x000000000002132c                alt_avalon_i2c_master_target_get
                0x0000000000021364                alt_avalon_i2c_master_target_set
                0x0000000000021398                alt_avalon_i2c_check_nack
                0x00000000000213e4                alt_avalon_i2c_check_arblost
                0x0000000000021430                alt_avalon_i2c_interrupt_transaction_status
                0x0000000000021564                alt_avalon_i2c_master_tx
                0x000000000002164c                alt_avalon_i2c_master_rx
                0x0000000000021788                alt_avalon_i2c_master_tx_rx
                0x0000000000021950                alt_avalon_i2c_master_transmit
                0x0000000000021b0c                alt_avalon_i2c_master_transmit_using_interrupts
                0x0000000000021d14                alt_avalon_i2c_master_receive
                0x0000000000021f20                alt_avalon_i2c_master_receive_using_interrupts
                0x000000000002210c                alt_avalon_i2c_int_status_get
                0x0000000000022164                alt_avalon_i2c_int_raw_status_get
                0x00000000000221a8                alt_avalon_i2c_int_clear
                0x00000000000221e4                alt_avalon_i2c_int_disable
                0x0000000000022250                alt_avalon_i2c_int_enable
                0x00000000000222b8                alt_avalon_i2c_enabled_ints_get
                0x00000000000222fc                alt_avalon_i2c_rx_fifo_threshold_get
                0x0000000000022348                alt_avalon_i2c_rx_fifo_threshold_set
                0x00000000000223ac                alt_avalon_i2c_tfr_cmd_fifo_threshold_get
                0x00000000000223f8                alt_avalon_i2c_tfr_cmd_fifo_threshold_set
 .text          0x000000000002245c      0x164 C:/Developer/fpga/ArrowESC/Cyclone10GX_Demo/software/Cyclone10GX_Demo_bsp/\libhal_bsp.a(altera_avalon_jtag_uart_fd.o)
                0x000000000002245c                altera_avalon_jtag_uart_read_fd
                0x00000000000224bc                altera_avalon_jtag_uart_write_fd
                0x000000000002251c                altera_avalon_jtag_uart_close_fd
                0x000000000002256c                altera_avalon_jtag_uart_ioctl_fd
 .text          0x00000000000225c0      0x3e0 C:/Developer/fpga/ArrowESC/Cyclone10GX_Demo/software/Cyclone10GX_Demo_bsp/\libhal_bsp.a(altera_avalon_jtag_uart_init.o)
                0x00000000000225c0                altera_avalon_jtag_uart_init
                0x0000000000022938                altera_avalon_jtag_uart_close
 .text          0x00000000000229a0       0xf0 C:/Developer/fpga/ArrowESC/Cyclone10GX_Demo/software/Cyclone10GX_Demo_bsp/\libhal_bsp.a(altera_avalon_jtag_uart_ioctl.o)
                0x00000000000229a0                altera_avalon_jtag_uart_ioctl